Component: Arm Compiler for Embedded 6.18 Tool: armlink [5e4cc100]

==============================================================================

Section Cross References

    main.o(.ARM.exidx.text.PLL_Config) refers to main.o(.text.PLL_Config) for [Anonymous Symbol]
    main.o(.text.delay3) refers to system_stm32f4xx.o(.data.SystemCoreClock) for SystemCoreClock
    main.o(.ARM.exidx.text.delay3) refers to main.o(.text.delay3) for [Anonymous Symbol]
    main.o(.ARM.exidx.text.read_adc) refers to main.o(.text.read_adc) for [Anonymous Symbol]
    main.o(.text.main) refers to led.o(.text.LED_INIT) for LED_INIT
    main.o(.text.main) refers to adc.o(.text.Init_ADC) for Init_ADC
    main.o(.text.main) refers to dac.o(.text.DAC_INIT) for DAC_INIT
    main.o(.text.main) refers to lcd.o(.text.LCD_INIT) for LCD_INIT
    main.o(.text.main) refers to tim.o(.text.Init_Timer2) for Init_Timer2
    main.o(.text.main) refers to usart.o(.text.Init_USART) for Init_USART
    main.o(.text.main) refers to main.o(.text.PLL_Config) for PLL_Config
    main.o(.text.main) refers to system_stm32f4xx.o(.text.SystemCoreClockUpdate) for SystemCoreClockUpdate
    main.o(.text.main) refers to dac.o(.text.DAC2_DC) for DAC2_DC
    main.o(.text.main) refers to lcd.o(.text.SHOWHR) for SHOWHR
    main.o(.text.main) refers to usart.o(.text.display_volts) for display_volts
    main.o(.text.main) refers to tim.o(.text.Delay) for Delay
    main.o(.ARM.exidx.text.main) refers to main.o(.text.main) for [Anonymous Symbol]
    led.o(.ARM.exidx.text.LED_INIT) refers to led.o(.text.LED_INIT) for [Anonymous Symbol]
    led.o(.ARM.exidx.text.ONBOARD_LED_ON) refers to led.o(.text.ONBOARD_LED_ON) for [Anonymous Symbol]
    led.o(.ARM.exidx.text.ONBOARD_LED_OFF) refers to led.o(.text.ONBOARD_LED_OFF) for [Anonymous Symbol]
    led.o(.ARM.exidx.text.OFFBOARD_LED_ON) refers to led.o(.text.OFFBOARD_LED_ON) for [Anonymous Symbol]
    led.o(.ARM.exidx.text.OFFBOARD_LED_OFF) refers to led.o(.text.OFFBOARD_LED_OFF) for [Anonymous Symbol]
    dac.o(.ARM.exidx.text.DAC_INIT) refers to dac.o(.text.DAC_INIT) for [Anonymous Symbol]
    dac.o(.ARM.exidx.text.DAC2_DC) refers to dac.o(.text.DAC2_DC) for [Anonymous Symbol]
    lcd.o(.text.lcd_delayus) refers to system_stm32f4xx.o(.data.SystemCoreClock) for SystemCoreClock
    lcd.o(.ARM.exidx.text.lcd_delayus) refers to lcd.o(.text.lcd_delayus) for [Anonymous Symbol]
    lcd.o(.text.WaitLcdBusy) refers to lcd.o(.text.lcd_delayus) for lcd_delayus
    lcd.o(.ARM.exidx.text.WaitLcdBusy) refers to lcd.o(.text.WaitLcdBusy) for [Anonymous Symbol]
    lcd.o(.text.printLCD) refers to lcd.o(.text.putLCD) for putLCD
    lcd.o(.ARM.exidx.text.printLCD) refers to lcd.o(.text.printLCD) for [Anonymous Symbol]
    lcd.o(.text.putLCD) refers to lcd.o(.text.WaitLcdBusy) for WaitLcdBusy
    lcd.o(.text.putLCD) refers to lcd.o(.text.set_LCD_data) for set_LCD_data
    lcd.o(.text.putLCD) refers to lcd.o(.text.LCD_strobe) for LCD_strobe
    lcd.o(.ARM.exidx.text.putLCD) refers to lcd.o(.text.putLCD) for [Anonymous Symbol]
    lcd.o(.text.SHOWHR) refers to lcd.o(.rodata.str1.1) for .L.str
    lcd.o(.text.SHOWHR) refers to sprintf.o(.text) for sprintf
    lcd.o(.text.SHOWHR) refers to lcd.o(.text.cmdLCD) for cmdLCD
    lcd.o(.text.SHOWHR) refers to lcd.o(.text.printLCD) for printLCD
    lcd.o(.ARM.exidx.text.SHOWHR) refers to lcd.o(.text.SHOWHR) for [Anonymous Symbol]
    lcd.o(.text.cmdLCD) refers to lcd.o(.text.WaitLcdBusy) for WaitLcdBusy
    lcd.o(.text.cmdLCD) refers to lcd.o(.text.set_LCD_data) for set_LCD_data
    lcd.o(.text.cmdLCD) refers to lcd.o(.text.LCD_strobe) for LCD_strobe
    lcd.o(.ARM.exidx.text.cmdLCD) refers to lcd.o(.text.cmdLCD) for [Anonymous Symbol]
    lcd.o(.ARM.exidx.text.set_LCD_data) refers to lcd.o(.text.set_LCD_data) for [Anonymous Symbol]
    lcd.o(.text.LCD_strobe) refers to lcd.o(.text.lcd_delayus) for lcd_delayus
    lcd.o(.ARM.exidx.text.LCD_strobe) refers to lcd.o(.text.LCD_strobe) for [Anonymous Symbol]
    lcd.o(.text.LCD_INIT) refers to system_stm32f4xx.o(.text.SystemCoreClockUpdate) for SystemCoreClockUpdate
    lcd.o(.text.LCD_INIT) refers to lcd.o(.text.lcd_delayus) for lcd_delayus
    lcd.o(.text.LCD_INIT) refers to lcd.o(.text.cmdLCD) for cmdLCD
    lcd.o(.text.LCD_INIT) refers to lcd.o(.rodata.str1.1) for .L.str.1
    lcd.o(.text.LCD_INIT) refers to lcd.o(.text.printLCD) for printLCD
    lcd.o(.ARM.exidx.text.LCD_INIT) refers to lcd.o(.text.LCD_INIT) for [Anonymous Symbol]
    adc.o(.ARM.exidx.text.Init_ADC) refers to adc.o(.text.Init_ADC) for [Anonymous Symbol]
    tim.o(.ARM.exidx.text.Init_Timer2) refers to tim.o(.text.Init_Timer2) for [Anonymous Symbol]
    tim.o(.text.Delay) refers to tim.o(.bss.timer_tick) for timer_tick
    tim.o(.ARM.exidx.text.Delay) refers to tim.o(.text.Delay) for [Anonymous Symbol]
    tim.o(.text.TIM2_IRQHandler) refers to tim.o(.bss.timer_tick) for timer_tick
    tim.o(.ARM.exidx.text.TIM2_IRQHandler) refers to tim.o(.text.TIM2_IRQHandler) for [Anonymous Symbol]
[...]
    ../clib/printf_percent.s                 0x00000000   Number         0  _printf_g.o ABSOLUTE
    ../clib/printf_percent.s                 0x00000000   Number         0  _printf_a.o ABSOLUTE
    ../clib/printf_percent.s                 0x00000000   Number         0  _printf_percent.o ABSOLUTE
    ../clib/printf_percent.s                 0x00000000   Number         0  _printf_lli.o ABSOLUTE
    ../clib/printf_percent.s                 0x00000000   Number         0  _printf_lld.o ABSOLUTE
    ../clib/printf_percent.s                 0x00000000   Number         0  _printf_llu.o ABSOLUTE
    ../clib/printf_percent.s                 0x00000000   Number         0  _printf_ll.o ABSOLUTE
    ../clib/printf_percent.s                 0x00000000   Number         0  _printf_l.o ABSOLUTE
    ../clib/printf_percent.s                 0x00000000   Number         0  _printf_lc.o ABSOLUTE
    ../clib/printf_percent.s                 0x00000000   Number         0  _printf_ls.o ABSOLUTE
    ../clib/printf_percent.s                 0x00000000   Number         0  _printf_llo.o ABSOLUTE
    ../clib/printf_percent.s                 0x00000000   Number         0  _printf_llx.o ABSOLUTE
    ../clib/printf_percent.s                 0x00000000   Number         0  _printf_percent_end.o ABSOLUTE
    ../clib/signal.c                         0x00000000   Number         0  defsig_rtmem_outer.o ABSOLUTE
    ../clib/signal.c                         0x00000000   Number         0  defsig_rtmem_formal.o ABSOLUTE
    ../clib/signal.c                         0x00000000   Number         0  defsig_exit.o ABSOLUTE
    ../clib/signal.c                         0x00000000   Number         0  defsig_rtmem_inner.o ABSOLUTE
    ../clib/signal.c                         0x00000000   Number         0  __raise.o ABSOLUTE
    ../clib/signal.c                         0x00000000   Number         0  defsig_general.o ABSOLUTE
    ../clib/signal.c                         0x00000000   Number         0  defsig_abrt_inner.o ABSOLUTE
    ../clib/signal.c                         0x00000000   Number         0  defsig_fpe_inner.o ABSOLUTE
    ../clib/signal.c                         0x00000000   Number         0  defsig_rtred_inner.o ABSOLUTE
    ../clib/signal.c                         0x00000000   Number         0  defsig_stak_inner.o ABSOLUTE
    ../clib/signal.c                         0x00000000   Number         0  defsig_pvfn_inner.o ABSOLUTE
    ../clib/signal.c                         0x00000000   Number         0  defsig_cppl_inner.o ABSOLUTE
    ../clib/signal.c                         0x00000000   Number         0  defsig_segv_inner.o ABSOLUTE
    ../clib/signal.c                         0x00000000   Number         0  defsig_other.o ABSOLUTE
    ../clib/signal.s                         0x00000000   Number         0  defsig.o ABSOLUTE
    ../clib/stdlib.c                         0x00000000   Number         0  exit.o ABSOLUTE
    ../fplib/d2f.s                           0x00000000   Number         0  d2f.o ABSOLUTE
    ../fplib/ddiv.s                          0x00000000   Number         0  ddiv.o ABSOLUTE
    ../fplib/dflt.s                          0x00000000   Number         0  dflt_clz.o ABSOLUTE
    ../fplib/dmul.s                          0x00000000   Number         0  dmul.o ABSOLUTE
    ../fplib/dnaninf.s                       0x00000000   Number         0  dnaninf.o ABSOLUTE
    ../fplib/dretinf.s                       0x00000000   Number         0  dretinf.o ABSOLUTE
    ../fplib/f2d.s                           0x00000000   Number         0  f2d.o ABSOLUTE
    ../fplib/fnaninf.s                       0x00000000   Number         0  fnaninf.o ABSOLUTE
    ../fplib/fpinit.s                        0x00000000   Number         0  fpinit.o ABSOLUTE
    ../fplib/fretinf.s                       0x00000000   Number         0  fretinf.o ABSOLUTE
    ../fplib/istatus.s                       0x00000000   Number         0  istatus.o ABSOLUTE
    ../fplib/printf1.s                       0x00000000   Number         0  printf1.o ABSOLUTE
    ../fplib/printf2.s                       0x00000000   Number         0  printf2.o ABSOLUTE
    ../fplib/printf2a.s                      0x00000000   Number         0  printf2a.o ABSOLUTE
    ../fplib/printf2b.s                      0x00000000   Number         0  printf2b.o ABSOLUTE
    ../fplib/usenofp.s                       0x00000000   Number         0  usenofp.o ABSOLUTE
    ../mathlib/fpclassify.c                  0x00000000   Number         0  fpclassify.o ABSOLUTE
    ADC.c                                    0x00000000   Number         0  adc.o ABSOLUTE
    DAC.c                                    0x00000000   Number         0  dac.o ABSOLUTE
    LCD.c                                    0x00000000   Number         0  lcd.o ABSOLUTE
    LED.c                                    0x00000000   Number         0  led.o ABSOLUTE
    RTE/Device/STM32F429ZITx/startup_stm32f429xx.s 0x00000000   Number         0  startup_stm32f429xx.o ABSOLUTE
    TIM.c                                    0x00000000   Number         0  tim.o ABSOLUTE
    USART.c                                  0x00000000   Number         0  usart.o ABSOLUTE
    dc.s                                     0x00000000   Number         0  dc.o ABSOLUTE
    main.c                                   0x00000000   Number         0  main.o ABSOLUTE
    system_stm32f4xx.c                       0x00000000   Number         0  system_stm32f4xx.o ABSOLUTE
    RESET                                    0x08000000   Section      428  startup_stm32f429xx.o(RESET)
    !!!main                                  0x080001ac   Section        8  __main.o(!!!main)
    !!!scatter                               0x080001b4   Section       52  __scatter.o(!!!scatter)
    !!handler_copy                           0x080001e8   Section       26  __scatter_copy.o(!!handler_copy)
    !!handler_zi                             0x08000204   Section       28  __scatter_zi.o(!!handler_zi)
    .ARM.Collect$$_printf_percent$$00000000  0x08000220   Section        0  _printf_percent.o(.ARM.Collect$$_printf_percent$$00000000)
    .ARM.Collect$$_printf_percent$$00000001  0x08000220   Section        6  _printf_n.o(.ARM.Collect$$_printf_percent$$00000001)
    .ARM.Collect$$_printf_percent$$00000002  0x08000226   Section        6  _printf_p.o(.ARM.Collect$$_printf_percent$$00000002)
    .ARM.Collect$$_printf_percent$$00000003  0x0800022c   Section        6  _printf_f.o(.ARM.Collect$$_printf_percent$$00000003)
    .ARM.Collect$$_printf_percent$$00000004  0x08000232   Section        6  _printf_e.o(.ARM.Collect$$_printf_percent$$00000004)
    .ARM.Collect$$_printf_percent$$00000005  0x08000238   Section        6  _printf_g.o(.ARM.Collect$$_printf_percent$$00000005)
    .ARM.Collect$$_printf_percent$$00000006  0x0800023e   Section        6  _printf_a.o(.ARM.Collect$$_printf_percent$$00000006)
    .ARM.Collect$$_printf_percent$$00000007  0x08000244   Section       10  _printf_ll.o(.ARM.Collect$$_printf_percent$$00000007)
    .ARM.Collect$$_printf_percent$$00000008  0x0800024e   Section        6  _printf_i.o(.ARM.Collect$$_printf_percent$$00000008)
    .ARM.Collect$$_printf_percent$$00000009  0x08000254   Section        6  _printf_d.o(.ARM.Collect$$_printf_percent$$00000009)
    .ARM.Collect$$_printf_percent$$0000000A  0x0800025a   Section        6  _printf_u.o(.ARM.Collect$$_printf_percent$$0000000A)
    .ARM.Collect$$_printf_percent$$0000000B  0x08000260   Section        6  _printf_o.o(.ARM.Collect$$_printf_percent$$0000000B)
    .ARM.Collect$$_printf_percent$$0000000C  0x08000266   Section        6  _printf_x.o(.ARM.Collect$$_printf_percent$$0000000C)
    .ARM.Collect$$_printf_percent$$0000000D  0x0800026c   Section        6  _printf_lli.o(.ARM.Collect$$_printf_percent$$0000000D)
    .ARM.Collect$$_printf_percent$$0000000E  0x08000272   Section        6  _printf_lld.o(.ARM.Collect$$_printf_percent$$0000000E)
    .ARM.Collect$$_printf_percent$$0000000F  0x08000278   Section        6  _printf_llu.o(.ARM.Collect$$_printf_percent$$0000000F)
    .ARM.Collect$$_printf_percent$$00000010  0x0800027e   Section        6  _printf_llo.o(.ARM.Collect$$_printf_percent$$00000010)
    .ARM.Collect$$_printf_percent$$00000011  0x08000284   Section        6  _printf_llx.o(.ARM.Collect$$_printf_percent$$00000011)
    .ARM.Collect$$_printf_percent$$00000012  0x0800028a   Section       10  _printf_l.o(.ARM.Collect$$_printf_percent$$00000012)
    .ARM.Collect$$_printf_percent$$00000013  0x08000294   Section        6  _printf_c.o(.ARM.Collect$$_printf_percent$$00000013)
    .ARM.Collect$$_printf_percent$$00000014  0x0800029a   Section        6  _printf_s.o(.ARM.Collect$$_printf_percent$$00000014)
    .ARM.Collect$$_printf_percent$$00000015  0x080002a0   Section        6  _printf_lc.o(.ARM.Collect$$_printf_percent$$00000015)
    .ARM.Collect$$_printf_percent$$00000016  0x080002a6   Section        6  _printf_ls.o(.ARM.Collect$$_printf_percent$$00000016)
    .ARM.Collect$$_printf_percent$$00000017  0x080002ac   Section        4  _printf_percent_end.o(.ARM.Collect$$_printf_percent$$00000017)
    .ARM.Collect$$libinit$$00000000          0x080002b0   Section        2  libinit.o(.ARM.Collect$$libinit$$00000000)
    .ARM.Collect$$libinit$$00000001          0x080002b2   Section        4  libinit2.o(.ARM.Collect$$libinit$$00000001)
    .ARM.Collect$$libinit$$00000004          0x080002b6   Section        0  libinit2.o(.ARM.Collect$$libinit$$00000004)
    .ARM.Collect$$libinit$$00000006          0x080002b6   Section        0  libinit2.o(.ARM.Collect$$libinit$$00000006)
    .ARM.Collect$$libinit$$0000000C          0x080002b6   Section        0  libinit2.o(.ARM.Collect$$libinit$$0000000C)
    .ARM.Collect$$libinit$$0000000E          0x080002b6   Section        0  libinit2.o(.ARM.Collect$$libinit$$0000000E)
    .ARM.Collect$$libinit$$00000010          0x080002b6   Section        0  libinit2.o(.ARM.Collect$$libinit$$00000010)
    .ARM.Collect$$libinit$$00000011          0x080002b6   Section        6  libinit2.o(.ARM.Collect$$libinit$$00000011)
    .ARM.Collect$$libinit$$00000013          0x080002bc   Section        0  libinit2.o(.ARM.Collect$$libinit$$00000013)
    .ARM.Collect$$libinit$$00000014          0x080002bc   Section       12  libinit2.o(.ARM.Collect$$libinit$$00000014)
    .ARM.Collect$$libinit$$00000015          0x080002c8   Section        0  libinit2.o(.ARM.Collect$$libinit$$00000015)
    .ARM.Collect$$libinit$$00000017          0x080002c8   Section        0  libinit2.o(.ARM.Collect$$libinit$$00000017)
    .ARM.Collect$$libinit$$00000018          0x080002c8   Section       10  libinit2.o(.ARM.Collect$$libinit$$00000018)
    .ARM.Collect$$libinit$$00000019          0x080002d2   Section        0  libinit2.o(.ARM.Collect$$libinit$$00000019)
    .ARM.Collect$$libinit$$0000001B          0x080002d2   Section        0  libinit2.o(.ARM.Collect$$libinit$$0000001B)
    .ARM.Collect$$libinit$$0000001D          0x080002d2   Section        0  libinit2.o(.ARM.Collect$$libinit$$0000001D)
    .ARM.Collect$$libinit$$0000001F          0x080002d2   Section        0  libinit2.o(.ARM.Collect$$libinit$$0000001F)
    .ARM.Collect$$libinit$$00000021          0x080002d2   Section        0  libinit2.o(.ARM.Collect$$libinit$$00000021)
    .ARM.Collect$$libinit$$00000023          0x080002d2   Section        0  libinit2.o(.ARM.Collect$$libinit$$00000023)
    .ARM.Collect$$libinit$$00000025          0x080002d2   Section        0  libinit2.o(.ARM.Collect$$libinit$$00000025)
    .ARM.Collect$$libinit$$00000027          0x080002d2   Section        0  libinit2.o(.ARM.Collect$$libinit$$00000027)
    .ARM.Collect$$libinit$$0000002E          0x080002d2   Section        0  libinit2.o(.ARM.Collect$$libinit$$0000002E)
    .ARM.Collect$$libinit$$00000030          0x080002d2   Section        0  libinit2.o(.ARM.Collect$$libinit$$00000030)
    .ARM.Collect$$libinit$$00000032          0x080002d2   Section        0  libinit2.o(.ARM.Collect$$libinit$$00000032)
    .ARM.Collect$$libinit$$00000034          0x080002d2   Section        0  libinit2.o(.ARM.Collect$$libinit$$00000034)
    .ARM.Collect$$libinit$$00000035          0x080002d2   Section        2  libinit2.o(.ARM.Collect$$libinit$$00000035)
    .ARM.Collect$$libshutdown$$00000000      0x080002d4   Section        2  libshutdown.o(.ARM.Collect$$libshutdown$$00000000)
    .ARM.Collect$$libshutdown$$00000002      0x080002d6   Section        0  libshutdown2.o(.ARM.Collect$$libshutdown$$00000002)
    .ARM.Collect$$libshutdown$$00000004      0x080002d6   Section        0  libshutdown2.o(.ARM.Collect$$libshutdown$$00000004)
    .ARM.Collect$$libshutdown$$00000007      0x080002d6   Section        0  libshutdown2.o(.ARM.Collect$$libshutdown$$00000007)
    .ARM.Collect$$libshutdown$$0000000A      0x080002d6   Section        0  libshutdown2.o(.ARM.Collect$$libshutdown$$0000000A)
    .ARM.Collect$$libshutdown$$0000000C      0x080002d6   Section        0  libshutdown2.o(.ARM.Collect$$libshutdown$$0000000C)
    .ARM.Collect$$libshutdown$$0000000F      0x080002d6   Section        0  libshutdown2.o(.ARM.Collect$$libshutdown$$0000000F)
    .ARM.Collect$$libshutdown$$00000010      0x080002d6   Section        2  libshutdown2.o(.ARM.Collect$$libshutdown$$00000010)
    .ARM.Collect$$rtentry$$00000000          0x080002d8   Section        0  __rtentry.o(.ARM.Collect$$rtentry$$00000000)
    .ARM.Collect$$rtentry$$00000002          0x080002d8   Section        0  __rtentry2.o(.ARM.Collect$$rtentry$$00000002)
    .ARM.Collect$$rtentry$$00000004          0x080002d8   Section        6  __rtentry4.o(.ARM.Collect$$rtentry$$00000004)
    .ARM.Collect$$rtentry$$00000009          0x080002de   Section        0  __rtentry2.o(.ARM.Collect$$rtentry$$00000009)
    .ARM.Collect$$rtentry$$0000000A          0x080002de   Section        4  __rtentry2.o(.ARM.Collect$$rtentry$$0000000A)
    .ARM.Collect$$rtentry$$0000000C          0x080002e2   Section        0  __rtentry2.o(.ARM.Collect$$rtentry$$0000000C)
    .ARM.Collect$$rtentry$$0000000D          0x080002e2   Section        8  __rtentry2.o(.ARM.Collect$$rtentry$$0000000D)
    .ARM.Collect$$rtexit$$00000000           0x080002ea   Section        2  rtexit.o(.ARM.Collect$$rtexit$$00000000)
    .ARM.Collect$$rtexit$$00000002           0x080002ec   Section        0  rtexit2.o(.ARM.Collect$$rtexit$$00000002)
    .ARM.Collect$$rtexit$$00000003           0x080002ec   Section        4  rtexit2.o(.ARM.Collect$$rtexit$$00000003)
    .ARM.Collect$$rtexit$$00000004           0x080002f0   Section        6  rtexit2.o(.ARM.Collect$$rtexit$$00000004)
    $v0                                      0x080002f8   Number         0  startup_stm32f429xx.o(.text)
    .text                                    0x080002f8   Section       64  startup_stm32f429xx.o(.text)
    .text                                    0x08000338   Section        0  sprintf.o(.text)
    .text                                    0x08000364   Section        0  heapauxi.o(.text)
    .text                                    0x0800036a   Section        0  _printf_pad.o(.text)
    .text                                    0x080003b8   Section        0  _printf_truncate.o(.text)
    .text                                    0x080003dc   Section        0  _printf_str.o(.text)
    .text                                    0x08000430   Section        0  _printf_dec.o(.text)
    .text                                    0x080004a8   Section        0  _printf_charcount.o(.text)
    _printf_input_char                       0x080004d1   Thumb Code    10  _printf_char_common.o(.text)
    .text                                    0x080004d0   Section        0  _printf_char_common.o(.text)
    .text                                    0x08000500   Section        0  _sputc.o(.text)
    .text                                    0x0800050c   Section        0  _printf_wctomb.o(.text)
    .text                                    0x080005c8   Section        0  _printf_longlong_dec.o(.text)
    _printf_longlong_oct_internal            0x08000645   Thumb Code     0  _printf_oct_int_ll.o(.text)
    .text                                    0x08000644   Section        0  _printf_oct_int_ll.o(.text)
    _printf_hex_common                       0x080006b5   Thumb Code     0  _printf_hex_int_ll_ptr.o(.text)
    .text                                    0x080006b4   Section        0  _printf_hex_int_ll_ptr.o(.text)
    .text                                    0x08000748   Section        0  __printf_flags_ss_wp.o(.text)
    .text                                    0x080008d0   Section      138  lludiv10.o(.text)
    .text                                    0x0800095a   Section        0  _printf_intcommon.o(.text)
    _fp_digits                               0x08000a0d   Thumb Code   432  _printf_fp_dec.o(.text)
    .text                                    0x08000a0c   Section        0  _printf_fp_dec.o(.text)
    .text                                    0x08000e28   Section        0  _printf_fp_hex.o(.text)
    .text                                    0x08001124   Section        0  _printf_char.o(.text)
    .text                                    0x08001150   Section        0  _printf_wchar.o(.text)
    .text                                    0x0800117c   Section        0  _c32rtomb.o(.text)
    .text                                    0x080011c4   Section       74  sys_stackheap_outer.o(.text)
    .text                                    0x08001210   Section       16  rt_ctype_table.o(.text)
    .text                                    0x08001220   Section        8  rt_locale_intlibspace.o(.text)
    .text                                    0x08001228   Section        0  _printf_fp_infnan.o(.text)
    .text                                    0x080012a8   Section        0  bigflt0.o(.text)
    .text                                    0x0800138c   Section        0  exit.o(.text)
    .text                                    0x080013a0   Section        8  libspace.o(.text)
    .text                                    0x080013a8   Section      124  strcmpv7em.o(.text)
    .text                                    0x08001424   Section        0  sys_exit.o(.text)
    .text                                    0x08001430   Section        2  use_no_semi.o(.text)
    .text                                    0x08001432   Section        0  indicate_semi.o(.text)
    [Anonymous Symbol]                       0x08001434   Section        0  dac.o(.text.DAC2_DC)
    [Anonymous Symbol]                       0x08001454   Section        0  dac.o(.text.DAC_INIT)
    [Anonymous Symbol]                       0x08001494   Section        0  tim.o(.text.Delay)
    [Anonymous Symbol]                       0x080014c4   Section        0  adc.o(.text.Init_ADC)
    [Anonymous Symbol]                       0x08001528   Section        0  tim.o(.text.Init_Timer2)
    [Anonymous Symbol]                       0x08001584   Section        0  usart.o(.text.Init_USART)
    [Anonymous Symbol]                       0x0800165c   Section        0  lcd.o(.text.LCD_INIT)
    [Anonymous Symbol]                       0x080016e4   Section        0  lcd.o(.text.LCD_strobe)
    [Anonymous Symbol]                       0x08001714   Section        0  led.o(.text.LED_INIT)
    [Anonymous Symbol]                       0x08001800   Section        0  main.o(.text.PLL_Config)
    [Anonymous Symbol]                       0x080018b4   Section        0  lcd.o(.text.SHOWHR)
    [Anonymous Symbol]                       0x080018e4   Section        0  system_stm32f4xx.o(.text.SystemCoreClockUpdate)
    [Anonymous Symbol]                       0x08001a14   Section        0  system_stm32f4xx.o(.text.SystemInit)
    [Anonymous Symbol]                       0x08001a84   Section        0  tim.o(.text.TIM2_IRQHandler)
    [Anonymous Symbol]                       0x08001aa4   Section        0  lcd.o(.text.WaitLcdBusy)
    [Anonymous Symbol]                       0x08001b38   Section        0  lcd.o(.text.cmdLCD)
    [Anonymous Symbol]                       0x08001b68   Section        0  usart.o(.text.display_volts)
    [Anonymous Symbol]                       0x08001c70   Section        0  lcd.o(.text.lcd_delayus)
    [Anonymous Symbol]                       0x08001cc0   Section        0  main.o(.text.main)
    [Anonymous Symbol]                       0x08001d04   Section        0  lcd.o(.text.printLCD)
    [Anonymous Symbol]                       0x08001d28   Section        0  lcd.o(.text.putLCD)
    [Anonymous Symbol]                       0x08001d58   Section        0  usart.o(.text.send_string)
    [Anonymous Symbol]                       0x08001d84   Section        0  usart.o(.text.send_usart)
    [Anonymous Symbol]                       0x08001dc8   Section        0  lcd.o(.text.set_LCD_data)
    CL$$btod_d2e                             0x08001de2   Section       62  btod.o(CL$$btod_d2e)
    CL$$btod_d2e_denorm_low                  0x08001e20   Section       70  btod.o(CL$$btod_d2e_denorm_low)
    CL$$btod_d2e_norm_op1                    0x08001e66   Section       96  btod.o(CL$$btod_d2e_norm_op1)
    CL$$btod_div_common                      0x08001ec8   Section      824  btod.o(CL$$btod_div_common)
    CL$$btod_e2e                             0x08002200   Section      220  btod.o(CL$$btod_e2e)
    CL$$btod_ediv                            0x080022dc   Section       42  btod.o(CL$$btod_ediv)
    CL$$btod_emul                            0x08002306   Section       42  btod.o(CL$$btod_emul)
    CL$$btod_mult_common                     0x08002330   Section      580  btod.o(CL$$btod_mult_common)
    i.__ARM_fpclassify                       0x08002574   Section        0  fpclassify.o(i.__ARM_fpclassify)
    i._is_digit                              0x080025a4   Section        0  __printf_wp.o(i._is_digit)
    locale$$code                             0x080025b4   Section       44  lc_numeric_c.o(locale$$code)
    locale$$code                             0x080025e0   Section       44  lc_ctype_c.o(locale$$code)
    $v0                                      0x0800260c   Number         0  d2f.o(x$fpl$d2f)
    x$fpl$d2f                                0x0800260c   Section       98  d2f.o(x$fpl$d2f)
    $v0                                      0x08002670   Number         0  ddiv.o(x$fpl$ddiv)
    x$fpl$ddiv                               0x08002670   Section      692  ddiv.o(x$fpl$ddiv)
    ddiv_entry                               0x08002677   Thumb Code     0  ddiv.o(x$fpl$ddiv)
    $v0                                      0x08002924   Number         0  dflt_clz.o(x$fpl$dflt)
    x$fpl$dflt                               0x08002924   Section       46  dflt_clz.o(x$fpl$dflt)
    $v0                                      0x08002954   Number         0  dmul.o(x$fpl$dmul)
    x$fpl$dmul                               0x08002954   Section      340  dmul.o(x$fpl$dmul)
    $v0                                      0x08002aa8   Number         0  dnaninf.o(x$fpl$dnaninf)
    x$fpl$dnaninf                            0x08002aa8   Section      156  dnaninf.o(x$fpl$dnaninf)
    $v0                                      0x08002b44   Number         0  dretinf.o(x$fpl$dretinf)
    x$fpl$dretinf                            0x08002b44   Section       12  dretinf.o(x$fpl$dretinf)
    $v0                                      0x08002b50   Number         0  f2d.o(x$fpl$f2d)
    x$fpl$f2d                                0x08002b50   Section       86  f2d.o(x$fpl$f2d)
    $v0                                      0x08002ba6   Number         0  fnaninf.o(x$fpl$fnaninf)
    x$fpl$fnaninf                            0x08002ba6   Section      140  fnaninf.o(x$fpl$fnaninf)
    $v0                                      0x08002c32   Number         0  fpinit.o(x$fpl$fpinit)
    x$fpl$fpinit                             0x08002c32   Section       26  fpinit.o(x$fpl$fpinit)
    $v0                                      0x08002c4c   Number         0  fretinf.o(x$fpl$fretinf)
    x$fpl$fretinf                            0x08002c4c   Section       10  fretinf.o(x$fpl$fretinf)
    $v0                                      0x08002c56   Number         0  printf1.o(x$fpl$printf1)
    x$fpl$printf1                            0x08002c56   Section        4  printf1.o(x$fpl$printf1)
    $v0                                      0x08002c5a   Number         0  printf2.o(x$fpl$printf2)
    x$fpl$printf2                            0x08002c5a   Section        4  printf2.o(x$fpl$printf2)
    x$fpl$usenofp                            0x08002c5e   Section        0  usenofp.o(x$fpl$usenofp)
    initial_mbstate                          0x08002c60   Data           8  _printf_wctomb.o(.constdata)
    .constdata                               0x08002c60   Section        8  _printf_wctomb.o(.constdata)
    uc_hextab                                0x08002c68   Data          20  _printf_hex_int_ll_ptr.o(.constdata)
    .constdata                               0x08002c68   Section       40  _printf_hex_int_ll_ptr.o(.constdata)
    lc_hextab                                0x08002c7c   Data          20  _printf_hex_int_ll_ptr.o(.constdata)
    maptable                                 0x08002c90   Data          17  __printf_flags_ss_wp.o(.constdata)
    .constdata                               0x08002c90   Section       17  __printf_flags_ss_wp.o(.constdata)
    lc_hextab                                0x08002ca1   Data          19  _printf_fp_hex.o(.constdata)
    .constdata                               0x08002ca1   Section       38  _printf_fp_hex.o(.constdata)
    uc_hextab                                0x08002cb4   Data          19  _printf_fp_hex.o(.constdata)
    tenpwrs_x                                0x08002cc8   Data          60  bigflt0.o(.constdata)
    .constdata                               0x08002cc8   Section      148  bigflt0.o(.constdata)
    tenpwrs_i                                0x08002d04   Data          64  bigflt0.o(.constdata)
    .L.str                                   0x08002d6c   Data          15  lcd.o(.rodata.str1.1)
    [Anonymous Symbol]                       0x08002d6c   Section        0  lcd.o(.rodata.str1.1)
    .L.str.1                                 0x08002d7b   Data           6  lcd.o(.rodata.str1.1)
    .L.str.3                                 0x08002d81   Data           4  usart.o(.rodata.str1.1)
    [Anonymous Symbol]                       0x08002d81   Section        0  usart.o(.rodata.str1.1)
    .L.str.1                                 0x08002d85   Data           9  usart.o(.rodata.str1.1)
    .L.str                                   0x08002d8e   Data           8  usart.o(.rodata.str1.1)
    .L.str.2                                 0x08002d96   Data           5  usart.o(.rodata.str1.1)
    locale$$data                             0x08002dbc   Section       28  lc_numeric_c.o(locale$$data)
    __lcnum_c_name                           0x08002dc0   Data           2  lc_numeric_c.o(locale$$data)
    __lcnum_c_start                          0x08002dc8   Data           0  lc_numeric_c.o(locale$$data)
    __lcnum_c_point                          0x08002dd4   Data           0  lc_numeric_c.o(locale$$data)
    __lcnum_c_thousands                      0x08002dd6   Data           0  lc_numeric_c.o(locale$$data)
    __lcnum_c_grouping                       0x08002dd7   Data           0  lc_numeric_c.o(locale$$data)
    __lcnum_c_end                            0x08002dd8   Data           0  lc_numeric_c.o(locale$$data)
    locale$$data                             0x08002dd8   Section      272  lc_ctype_c.o(locale$$data)
    __lcctype_c_name                         0x08002ddc   Data           2  lc_ctype_c.o(locale$$data)
    __lcctype_c_start                        0x08002de4   Data           0  lc_ctype_c.o(locale$$data)
    __lcctype_c_end                          0x08002ee8   Data           0  lc_ctype_c.o(locale$$data)
    .bss                                     0x20000008   Section       96  libspace.o(.bss)
    Heap_Mem                                 0x20000078   Data         512  startup_stm32f429xx.o(HEAP)
    HEAP                                     0x20000078   Section      512  startup_stm32f429xx.o(HEAP)
    Stack_Mem                                0x20000278   Data        1024  startup_stm32f429xx.o(STACK)
    STACK                                    0x20000278   Section     1024  startup_stm32f429xx.o(STACK)
    __initial_sp                             0x20000678   Data           0  startup_stm32f429xx.o(STACK)

    Global Symbols

    Symbol Name                              Value     Ov Type        Size  Object(Section)

    BuildAttributes$$THM_ISAv4$E$P$D$K$B$S$7EM$VFPi3$EXTD16$VFPS$VFMA$PE$A:L22UL41UL21$X:L11$S22US41US21$IEEE1$IW$~IW$USESV6$~STKCKD$USESV7$WCHAR32$ENUMINT$~SHL$OTIME$ROPI$IEEEJ$EBA8$UX$STANDARDLIB$REQ8$PRES8$EABIv2 0x00000000   Number         0  anon$$obj.o ABSOLUTE
    _printf_flags                            0x00000000   Number         0  printf_stubs.o ABSOLUTE
    _printf_return_value                     0x00000000   Number         0  printf_stubs.o ABSOLUTE
    _printf_sizespec                         0x00000000   Number         0  printf_stubs.o ABSOLUTE
    _printf_widthprec                        0x00000000   Number         0  printf_stubs.o ABSOLUTE
    __ARM_exceptions_init                     - Undefined Weak Reference
    __alloca_initialize                       - Undefined Weak Reference
    __arm_preinit_                            - Undefined Weak Reference
    __arm_relocate_pie_                       - Undefined Weak Reference
    __cpp_initialize__aeabi_                  - Undefined Weak Reference
    __cxa_finalize                            - Undefined Weak Reference
    __sigvec_lookup                           - Undefined Weak Reference
    _atexit_init                              - Undefined Weak Reference
    _call_atexit_fns                          - Undefined Weak Reference
    _clock_init                               - Undefined Weak Reference
    _fp_trap_init                             - Undefined Weak Reference
    _fp_trap_shutdown                         - Undefined Weak Reference
    _get_lc_collate                           - Undefined Weak Reference
    _get_lc_monetary                          - Undefined Weak Reference
    _get_lc_time                              - Undefined Weak Reference
    _getenv_init                              - Undefined Weak Reference
    _handle_redirection                       - Undefined Weak Reference
    _init_alloc                               - Undefined Weak Reference
    _init_user_alloc                          - Undefined Weak Reference
    _initio                                   - Undefined Weak Reference
    _printf_mbtowc                            - Undefined Weak Reference
    _printf_wc                                - Undefined Weak Reference
    _rand_init                                - Undefined Weak Reference
    _signal_finish                            - Undefined Weak Reference
    _signal_init                              - Undefined Weak Reference
    _terminate_alloc                          - Undefined Weak Reference
    _terminate_user_alloc                     - Undefined Weak Reference
    _terminateio                              - Undefined Weak Reference
    __Vectors_Size                           0x000001ac   Number         0  startup_stm32f429xx.o ABSOLUTE
    __Vectors                                0x08000000   Data           4  startup_stm32f429xx.o(RESET)
    __Vectors_End                            0x080001ac   Data           0  startup_stm32f429xx.o(RESET)
    __main                                   0x080001ad   Thumb Code     8  __main.o(!!!main)
    __scatterload                            0x080001b5   Thumb Code     0  __scatter.o(!!!scatter)
    __scatterload_rt2                        0x080001b5   Thumb Code    44  __scatter.o(!!!scatter)
    __scatterload_rt2_thumb_only             0x080001b5   Thumb Code     0  __scatter.o(!!!scatter)
    __scatterload_null                       0x080001c3   Thumb Code     0  __scatter.o(!!!scatter)
    __scatterload_copy                       0x080001e9   Thumb Code    26  __scatter_copy.o(!!handler_copy)
    __scatterload_zeroinit                   0x08000205   Thumb Code    28  __scatter_zi.o(!!handler_zi)
    _printf_n                                0x08000221   Thumb Code     0  _printf_n.o(.ARM.Collect$$_printf_percent$$00000001)
    _printf_percent                          0x08000221   Thumb Code     0  _printf_percent.o(.ARM.Collect$$_printf_percent$$00000000)
    _printf_p                                0x08000227   Thumb Code     0  _printf_p.o(.ARM.Collect$$_printf_percent$$00000002)
    _printf_f                                0x0800022d   Thumb Code     0  _printf_f.o(.ARM.Collect$$_printf_percent$$00000003)
    _printf_e                                0x08000233   Thumb Code     0  _printf_e.o(.ARM.Collect$$_printf_percent$$00000004)
    _printf_g                                0x08000239   Thumb Code     0  _printf_g.o(.ARM.Collect$$_printf_percent$$00000005)
    _printf_a                                0x0800023f   Thumb Code     0  _printf_a.o(.ARM.Collect$$_printf_percent$$00000006)
    _printf_ll                               0x08000245   Thumb Code     0  _printf_ll.o(.ARM.Collect$$_printf_percent$$00000007)
    _printf_i                                0x0800024f   Thumb Code     0  _printf_i.o(.ARM.Collect$$_printf_percent$$00000008)
    _printf_d                                0x08000255   Thumb Code     0  _printf_d.o(.ARM.Collect$$_printf_percent$$00000009)
    _printf_u                                0x0800025b   Thumb Code     0  _printf_u.o(.ARM.Collect$$_printf_percent$$0000000A)
    _printf_o                                0x08000261   Thumb Code     0  _printf_o.o(.ARM.Collect$$_printf_percent$$0000000B)
    _printf_x                                0x08000267   Thumb Code     0  _printf_x.o(.ARM.Collect$$_printf_percent$$0000000C)
    _printf_lli                              0x0800026d   Thumb Code     0  _printf_lli.o(.ARM.Collect$$_printf_percent$$0000000D)
    _printf_lld                              0x08000273   Thumb Code     0  _printf_lld.o(.ARM.Collect$$_printf_percent$$0000000E)
    _printf_llu                              0x08000279   Thumb Code     0  _printf_llu.o(.ARM.Collect$$_printf_percent$$0000000F)
    _printf_llo                              0x0800027f   Thumb Code     0  _printf_llo.o(.ARM.Collect$$_printf_percent$$00000010)
    _printf_llx                              0x08000285   Thumb Code     0  _printf_llx.o(.ARM.Collect$$_printf_percent$$00000011)
    _printf_l                                0x0800028b   Thumb Code     0  _printf_l.o(.ARM.Collect$$_printf_percent$$00000012)
    _printf_c                                0x08000295   Thumb Code     0  _printf_c.o(.ARM.Collect$$_printf_percent$$00000013)
    _printf_s                                0x0800029b   Thumb Code     0  _printf_s.o(.ARM.Collect$$_printf_percent$$00000014)
    _printf_lc                               0x080002a1   Thumb Code     0  _printf_lc.o(.ARM.Collect$$_printf_percent$$00000015)
    _printf_ls                               0x080002a7   Thumb Code     0  _printf_ls.o(.ARM.Collect$$_printf_percent$$00000016)
    _printf_percent_end                      0x080002ad   Thumb Code     0  _printf_percent_end.o(.ARM.Collect$$_printf_percent$$00000017)
    __rt_lib_init                            0x080002b1   Thumb Code     0  libinit.o(.ARM.Collect$$libinit$$00000000)
    __rt_lib_init_fp_1                       0x080002b3   Thumb Code     0  libinit2.o(.ARM.Collect$$libinit$$00000001)
    __rt_lib_init_heap_1                     0x080002b7   Thumb Code     0  libinit2.o(.ARM.Collect$$libinit$$0000000C)
    __rt_lib_init_lc_common                  0x080002b7   Thumb Code     0  libinit2.o(.ARM.Collect$$libinit$$00000011)
    __rt_lib_init_preinit_1                  0x080002b7   Thumb Code     0  libinit2.o(.ARM.Collect$$libinit$$00000006)
    __rt_lib_init_rand_1                     0x080002b7   Thumb Code     0  libinit2.o(.ARM.Collect$$libinit$$00000010)
    __rt_lib_init_relocate_pie_1             0x080002b7   Thumb Code     0  libinit2.o(.ARM.Collect$$libinit$$00000004)
    __rt_lib_init_user_alloc_1               0x080002b7   Thumb Code     0  libinit2.o(.ARM.Collect$$libinit$$0000000E)
    __rt_lib_init_lc_collate_1               0x080002bd   Thumb Code     0  libinit2.o(.ARM.Collect$$libinit$$00000013)
    __rt_lib_init_lc_ctype_2                 0x080002bd   Thumb Code     0  libinit2.o(.ARM.Collect$$libinit$$00000014)
    __rt_lib_init_lc_ctype_1                 0x080002c9   Thumb Code     0  libinit2.o(.ARM.Collect$$libinit$$00000015)
    __rt_lib_init_lc_monetary_1              0x080002c9   Thumb Code     0  libinit2.o(.ARM.Collect$$libinit$$00000017)
    __rt_lib_init_lc_numeric_2               0x080002c9   Thumb Code     0  libinit2.o(.ARM.Collect$$libinit$$00000018)
    __rt_lib_init_alloca_1                   0x080002d3   Thumb Code     0  libinit2.o(.ARM.Collect$$libinit$$00000030)
    __rt_lib_init_argv_1                     0x080002d3   Thumb Code     0  libinit2.o(.ARM.Collect$$libinit$$0000002E)
    __rt_lib_init_atexit_1                   0x080002d3   Thumb Code     0  libinit2.o(.ARM.Collect$$libinit$$0000001D)
    __rt_lib_init_clock_1                    0x080002d3   Thumb Code     0  libinit2.o(.ARM.Collect$$libinit$$00000023)
    __rt_lib_init_cpp_1                      0x080002d3   Thumb Code     0  libinit2.o(.ARM.Collect$$libinit$$00000034)
    __rt_lib_init_exceptions_1               0x080002d3   Thumb Code     0  libinit2.o(.ARM.Collect$$libinit$$00000032)
    __rt_lib_init_fp_trap_1                  0x080002d3   Thumb Code     0  libinit2.o(.ARM.Collect$$libinit$$00000021)
    __rt_lib_init_getenv_1                   0x080002d3   Thumb Code     0  libinit2.o(.ARM.Collect$$libinit$$00000025)
    __rt_lib_init_lc_numeric_1               0x080002d3   Thumb Code     0  libinit2.o(.ARM.Collect$$libinit$$00000019)
    __rt_lib_init_lc_time_1                  0x080002d3   Thumb Code     0  libinit2.o(.ARM.Collect$$libinit$$0000001B)
    __rt_lib_init_return                     0x080002d3   Thumb Code     0  libinit2.o(.ARM.Collect$$libinit$$00000035)
    __rt_lib_init_signal_1                   0x080002d3   Thumb Code     0  libinit2.o(.ARM.Collect$$libinit$$0000001F)
    __rt_lib_init_stdio_1                    0x080002d3   Thumb Code     0  libinit2.o(.ARM.Collect$$libinit$$00000027)
    __rt_lib_shutdown                        0x080002d5   Thumb Code     0  libshutdown.o(.ARM.Collect$$libshutdown$$00000000)
    __rt_lib_shutdown_cpp_1                  0x080002d7   Thumb Code     0  libshutdown2.o(.ARM.Collect$$libshutdown$$00000002)
    __rt_lib_shutdown_fp_trap_1              0x080002d7   Thumb Code     0  libshutdown2.o(.ARM.Collect$$libshutdown$$00000007)
    __rt_lib_shutdown_heap_1                 0x080002d7   Thumb Code     0  libshutdown2.o(.ARM.Collect$$libshutdown$$0000000F)
    __rt_lib_shutdown_return                 0x080002d7   Thumb Code     0  libshutdown2.o(.ARM.Collect$$libshutdown$$00000010)
    __rt_lib_shutdown_signal_1               0x080002d7   Thumb Code     0  libshutdown2.o(.ARM.Collect$$libshutdown$$0000000A)
    __rt_lib_shutdown_stdio_1                0x080002d7   Thumb Code     0  libshutdown2.o(.ARM.Collect$$libshutdown$$00000004)
    __rt_lib_shutdown_user_alloc_1           0x080002d7   Thumb Code     0  libshutdown2.o(.ARM.Collect$$libshutdown$$0000000C)
    __rt_entry                               0x080002d9   Thumb Code     0  __rtentry.o(.ARM.Collect$$rtentry$$00000000)
    __rt_entry_presh_1                       0x080002d9   Thumb Code     0  __rtentry2.o(.ARM.Collect$$rtentry$$00000002)
    __rt_entry_sh                            0x080002d9   Thumb Code     0  __rtentry4.o(.ARM.Collect$$rtentry$$00000004)
    __rt_entry_li                            0x080002df   Thumb Code     0  __rtentry2.o(.ARM.Collect$$rtentry$$0000000A)
    __rt_entry_postsh_1                      0x080002df   Thumb Code     0  __rtentry2.o(.ARM.Collect$$rtentry$$00000009)
    __rt_entry_main                          0x080002e3   Thumb Code     0  __rtentry2.o(.ARM.Collect$$rtentry$$0000000D)
    __rt_entry_postli_1                      0x080002e3   Thumb Code     0  __rtentry2.o(.ARM.Collect$$rtentry$$0000000C)
    __rt_exit                                0x080002eb   Thumb Code     0  rtexit.o(.ARM.Collect$$rtexit$$00000000)
    __rt_exit_ls                             0x080002ed   Thumb Code     0  rtexit2.o(.ARM.Collect$$rtexit$$00000003)
    __rt_exit_prels_1                        0x080002ed   Thumb Code     0  rtexit2.o(.ARM.Collect$$rtexit$$00000002)
    __rt_exit_exit                           0x080002f1   Thumb Code     0  rtexit2.o(.ARM.Collect$$rtexit$$00000004)
    Reset_Handler                            0x080002f9   Thumb Code     8  startup_stm32f429xx.o(.text)
    NMI_Handler                              0x08000301   Thumb Code     2  startup_stm32f429xx.o(.text)
    HardFault_Handler                        0x08000303   Thumb Code     2  startup_stm32f429xx.o(.text)
    MemManage_Handler                        0x08000305   Thumb Code     2  startup_stm32f429xx.o(.text)
    BusFault_Handler                         0x08000307   Thumb Code     2  startup_stm32f429xx.o(.text)
    UsageFault_Handler                       0x08000309   Thumb Code     2  startup_stm32f429xx.o(.text)
    SVC_Handler                              0x0800030b   Thumb Code     2  startup_stm32f429xx.o(.text)
    DebugMon_Handler                         0x0800030d   Thumb Code     2  startup_stm32f429xx.o(.text)
    PendSV_Handler                           0x0800030f   Thumb Code     2  startup_stm32f429xx.o(.text)
    SysTick_Handler                          0x08000311   Thumb Code     2  startup_stm32f429xx.o(.text)
    ADC_IRQHandler                           0x08000313   Thumb Code     0  startup_stm32f429xx.o(.text)
    CAN1_RX0_IRQHandler                      0x08000313   Thumb Code     0  startup_stm32f429xx.o(.text)
    CAN1_RX1_IRQHandler                      0x08000313   Thumb Code     0  startup_stm32f429xx.o(.text)
    CAN1_SCE_IRQHandler                      0x08000313   Thumb Code     0  startup_stm32f429xx.o(.text)
    CAN1_TX_IRQHandler                       0x08000313   Thumb Code     0  startup_stm32f429xx.o(.text)
    CAN2_RX0_IRQHandler                      0x08000313   Thumb Code     0  startup_stm32f429xx.o(.text)
    CAN2_RX1_IRQHandler                      0x08000313   Thumb Code     0  startup_stm32f429xx.o(.text)
    CAN2_SCE_IRQHandler                      0x08000313   Thumb Code     0  startup_stm32f429xx.o(.text)
    CAN2_TX_IRQHandler                       0x08000313   Thumb Code     0  startup_stm32f429xx.o(.text)
    DCMI_IRQHandler                          0x08000313   Thumb Code     0  startup_stm32f429xx.o(.text)
    DMA1_Stream0_IRQHandler                  0x08000313   Thumb Code     0  startup_stm32f429xx.o(.text)
    DMA1_Stream1_IRQHandler                  0x08000313   Thumb Code     0  startup_stm32f429xx.o(.text)
    DMA1_Stream2_IRQHandler                  0x08000313   Thumb Code     0  startup_stm32f429xx.o(.text)
    DMA1_Stream3_IRQHandler                  0x08000313   Thumb Code     0  startup_stm32f429xx.o(.text)
    DMA1_Stream4_IRQHandler                  0x08000313   Thumb Code     0  startup_stm32f429xx.o(.text)
    DMA1_Stream5_IRQHandler                  0x08000313   Thumb Code     0  startup_stm32f429xx.o(.text)
    DMA1_Stream6_IRQHandler                  0x08000313   Thumb Code     0  startup_stm32f429xx.o(.text)
    DMA1_Stream7_IRQHandler                  0x08000313   Thumb Code     0  startup_stm32f429xx.o(.text)
    DMA2D_IRQHandler                         0x08000313   Thumb Code     0  startup_stm32f429xx.o(.text)
    DMA2_Stream0_IRQHandler                  0x08000313   Thumb Code     0  startup_stm32f429xx.o(.text)
    DMA2_Stream1_IRQHandler                  0x08000313   Thumb Code     0  startup_stm32f429xx.o(.text)
    DMA2_Stream2_IRQHandler                  0x08000313   Thumb Code     0  startup_stm32f429xx.o(.text)
    DMA2_Stream3_IRQHandler                  0x08000313   Thumb Code     0  startup_stm32f429xx.o(.text)
    DMA2_Stream4_IRQHandler                  0x08000313   Thumb Code     0  startup_stm32f429xx.o(.text)
    DMA2_Stream5_IRQHandler                  0x08000313   Thumb Code     0  startup_stm32f429xx.o(.text)
    DMA2_Stream6_IRQHandler                  0x08000313   Thumb Code     0  startup_stm32f429xx.o(.text)
    DMA2_Stream7_IRQHandler                  0x08000313   Thumb Code     0  startup_stm32f429xx.o(.text)
    ETH_IRQHandler                           0x08000313   Thumb Code     0  startup_stm32f429xx.o(.text)
    ETH_WKUP_IRQHandler                      0x08000313   Thumb Code     0  startup_stm32f429xx.o(.text)
    EXTI0_IRQHandler                         0x08000313   Thumb Code     0  startup_stm32f429xx.o(.text)
    EXTI15_10_IRQHandler                     0x08000313   Thumb Code     0  startup_stm32f429xx.o(.text)
    EXTI1_IRQHandler                         0x08000313   Thumb Code     0  startup_stm32f429xx.o(.text)
    EXTI2_IRQHandler                         0x08000313   Thumb Code     0  startup_stm32f429xx.o(.text)
    EXTI3_IRQHandler                         0x08000313   Thumb Code     0  startup_stm32f429xx.o(.text)
    EXTI4_IRQHandler                         0x08000313   Thumb Code     0  startup_stm32f429xx.o(.text)
    EXTI9_5_IRQHandler                       0x08000313   Thumb Code     0  startup_stm32f429xx.o(.text)
    FLASH_IRQHandler                         0x08000313   Thumb Code     0  startup_stm32f429xx.o(.text)
    FMC_IRQHandler                           0x08000313   Thumb Code     0  startup_stm32f429xx.o(.text)
    FPU_IRQHandler                           0x08000313   Thumb Code     0  startup_stm32f429xx.o(.text)
    HASH_RNG_IRQHandler                      0x08000313   Thumb Code     0  startup_stm32f429xx.o(.text)
    I2C1_ER_IRQHandler                       0x08000313   Thumb Code     0  startup_stm32f429xx.o(.text)
    I2C1_EV_IRQHandler                       0x08000313   Thumb Code     0  startup_stm32f429xx.o(.text)
    I2C2_ER_IRQHandler                       0x08000313   Thumb Code     0  startup_stm32f429xx.o(.text)
    I2C2_EV_IRQHandler                       0x08000313   Thumb Code     0  startup_stm32f429xx.o(.text)
    I2C3_ER_IRQHandler                       0x08000313   Thumb Code     0  startup_stm32f429xx.o(.text)
    I2C3_EV_IRQHandler                       0x08000313   Thumb Code     0  startup_stm32f429xx.o(.text)
    LTDC_ER_IRQHandler                       0x08000313   Thumb Code     0  startup_stm32f429xx.o(.text)
    LTDC_IRQHandler                          0x08000313   Thumb Code     0  startup_stm32f429xx.o(.text)
    OTG_FS_IRQHandler                        0x08000313   Thumb Code     0  startup_stm32f429xx.o(.text)
    OTG_FS_WKUP_IRQHandler                   0x08000313   Thumb Code     0  startup_stm32f429xx.o(.text)
    OTG_HS_EP1_IN_IRQHandler                 0x08000313   Thumb Code     0  startup_stm32f429xx.o(.text)
    OTG_HS_EP1_OUT_IRQHandler                0x08000313   Thumb Code     0  startup_stm32f429xx.o(.text)
    OTG_HS_IRQHandler                        0x08000313   Thumb Code     0  startup_stm32f429xx.o(.text)
    OTG_HS_WKUP_IRQHandler                   0x08000313   Thumb Code     0  startup_stm32f429xx.o(.text)
    PVD_IRQHandler                           0x08000313   Thumb Code     0  startup_stm32f429xx.o(.text)
    RCC_IRQHandler                           0x08000313   Thumb Code     0  startup_stm32f429xx.o(.text)
    RTC_Alarm_IRQHandler                     0x08000313   Thumb Code     0  startup_stm32f429xx.o(.text)
    RTC_WKUP_IRQHandler                      0x08000313   Thumb Code     0  startup_stm32f429xx.o(.text)
    SAI1_IRQHandler                          0x08000313   Thumb Code     0  startup_stm32f429xx.o(.text)
    SDIO_IRQHandler                          0x08000313   Thumb Code     0  startup_stm32f429xx.o(.text)
    SPI1_IRQHandler                          0x08000313   Thumb Code     0  startup_stm32f429xx.o(.text)
    SPI2_IRQHandler                          0x08000313   Thumb Code     0  startup_stm32f429xx.o(.text)
    SPI3_IRQHandler                          0x08000313   Thumb Code     0  startup_stm32f429xx.o(.text)
    SPI4_IRQHandler                          0x08000313   Thumb Code     0  startup_stm32f429xx.o(.text)
    SPI5_IRQHandler                          0x08000313   Thumb Code     0  startup_stm32f429xx.o(.text)
    SPI6_IRQHandler                          0x08000313   Thumb Code     0  startup_stm32f429xx.o(.text)
    TAMP_STAMP_IRQHandler                    0x08000313   Thumb Code     0  startup_stm32f429xx.o(.text)
    TIM1_BRK_TIM9_IRQHandler                 0x08000313   Thumb Code     0  startup_stm32f429xx.o(.text)
    TIM1_CC_IRQHandler                       0x08000313   Thumb Code     0  startup_stm32f429xx.o(.text)
    TIM1_TRG_COM_TIM11_IRQHandler            0x08000313   Thumb Code     0  startup_stm32f429xx.o(.text)
    TIM1_UP_TIM10_IRQHandler                 0x08000313   Thumb Code     0  startup_stm32f429xx.o(.text)
    TIM3_IRQHandler                          0x08000313   Thumb Code     0  startup_stm32f429xx.o(.text)
    TIM4_IRQHandler                          0x08000313   Thumb Code     0  startup_stm32f429xx.o(.text)
    TIM5_IRQHandler                          0x08000313   Thumb Code     0  startup_stm32f429xx.o(.text)
    TIM6_DAC_IRQHandler                      0x08000313   Thumb Code     0  startup_stm32f429xx.o(.text)
    TIM7_IRQHandler                          0x08000313   Thumb Code     0  startup_stm32f429xx.o(.text)
    TIM8_BRK_TIM12_IRQHandler                0x08000313   Thumb Code     0  startup_stm32f429xx.o(.text)
    TIM8_CC_IRQHandler                       0x08000313   Thumb Code     0  startup_stm32f429xx.o(.text)
    TIM8_TRG_COM_TIM14_IRQHandler            0x08000313   Thumb Code     0  startup_stm32f429xx.o(.text)
    TIM8_UP_TIM13_IRQHandler                 0x08000313   Thumb Code     0  startup_stm32f429xx.o(.text)
    UART4_IRQHandler                         0x08000313   Thumb Code     0  startup_stm32f429xx.o(.text)
    UART5_IRQHandler                         0x08000313   Thumb Code     0  startup_stm32f429xx.o(.text)
    UART7_IRQHandler                         0x08000313   Thumb Code     0  startup_stm32f429xx.o(.text)
    UART8_IRQHandler                         0x08000313   Thumb Code     0  startup_stm32f429xx.o(.text)
    USART1_IRQHandler                        0x08000313   Thumb Code     0  startup_stm32f429xx.o(.text)
    USART2_IRQHandler                        0x08000313   Thumb Code     0  startup_stm32f429xx.o(.text)
    USART3_IRQHandler                        0x08000313   Thumb Code     0  startup_stm32f429xx.o(.text)
    USART6_IRQHandler                        0x08000313   Thumb Code     0  startup_stm32f429xx.o(.text)
    WWDG_IRQHandler                          0x08000313   Thumb Code     0  startup_stm32f429xx.o(.text)
    __user_initial_stackheap                 0x08000315   Thumb Code     0  startup_stm32f429xx.o(.text)
    sprintf                                  0x08000339   Thumb Code    38  sprintf.o(.text)
    __use_two_region_memory                  0x08000365   Thumb Code     2  heapauxi.o(.text)
    __rt_heap_escrow$2region                 0x08000367   Thumb Code     2  heapauxi.o(.text)
    __rt_heap_expand$2region                 0x08000369   Thumb Code     2  heapauxi.o(.text)
    _printf_pre_padding                      0x0800036b   Thumb Code    44  _printf_pad.o(.text)
    _printf_post_padding                     0x08000397   Thumb Code    34  _printf_pad.o(.text)
    _printf_truncate_signed                  0x080003b9   Thumb Code    18  _printf_truncate.o(.text)
    _printf_truncate_unsigned                0x080003cb   Thumb Code    18  _printf_truncate.o(.text)
    _printf_str                              0x080003dd   Thumb Code    82  _printf_str.o(.text)
    _printf_int_dec                          0x08000431   Thumb Code   104  _printf_dec.o(.text)
    _printf_charcount                        0x080004a9   Thumb Code    40  _printf_charcount.o(.text)
    _printf_char_common                      0x080004db   Thumb Code    32  _printf_char_common.o(.text)
    _sputc                                   0x08000501   Thumb Code    10  _sputc.o(.text)
    _printf_wctomb                           0x0800050d   Thumb Code   182  _printf_wctomb.o(.text)
    _printf_longlong_dec                     0x080005c9   Thumb Code   108  _printf_longlong_dec.o(.text)
    _printf_longlong_oct                     0x08000645   Thumb Code    68  _printf_oct_int_ll.o(.text)
    _printf_int_oct                          0x08000689   Thumb Code    24  _printf_oct_int_ll.o(.text)
    _printf_ll_oct                           0x080006a1   Thumb Code    12  _printf_oct_int_ll.o(.text)
    _printf_longlong_hex                     0x080006b5   Thumb Code    86  _printf_hex_int_ll_ptr.o(.text)
    _printf_int_hex                          0x0800070b   Thumb Code    28  _printf_hex_int_ll_ptr.o(.text)
    _printf_ll_hex                           0x08000727   Thumb Code    12  _printf_hex_int_ll_ptr.o(.text)
    _printf_hex_ptr                          0x08000733   Thumb Code    18  _printf_hex_int_ll_ptr.o(.text)
    __printf                                 0x08000749   Thumb Code   388  __printf_flags_ss_wp.o(.text)
    _ll_udiv10                               0x080008d1   Thumb Code   138  lludiv10.o(.text)
    _printf_int_common                       0x0800095b   Thumb Code   178  _printf_intcommon.o(.text)
    _printf_fp_dec_real                      0x08000bbd   Thumb Code   620  _printf_fp_dec.o(.text)
    _printf_fp_hex_real                      0x08000e29   Thumb Code   756  _printf_fp_hex.o(.text)
    _printf_cs_common                        0x08001125   Thumb Code    20  _printf_char.o(.text)
    _printf_char                             0x08001139   Thumb Code    16  _printf_char.o(.text)
    _printf_string                           0x08001149   Thumb Code     8  _printf_char.o(.text)
    _printf_lcs_common                       0x08001151   Thumb Code    20  _printf_wchar.o(.text)
    _printf_wchar                            0x08001165   Thumb Code    16  _printf_wchar.o(.text)
    _printf_wstring                          0x08001175   Thumb Code     8  _printf_wchar.o(.text)
    _c32rtomb                                0x0800117d   Thumb Code    72  _c32rtomb.o(.text)
    _wcrtomb                                 0x0800117d   Thumb Code     0  _c32rtomb.o(.text)
    __user_setup_stackheap                   0x080011c5   Thumb Code    74  sys_stackheap_outer.o(.text)
    __rt_ctype_table                         0x08001211   Thumb Code    16  rt_ctype_table.o(.text)
    __rt_locale                              0x08001221   Thumb Code     8  rt_locale_intlibspace.o(.text)
    _printf_fp_infnan                        0x08001229   Thumb Code   112  _printf_fp_infnan.o(.text)
    _btod_etento                             0x080012a9   Thumb Code   224  bigflt0.o(.text)
    exit                                     0x0800138d   Thumb Code    18  exit.o(.text)
    __user_libspace                          0x080013a1   Thumb Code     8  libspace.o(.text)
    __user_perproc_libspace                  0x080013a1   Thumb Code     0  libspace.o(.text)
    __user_perthread_libspace                0x080013a1   Thumb Code     0  libspace.o(.text)
    strcmp                                   0x080013a9   Thumb Code   124  strcmpv7em.o(.text)
    _sys_exit                                0x08001425   Thumb Code     8  sys_exit.o(.text)
    __I$use$semihosting                      0x08001431   Thumb Code     0  use_no_semi.o(.text)
    __use_no_semihosting_swi                 0x08001431   Thumb Code     2  use_no_semi.o(.text)
    __semihosting_library_function           0x08001433   Thumb Code     0  indicate_semi.o(.text)
    DAC2_DC                                  0x08001435   Thumb Code    30  dac.o(.text.DAC2_DC)
    DAC_INIT                                 0x08001455   Thumb Code    64  dac.o(.text.DAC_INIT)
    Delay                                    0x08001495   Thumb Code    46  tim.o(.text.Delay)
    Init_ADC                                 0x080014c5   Thumb Code   100  adc.o(.text.Init_ADC)
    Init_Timer2                              0x08001529   Thumb Code    92  tim.o(.text.Init_Timer2)
    Init_USART                               0x08001585   Thumb Code   216  usart.o(.text.Init_USART)
    LCD_INIT                                 0x0800165d   Thumb Code   134  lcd.o(.text.LCD_INIT)
    LCD_strobe                               0x080016e5   Thumb Code    46  lcd.o(.text.LCD_strobe)
    LED_INIT                                 0x08001715   Thumb Code   234  led.o(.text.LED_INIT)
    PLL_Config                               0x08001801   Thumb Code   180  main.o(.text.PLL_Config)
    SHOWHR                                   0x080018b5   Thumb Code    46  lcd.o(.text.SHOWHR)
    SystemCoreClockUpdate                    0x080018e5   Thumb Code   302  system_stm32f4xx.o(.text.SystemCoreClockUpdate)
    SystemInit                               0x08001a15   Thumb Code   110  system_stm32f4xx.o(.text.SystemInit)
    TIM2_IRQHandler                          0x08001a85   Thumb Code    30  tim.o(.text.TIM2_IRQHandler)
    WaitLcdBusy                              0x08001aa5   Thumb Code   146  lcd.o(.text.WaitLcdBusy)
    cmdLCD                                   0x08001b39   Thumb Code    48  lcd.o(.text.cmdLCD)
    display_volts                            0x08001b69   Thumb Code   264  usart.o(.text.display_volts)
    lcd_delayus                              0x08001c71   Thumb Code    80  lcd.o(.text.lcd_delayus)
    main                                     0x08001cc1   Thumb Code    68  main.o(.text.main)
    printLCD                                 0x08001d05   Thumb Code    36  lcd.o(.text.printLCD)
    putLCD                                   0x08001d29   Thumb Code    48  lcd.o(.text.putLCD)
    send_string                              0x08001d59   Thumb Code    42  usart.o(.text.send_string)
    send_usart                               0x08001d85   Thumb Code    68  usart.o(.text.send_usart)
    set_LCD_data                             0x08001dc9   Thumb Code    26  lcd.o(.text.set_LCD_data)
    _btod_d2e                                0x08001de3   Thumb Code    62  btod.o(CL$$btod_d2e)
    _d2e_denorm_low                          0x08001e21   Thumb Code    70  btod.o(CL$$btod_d2e_denorm_low)
    _d2e_norm_op1                            0x08001e67   Thumb Code    96  btod.o(CL$$btod_d2e_norm_op1)
    __btod_div_common                        0x08001ec9   Thumb Code   696  btod.o(CL$$btod_div_common)
    _e2e                                     0x08002201   Thumb Code   220  btod.o(CL$$btod_e2e)
    _btod_ediv                               0x080022dd   Thumb Code    42  btod.o(CL$$btod_ediv)
    _btod_emul                               0x08002307   Thumb Code    42  btod.o(CL$$btod_emul)
    __btod_mult_common                       0x08002331   Thumb Code   580  btod.o(CL$$btod_mult_common)
    __ARM_fpclassify                         0x08002575   Thumb Code    48  fpclassify.o(i.__ARM_fpclassify)
    _is_digit                                0x080025a5   Thumb Code    14  __printf_wp.o(i._is_digit)
    _get_lc_numeric                          0x080025b5   Thumb Code    44  lc_numeric_c.o(locale$$code)
    _get_lc_ctype                            0x080025e1   Thumb Code    44  lc_ctype_c.o(locale$$code)
    __aeabi_d2f                              0x0800260d   Thumb Code     0  d2f.o(x$fpl$d2f)
    _d2f                                     0x0800260d   Thumb Code    98  d2f.o(x$fpl$d2f)
    __aeabi_ddiv                             0x08002671   Thumb Code     0  ddiv.o(x$fpl$ddiv)
    _ddiv                                    0x08002671   Thumb Code   556  ddiv.o(x$fpl$ddiv)
    __aeabi_i2d                              0x08002925   Thumb Code     0  dflt_clz.o(x$fpl$dflt)
    _dflt                                    0x08002925   Thumb Code    46  dflt_clz.o(x$fpl$dflt)
    __aeabi_dmul                             0x08002955   Thumb Code     0  dmul.o(x$fpl$dmul)
    _dmul                                    0x08002955   Thumb Code   332  dmul.o(x$fpl$dmul)
    __fpl_dnaninf                            0x08002aa9   Thumb Code   156  dnaninf.o(x$fpl$dnaninf)
    __fpl_dretinf                            0x08002b45   Thumb Code    12  dretinf.o(x$fpl$dretinf)
    __aeabi_f2d                              0x08002b51   Thumb Code     0  f2d.o(x$fpl$f2d)
    _f2d                                     0x08002b51   Thumb Code    86  f2d.o(x$fpl$f2d)
    __fpl_fnaninf                            0x08002ba7   Thumb Code   140  fnaninf.o(x$fpl$fnaninf)
    _fp_init                                 0x08002c33   Thumb Code    26  fpinit.o(x$fpl$fpinit)
    __fplib_config_fpu_vfp                   0x08002c4b   Thumb Code     0  fpinit.o(x$fpl$fpinit)
    __fplib_config_pureend_doubles           0x08002c4b   Thumb Code     0  fpinit.o(x$fpl$fpinit)
    __fpl_fretinf                            0x08002c4d   Thumb Code    10  fretinf.o(x$fpl$fretinf)
    _printf_fp_dec                           0x08002c57   Thumb Code     4  printf1.o(x$fpl$printf1)
    _printf_fp_hex                           0x08002c5b   Thumb Code     4  printf2.o(x$fpl$printf2)
    __I$use$fp                               0x08002c5e   Number         0  usenofp.o(x$fpl$usenofp)
    AHBPrescTable                            0x08002d5c   Data          16  system_stm32f4xx.o(.rodata.AHBPrescTable)
    Region$$Table$$Base                      0x08002d9c   Number         0  anon$$obj.o(Region$$Table)
    Region$$Table$$Limit                     0x08002dbc   Number         0  anon$$obj.o(Region$$Table)
    __ctype                                  0x08002de5   Data           0  lc_ctype_c.o(locale$$data)
    SystemCoreClock                          0x20000000   Data           4  system_stm32f4xx.o(.data.SystemCoreClock)
    __libspace_start                         0x20000008   Data          96  libspace.o(.bss)
    __temporary_stack_top$libspace           0x20000068   Data           0  libspace.o(.bss)
    buffer                                   0x20000068   Data           7  usart.o(.bss.buffer)
    timer_tick                               0x20000070   Data           4  tim.o(.bss.timer_tick)



==============================================================================

Memory Map of the image

  Image Entry point : 0x080002f9

  Load Region LR_1 (Base: 0x08000000, Size: 0x00002eec, Max: 0xffffffff, ABSOLUTE)

    Execution Region ER_RO (Exec base: 0x08000000, Load base: 0x08000000, Size: 0x00002ee8, Max: 0xffffffff, ABSOLUTE)

    Exec Addr    Load Addr    Size         Type   Attr      Idx    E Section Name        Object

    0x08000000   0x08000000   0x000001ac   Data   RO          112    RESET               startup_stm32f429xx.o
    0x080001ac   0x080001ac   0x00000008   Code   RO          139  * !!!main             c_wu.l(__main.o)
    0x080001b4   0x080001b4   0x00000034   Code   RO          500    !!!scatter          c_wu.l(__scatter.o)
    0x080001e8   0x080001e8   0x0000001a   Code   RO          502    !!handler_copy      c_wu.l(__scatter_copy.o)
    0x08000202   0x08000202   0x00000002   PAD
    0x08000204   0x08000204   0x0000001c   Code   RO          504    !!handler_zi        c_wu.l(__scatter_zi.o)
    0x08000220   0x08000220   0x00000000   Code   RO          239    .ARM.Collect$$_printf_percent$$00000000  c_wu.l(_printf_percent.o)
    0x08000220   0x08000220   0x00000006   Code   RO          228    .ARM.Collect$$_printf_percent$$00000001  c_wu.l(_printf_n.o)
    0x08000226   0x08000226   0x00000006   Code   RO          230    .ARM.Collect$$_printf_percent$$00000002  c_wu.l(_printf_p.o)
    0x0800022c   0x0800022c   0x00000006   Code   RO          235    .ARM.Collect$$_printf_percent$$00000003  c_wu.l(_printf_f.o)
    0x08000232   0x08000232   0x00000006   Code   RO          236    .ARM.Collect$$_printf_percent$$00000004  c_wu.l(_printf_e.o)
    0x08000238   0x08000238   0x00000006   Code   RO          237    .ARM.Collect$$_printf_percent$$00000005  c_wu.l(_printf_g.o)
    0x0800023e   0x0800023e   0x00000006   Code   RO          238    .ARM.Collect$$_printf_percent$$00000006  c_wu.l(_printf_a.o)
    0x08000244   0x08000244   0x0000000a   Code   RO          243    .ARM.Collect$$_printf_percent$$00000007  c_wu.l(_printf_ll.o)
    0x0800024e   0x0800024e   0x00000006   Code   RO          232    .ARM.Collect$$_printf_percent$$00000008  c_wu.l(_printf_i.o)
    0x08000254   0x08000254   0x00000006   Code   RO          233    .ARM.Collect$$_printf_percent$$00000009  c_wu.l(_printf_d.o)
    0x0800025a   0x0800025a   0x00000006   Code   RO          234    .ARM.Collect$$_printf_percent$$0000000A  c_wu.l(_printf_u.o)
    0x08000260   0x08000260   0x00000006   Code   RO          231    .ARM.Collect$$_printf_percent$$0000000B  c_wu.l(_printf_o.o)
    0x08000266   0x08000266   0x00000006   Code   RO          229    .ARM.Collect$$_printf_percent$$0000000C  c_wu.l(_printf_x.o)
    0x0800026c   0x0800026c   0x00000006   Code   RO          240    .ARM.Collect$$_printf_percent$$0000000D  c_wu.l(_printf_lli.o)
    0x08000272   0x08000272   0x00000006   Code   RO          241    .ARM.Collect$$_printf_percent$$0000000E  c_wu.l(_printf_lld.o)
    0x08000278   0x08000278   0x00000006   Code   RO          242    .ARM.Collect$$_printf_percent$$0000000F  c_wu.l(_printf_llu.o)
    0x0800027e   0x0800027e   0x00000006   Code   RO          247    .ARM.Collect$$_printf_percent$$00000010  c_wu.l(_printf_llo.o)
    0x08000284   0x08000284   0x00000006   Code   RO          248    .ARM.Collect$$_printf_percent$$00000011  c_wu.l(_printf_llx.o)
    0x0800028a   0x0800028a   0x0000000a   Code   RO          244    .ARM.Collect$$_printf_percent$$00000012  c_wu.l(_printf_l.o)
    0x08000294   0x08000294   0x00000006   Code   RO          226    .ARM.Collect$$_printf_percent$$00000013  c_wu.l(_printf_c.o)
    0x0800029a   0x0800029a   0x00000006   Code   RO          227    .ARM.Collect$$_printf_percent$$00000014  c_wu.l(_printf_s.o)
    0x080002a0   0x080002a0   0x00000006   Code   RO          245    .ARM.Collect$$_printf_percent$$00000015  c_wu.l(_printf_lc.o)
    0x080002a6   0x080002a6   0x00000006   Code   RO          246    .ARM.Collect$$_printf_percent$$00000016  c_wu.l(_printf_ls.o)
    0x080002ac   0x080002ac   0x00000004   Code   RO          298    .ARM.Collect$$_printf_percent$$00000017  c_wu.l(_printf_percent_end.o)
    0x080002b0   0x080002b0   0x00000002   Code   RO          349    .ARM.Collect$$libinit$$00000000  c_wu.l(libinit.o)
    0x080002b2   0x080002b2   0x00000004   Code   RO          366    .ARM.Collect$$libinit$$00000001  c_wu.l(libinit2.o)
    0x080002b6   0x080002b6   0x00000000   Code   RO          369    .ARM.Collect$$libinit$$00000004  c_wu.l(libinit2.o)
    0x080002b6   0x080002b6   0x00000000   Code   RO          371    .ARM.Collect$$libinit$$00000006  c_wu.l(libinit2.o)
    0x080002b6   0x080002b6   0x00000000   Code   RO          374    .ARM.Collect$$libinit$$0000000C  c_wu.l(libinit2.o)
    0x080002b6   0x080002b6   0x00000000   Code   RO          376    .ARM.Collect$$libinit$$0000000E  c_wu.l(libinit2.o)
    0x080002b6   0x080002b6   0x00000000   Code   RO          378    .ARM.Collect$$libinit$$00000010  c_wu.l(libinit2.o)
    0x080002b6   0x080002b6   0x00000006   Code   RO          379    .ARM.Collect$$libinit$$00000011  c_wu.l(libinit2.o)
    0x080002bc   0x080002bc   0x00000000   Code   RO          381    .ARM.Collect$$libinit$$00000013  c_wu.l(libinit2.o)
    0x080002bc   0x080002bc   0x0000000c   Code   RO          382    .ARM.Collect$$libinit$$00000014  c_wu.l(libinit2.o)
    0x080002c8   0x080002c8   0x00000000   Code   RO          383    .ARM.Collect$$libinit$$00000015  c_wu.l(libinit2.o)
    0x080002c8   0x080002c8   0x00000000   Code   RO          385    .ARM.Collect$$libinit$$00000017  c_wu.l(libinit2.o)
    0x080002c8   0x080002c8   0x0000000a   Code   RO          386    .ARM.Collect$$libinit$$00000018  c_wu.l(libinit2.o)
    0x080002d2   0x080002d2   0x00000000   Code   RO          387    .ARM.Collect$$libinit$$00000019  c_wu.l(libinit2.o)
    0x080002d2   0x080002d2   0x00000000   Code   RO          389    .ARM.Collect$$libinit$$0000001B  c_wu.l(libinit2.o)
    0x080002d2   0x080002d2   0x00000000   Code   RO          391    .ARM.Collect$$libinit$$0000001D  c_wu.l(libinit2.o)
    0x080002d2   0x080002d2   0x00000000   Code   RO          393    .ARM.Collect$$libinit$$0000001F  c_wu.l(libinit2.o)
    0x080002d2   0x080002d2   0x00000000   Code   RO          395    .ARM.Collect$$libinit$$00000021  c_wu.l(libinit2.o)
    0x080002d2   0x080002d2   0x00000000   Code   RO          397    .ARM.Collect$$libinit$$00000023  c_wu.l(libinit2.o)
    0x080002d2   0x080002d2   0x00000000   Code   RO          399    .ARM.Collect$$libinit$$00000025  c_wu.l(libinit2.o)
    0x080002d2   0x080002d2   0x00000000   Code   RO          401    .ARM.Collect$$libinit$$00000027  c_wu.l(libinit2.o)
    0x080002d2   0x080002d2   0x00000000   Code   RO          405    .ARM.Collect$$libinit$$0000002E  c_wu.l(libinit2.o)
    0x080002d2   0x080002d2   0x00000000   Code   RO          407    .ARM.Collect$$libinit$$00000030  c_wu.l(libinit2.o)
    0x080002d2   0x080002d2   0x00000000   Code   RO          409    .ARM.Collect$$libinit$$00000032  c_wu.l(libinit2.o)
    0x080002d2   0x080002d2   0x00000000   Code   RO          411    .ARM.Collect$$libinit$$00000034  c_wu.l(libinit2.o)
    0x080002d2   0x080002d2   0x00000002   Code   RO          412    .ARM.Collect$$libinit$$00000035  c_wu.l(libinit2.o)
    0x080002d4   0x080002d4   0x00000002   Code   RO          436    .ARM.Collect$$libshutdown$$00000000  c_wu.l(libshutdown.o)
    0x080002d6   0x080002d6   0x00000000   Code   RO          451    .ARM.Collect$$libshutdown$$00000002  c_wu.l(libshutdown2.o)
    0x080002d6   0x080002d6   0x00000000   Code   RO          453    .ARM.Collect$$libshutdown$$00000004  c_wu.l(libshutdown2.o)
    0x080002d6   0x080002d6   0x00000000   Code   RO          456    .ARM.Collect$$libshutdown$$00000007  c_wu.l(libshutdown2.o)
    0x080002d6   0x080002d6   0x00000000   Code   RO          459    .ARM.Collect$$libshutdown$$0000000A  c_wu.l(libshutdown2.o)
    0x080002d6   0x080002d6   0x00000000   Code   RO          461    .ARM.Collect$$libshutdown$$0000000C  c_wu.l(libshutdown2.o)
    0x080002d6   0x080002d6   0x00000000   Code   RO          464    .ARM.Collect$$libshutdown$$0000000F  c_wu.l(libshutdown2.o)
    0x080002d6   0x080002d6   0x00000002   Code   RO          465    .ARM.Collect$$libshutdown$$00000010  c_wu.l(libshutdown2.o)
    0x080002d8   0x080002d8   0x00000000   Code   RO          157    .ARM.Collect$$rtentry$$00000000  c_wu.l(__rtentry.o)
    0x080002d8   0x080002d8   0x00000000   Code   RO          267    .ARM.Collect$$rtentry$$00000002  c_wu.l(__rtentry2.o)
    0x080002d8   0x080002d8   0x00000006   Code   RO          279    .ARM.Collect$$rtentry$$00000004  c_wu.l(__rtentry4.o)
    0x080002de   0x080002de   0x00000000   Code   RO          269    .ARM.Collect$$rtentry$$00000009  c_wu.l(__rtentry2.o)
    0x080002de   0x080002de   0x00000004   Code   RO          270    .ARM.Collect$$rtentry$$0000000A  c_wu.l(__rtentry2.o)
    0x080002e2   0x080002e2   0x00000000   Code   RO          272    .ARM.Collect$$rtentry$$0000000C  c_wu.l(__rtentry2.o)
    0x080002e2   0x080002e2   0x00000008   Code   RO          273    .ARM.Collect$$rtentry$$0000000D  c_wu.l(__rtentry2.o)
    0x080002ea   0x080002ea   0x00000002   Code   RO          357    .ARM.Collect$$rtexit$$00000000  c_wu.l(rtexit.o)
    0x080002ec   0x080002ec   0x00000000   Code   RO          414    .ARM.Collect$$rtexit$$00000002  c_wu.l(rtexit2.o)
    0x080002ec   0x080002ec   0x00000004   Code   RO          415    .ARM.Collect$$rtexit$$00000003  c_wu.l(rtexit2.o)
    0x080002f0   0x080002f0   0x00000006   Code   RO          416    .ARM.Collect$$rtexit$$00000004  c_wu.l(rtexit2.o)
    0x080002f6   0x080002f6   0x00000002   PAD
    0x080002f8   0x080002f8   0x00000040   Code   RO          113  * .text               startup_stm32f429xx.o
    0x08000338   0x08000338   0x0000002c   Code   RO          135    .text               c_wu.l(sprintf.o)
    0x08000364   0x08000364   0x00000006   Code   RO          137    .text               c_wu.l(heapauxi.o)
    0x0800036a   0x0800036a   0x0000004e   Code   RO          160    .text               c_wu.l(_printf_pad.o)
    0x080003b8   0x080003b8   0x00000024   Code   RO          162    .text               c_wu.l(_printf_truncate.o)
    0x080003dc   0x080003dc   0x00000052   Code   RO          164    .text               c_wu.l(_printf_str.o)
    0x0800042e   0x0800042e   0x00000002   PAD
    0x08000430   0x08000430   0x00000078   Code   RO          166    .text               c_wu.l(_printf_dec.o)
    0x080004a8   0x080004a8   0x00000028   Code   RO          168    .text               c_wu.l(_printf_charcount.o)
    0x080004d0   0x080004d0   0x00000030   Code   RO          170    .text               c_wu.l(_printf_char_common.o)
    0x08000500   0x08000500   0x0000000a   Code   RO          172    .text               c_wu.l(_sputc.o)
    0x0800050a   0x0800050a   0x00000002   PAD
    0x0800050c   0x0800050c   0x000000bc   Code   RO          174    .text               c_wu.l(_printf_wctomb.o)
    0x080005c8   0x080005c8   0x0000007c   Code   RO          177    .text               c_wu.l(_printf_longlong_dec.o)
    0x08000644   0x08000644   0x00000070   Code   RO          183    .text               c_wu.l(_printf_oct_int_ll.o)
    0x080006b4   0x080006b4   0x00000094   Code   RO          203    .text               c_wu.l(_printf_hex_int_ll_ptr.o)
    0x08000748   0x08000748   0x00000188   Code   RO          223    .text               c_wu.l(__printf_flags_ss_wp.o)
    0x080008d0   0x080008d0   0x0000008a   Code   RO          281    .text               c_wu.l(lludiv10.o)
    0x0800095a   0x0800095a   0x000000b2   Code   RO          283    .text               c_wu.l(_printf_intcommon.o)
    0x08000a0c   0x08000a0c   0x0000041c   Code   RO          285    .text               c_wu.l(_printf_fp_dec.o)
    0x08000e28   0x08000e28   0x000002fc   Code   RO          289    .text               c_wu.l(_printf_fp_hex.o)
    0x08001124   0x08001124   0x0000002c   Code   RO          294    .text               c_wu.l(_printf_char.o)
    0x08001150   0x08001150   0x0000002c   Code   RO          296    .text               c_wu.l(_printf_wchar.o)
    0x0800117c   0x0800117c   0x00000048   Code   RO          299    .text               c_wu.l(_c32rtomb.o)
    0x080011c4   0x080011c4   0x0000004a   Code   RO          301    .text               c_wu.l(sys_stackheap_outer.o)
    0x0800120e   0x0800120e   0x00000002   PAD
    0x08001210   0x08001210   0x00000010   Code   RO          303    .text               c_wu.l(rt_ctype_table.o)
    0x08001220   0x08001220   0x00000008   Code   RO          308    .text               c_wu.l(rt_locale_intlibspace.o)
    0x08001228   0x08001228   0x00000080   Code   RO          310    .text               c_wu.l(_printf_fp_infnan.o)
    0x080012a8   0x080012a8   0x000000e4   Code   RO          312    .text               c_wu.l(bigflt0.o)
    0x0800138c   0x0800138c   0x00000012   Code   RO          342    .text               c_wu.l(exit.o)
    0x0800139e   0x0800139e   0x00000002   PAD
    0x080013a0   0x080013a0   0x00000008   Code   RO          354    .text               c_wu.l(libspace.o)
    0x080013a8   0x080013a8   0x0000007c   Code   RO          364    .text               c_wu.l(strcmpv7em.o)
    0x08001424   0x08001424   0x0000000c   Code   RO          426    .text               c_wu.l(sys_exit.o)
    0x08001430   0x08001430   0x00000002   Code   RO          441    .text               c_wu.l(use_no_semi.o)
    0x08001432   0x08001432   0x00000000   Code   RO          443    .text               c_wu.l(indicate_semi.o)
    0x08001432   0x08001432   0x00000002   PAD
    0x08001434   0x08001434   0x0000001e   Code   RO           37    .text.DAC2_DC       dac.o
    0x08001452   0x08001452   0x00000002   PAD
    0x08001454   0x08001454   0x00000040   Code   RO           35    .text.DAC_INIT      dac.o
    0x08001494   0x08001494   0x0000002e   Code   RO           82    .text.Delay         tim.o
    0x080014c2   0x080014c2   0x00000002   PAD
    0x080014c4   0x080014c4   0x00000064   Code   RO           72    .text.Init_ADC      adc.o
    0x08001528   0x08001528   0x0000005c   Code   RO           80    .text.Init_Timer2   tim.o
    0x08001584   0x08001584   0x000000d8   Code   RO           94    .text.Init_USART    usart.o
    0x0800165c   0x0800165c   0x00000086   Code   RO           62    .text.LCD_INIT      lcd.o
    0x080016e2   0x080016e2   0x00000002   PAD
    0x080016e4   0x080016e4   0x0000002e   Code   RO           60    .text.LCD_strobe    lcd.o
    0x08001712   0x08001712   0x00000002   PAD
    0x08001714   0x08001714   0x000000ea   Code   RO           18    .text.LED_INIT      led.o
    0x080017fe   0x080017fe   0x00000002   PAD
    0x08001800   0x08001800   0x000000b4   Code   RO            2    .text.PLL_Config    main.o
    0x080018b4   0x080018b4   0x0000002e   Code   RO           54    .text.SHOWHR        lcd.o
    0x080018e2   0x080018e2   0x00000002   PAD
    0x080018e4   0x080018e4   0x0000012e   Code   RO          122    .text.SystemCoreClockUpdate  system_stm32f4xx.o
    0x08001a12   0x08001a12   0x00000002   PAD
    0x08001a14   0x08001a14   0x0000006e   Code   RO          120    .text.SystemInit    system_stm32f4xx.o
    0x08001a82   0x08001a82   0x00000002   PAD
    0x08001a84   0x08001a84   0x0000001e   Code   RO           84    .text.TIM2_IRQHandler  tim.o
    0x08001aa2   0x08001aa2   0x00000002   PAD
    0x08001aa4   0x08001aa4   0x00000092   Code   RO           48    .text.WaitLcdBusy   lcd.o
    0x08001b36   0x08001b36   0x00000002   PAD
    0x08001b38   0x08001b38   0x00000030   Code   RO           56    .text.cmdLCD        lcd.o
    0x08001b68   0x08001b68   0x00000108   Code   RO          100    .text.display_volts  usart.o
    0x08001c70   0x08001c70   0x00000050   Code   RO           46    .text.lcd_delayus   lcd.o
    0x08001cc0   0x08001cc0   0x00000044   Code   RO            8    .text.main          main.o
    0x08001d04   0x08001d04   0x00000024   Code   RO           50    .text.printLCD      lcd.o
    0x08001d28   0x08001d28   0x00000030   Code   RO           52    .text.putLCD        lcd.o
    0x08001d58   0x08001d58   0x0000002a   Code   RO           98    .text.send_string   usart.o
    0x08001d82   0x08001d82   0x00000002   PAD
    0x08001d84   0x08001d84   0x00000044   Code   RO           96    .text.send_usart    usart.o
    0x08001dc8   0x08001dc8   0x0000001a   Code   RO           58    .text.set_LCD_data  lcd.o
    0x08001de2   0x08001de2   0x0000003e   Code   RO          315    CL$$btod_d2e        c_wu.l(btod.o)
    0x08001e20   0x08001e20   0x00000046   Code   RO          317    CL$$btod_d2e_denorm_low  c_wu.l(btod.o)
    0x08001e66   0x08001e66   0x00000060   Code   RO          316    CL$$btod_d2e_norm_op1  c_wu.l(btod.o)
    0x08001ec6   0x08001ec6   0x00000002   PAD
    0x08001ec8   0x08001ec8   0x00000338   Code   RO          325    CL$$btod_div_common  c_wu.l(btod.o)
    0x08002200   0x08002200   0x000000dc   Code   RO          322    CL$$btod_e2e        c_wu.l(btod.o)
    0x080022dc   0x080022dc   0x0000002a   Code   RO          319    CL$$btod_ediv       c_wu.l(btod.o)
    0x08002306   0x08002306   0x0000002a   Code   RO          318    CL$$btod_emul       c_wu.l(btod.o)
    0x08002330   0x08002330   0x00000244   Code   RO          324    CL$$btod_mult_common  c_wu.l(btod.o)
    0x08002574   0x08002574   0x00000030   Code   RO          352    i.__ARM_fpclassify  m_wm.l(fpclassify.o)
    0x080025a4   0x080025a4   0x0000000e   Code   RO          216    i._is_digit         c_wu.l(__printf_wp.o)
    0x080025b2   0x080025b2   0x00000002   PAD
    0x080025b4   0x080025b4   0x0000002c   Code   RO          340    locale$$code        c_wu.l(lc_numeric_c.o)
    0x080025e0   0x080025e0   0x0000002c   Code   RO          362    locale$$code        c_wu.l(lc_ctype_c.o)
    0x0800260c   0x0800260c   0x00000062   Code   RO          141    x$fpl$d2f           fz_wm.l(d2f.o)
    0x0800266e   0x0800266e   0x00000002   PAD
    0x08002670   0x08002670   0x000002b4   Code   RO          144    x$fpl$ddiv          fz_wm.l(ddiv.o)
    0x08002924   0x08002924   0x0000002e   Code   RO          148    x$fpl$dflt          fz_wm.l(dflt_clz.o)
    0x08002952   0x08002952   0x00000002   PAD
    0x08002954   0x08002954   0x00000154   Code   RO          153    x$fpl$dmul          fz_wm.l(dmul.o)
    0x08002aa8   0x08002aa8   0x0000009c   Code   RO          249    x$fpl$dnaninf       fz_wm.l(dnaninf.o)
    0x08002b44   0x08002b44   0x0000000c   Code   RO          251    x$fpl$dretinf       fz_wm.l(dretinf.o)
    0x08002b50   0x08002b50   0x00000056   Code   RO          155    x$fpl$f2d           fz_wm.l(f2d.o)
    0x08002ba6   0x08002ba6   0x0000008c   Code   RO          253    x$fpl$fnaninf       fz_wm.l(fnaninf.o)
    0x08002c32   0x08002c32   0x0000001a   Code   RO          424    x$fpl$fpinit        fz_wm.l(fpinit.o)
    0x08002c4c   0x08002c4c   0x0000000a   Code   RO          255    x$fpl$fretinf       fz_wm.l(fretinf.o)
    0x08002c56   0x08002c56   0x00000004   Code   RO          257    x$fpl$printf1       fz_wm.l(printf1.o)
    0x08002c5a   0x08002c5a   0x00000004   Code   RO          259    x$fpl$printf2       fz_wm.l(printf2.o)
    0x08002c5e   0x08002c5e   0x00000000   Code   RO          265    x$fpl$usenofp       fz_wm.l(usenofp.o)
    0x08002c5e   0x08002c5e   0x00000002   PAD
    0x08002c60   0x08002c60   0x00000008   Data   RO          175    .constdata          c_wu.l(_printf_wctomb.o)
    0x08002c68   0x08002c68   0x00000028   Data   RO          204    .constdata          c_wu.l(_printf_hex_int_ll_ptr.o)
    0x08002c90   0x08002c90   0x00000011   Data   RO          224    .constdata          c_wu.l(__printf_flags_ss_wp.o)
    0x08002ca1   0x08002ca1   0x00000026   Data   RO          290    .constdata          c_wu.l(_printf_fp_hex.o)
    0x08002cc7   0x08002cc7   0x00000001   PAD
    0x08002cc8   0x08002cc8   0x00000094   Data   RO          313    .constdata          c_wu.l(bigflt0.o)
    0x08002d5c   0x08002d5c   0x00000010   Data   RO          125    .rodata.AHBPrescTable  system_stm32f4xx.o
    0x08002d6c   0x08002d6c   0x00000015   Data   RO           64    .rodata.str1.1      lcd.o
    0x08002d81   0x08002d81   0x0000001a   Data   RO          102    .rodata.str1.1      usart.o
    0x08002d9b   0x08002d9b   0x00000001   PAD
    0x08002d9c   0x08002d9c   0x00000020   Data   RO          499    Region$$Table       anon$$obj.o
    0x08002dbc   0x08002dbc   0x0000001c   Data   RO          339    locale$$data        c_wu.l(lc_numeric_c.o)
    0x08002dd8   0x08002dd8   0x00000110   Data   RO          361    locale$$data        c_wu.l(lc_ctype_c.o)


    Execution Region ER_RW (Exec base: 0x20000000, Load base: 0x08002ee8, Size: 0x00000004, Max: 0xffffffff, ABSOLUTE)

    Exec Addr    Load Addr    Size         Type   Attr      Idx    E Section Name        Object

    0x20000000   0x08002ee8   0x00000004   Data   RW          124    .data.SystemCoreClock  system_stm32f4xx.o


    Execution Region ER_ZI (Exec base: 0x20000008, Load base: 0x08002eec, Size: 0x00000670, Max: 0xffffffff, ABSOLUTE)

    Exec Addr    Load Addr    Size         Type   Attr      Idx    E Section Name        Object

    0x20000008        -       0x00000060   Zero   RW          355    .bss                c_wu.l(libspace.o)
    0x20000068        -       0x00000007   Zero   RW          103    .bss.buffer         usart.o
    0x2000006f   0x08002eec   0x00000001   PAD
    0x20000070        -       0x00000004   Zero   RW           86    .bss.timer_tick     tim.o
    0x20000074   0x08002eec   0x00000004   PAD
    0x20000078        -       0x00000200   Zero   RW          111    HEAP                startup_stm32f429xx.o
    0x20000278        -       0x00000400   Zero   RW          110    STACK               startup_stm32f429xx.o


==============================================================================

Image component sizes


      Code (inc. data)   RO Data    RW Data    ZI Data      Debug   Object Name

       100          0          0          0          0       2053   adc.o
        94          0          0          0          0       2138   dac.o
       610          0         21          0          0       2812   lcd.o
       234          0          0          0          0       2173   led.o
       248          0          0          0          0       2587   main.o
        64         26        428          0       1536        888   startup_stm32f429xx.o
       412          0         16          4          0       2718   system_stm32f4xx.o
       168          0          0          0          4       2643   tim.o
       590         16         26          0          7       3005   usart.o

    ----------------------------------------------------------------------
      2542         42        524          4       1552      21017   Object Totals
         0          0         32          0          0          0   (incl. Generated)
        22          0          1          0          5          0   (incl. Padding)

    ----------------------------------------------------------------------

      Code (inc. data)   RO Data    RW Data    ZI Data      Debug   Library Member Name

         8          0          0          0          0         68   __main.o
       392          4         17          0          0         92   __printf_flags_ss_wp.o
        14          0          0          0          0         68   __printf_wp.o
         0          0          0          0          0          0   __rtentry.o
        12          0          0          0          0          0   __rtentry2.o
         6          0          0          0          0          0   __rtentry4.o
        52          8          0          0          0          0   __scatter.o
        26          0          0          0          0          0   __scatter_copy.o
        28          0          0          0          0          0   __scatter_zi.o
        72          0          0          0          0         96   _c32rtomb.o
         6          0          0          0          0          0   _printf_a.o
         6          0          0          0          0          0   _printf_c.o
        44          0          0          0          0        108   _printf_char.o
        48          6          0          0          0         96   _printf_char_common.o
        40          0          0          0          0         68   _printf_charcount.o
         6          0          0          0          0          0   _printf_d.o
       120         16          0          0          0         92   _printf_dec.o
         6          0          0          0          0          0   _printf_e.o
         6          0          0          0          0          0   _printf_f.o
      1052          0          0          0          0        148   _printf_fp_dec.o
       764          8         38          0          0        100   _printf_fp_hex.o
       128         16          0          0          0         84   _printf_fp_infnan.o
         6          0          0          0          0          0   _printf_g.o
       148          4         40          0          0        160   _printf_hex_int_ll_ptr.o
         6          0          0          0          0          0   _printf_i.o
       178          0          0          0          0         88   _printf_intcommon.o
        10          0          0          0          0          0   _printf_l.o
         6          0          0          0          0          0   _printf_lc.o
        10          0          0          0          0          0   _printf_ll.o
         6          0          0          0          0          0   _printf_lld.o
         6          0          0          0          0          0   _printf_lli.o
         6          0          0          0          0          0   _printf_llo.o
         6          0          0          0          0          0   _printf_llu.o
         6          0          0          0          0          0   _printf_llx.o
       124         16          0          0          0         92   _printf_longlong_dec.o
         6          0          0          0          0          0   _printf_ls.o
         6          0          0          0          0          0   _printf_n.o
         6          0          0          0          0          0   _printf_o.o
       112          8          0          0          0        124   _printf_oct_int_ll.o
         6          0          0          0          0          0   _printf_p.o
        78          0          0          0          0        108   _printf_pad.o
         0          0          0          0          0          0   _printf_percent.o
         4          0          0          0          0          0   _printf_percent_end.o
         6          0          0          0          0          0   _printf_s.o
        82          0          0          0          0         80   _printf_str.o
        36          0          0          0          0         84   _printf_truncate.o
         6          0          0          0          0          0   _printf_u.o
        44          0          0          0          0        108   _printf_wchar.o
       188          6          8          0          0         92   _printf_wctomb.o
         6          0          0          0          0          0   _printf_x.o
        10          0          0          0          0         68   _sputc.o
       228          4        148          0          0         96   bigflt0.o
      1936        128          0          0          0        668   btod.o
        18          0          0          0          0         80   exit.o
         6          0          0          0          0        152   heapauxi.o
         0          0          0          0          0          0   indicate_semi.o
        44         10        272          0          0         76   lc_ctype_c.o
        44         10         28          0          0         76   lc_numeric_c.o
         2          0          0          0          0          0   libinit.o
        34          0          0          0          0          0   libinit2.o
         2          0          0          0          0          0   libshutdown.o
         2          0          0          0          0          0   libshutdown2.o
         8          4          0          0         96         68   libspace.o
       138          0          0          0          0         80   lludiv10.o
        16          4          0          0          0         76   rt_ctype_table.o
         8          4          0          0          0         68   rt_locale_intlibspace.o
         2          0          0          0          0          0   rtexit.o
        10          0          0          0          0          0   rtexit2.o
        44          6          0          0          0         84   sprintf.o
       124          0          0          0          0         88   strcmpv7em.o
        12          4          0          0          0         68   sys_exit.o
        74          0          0          0          0         80   sys_stackheap_outer.o
         2          0          0          0          0         68   use_no_semi.o
        98          4          0          0          0        140   d2f.o
       692        140          0          0          0        264   ddiv.o
        46          0          0          0          0        116   dflt_clz.o
       340         12          0          0          0        152   dmul.o
       156          4          0          0          0        140   dnaninf.o
        12          0          0          0          0        116   dretinf.o
        86          4          0          0          0        132   f2d.o
       140          4          0          0          0        132   fnaninf.o
        26          0          0          0          0        116   fpinit.o
        10          0          0          0          0        116   fretinf.o
         4          0          0          0          0        116   printf1.o
         4          0          0          0          0        116   printf2.o
         0          0          0          0          0          0   usenofp.o
        48          0          0          0          0        124   fpclassify.o

    ----------------------------------------------------------------------
      8390        434        552          0         96       5632   Library Totals
        24          0          1          0          0          0   (incl. Padding)

    ----------------------------------------------------------------------

      Code (inc. data)   RO Data    RW Data    ZI Data      Debug   Library Name

      6704        266        551          0         96       3852   c_wu.l
      1614        168          0          0          0       1656   fz_wm.l
        48          0          0          0          0        124   m_wm.l

    ----------------------------------------------------------------------
      8390        434        552          0         96       5632   Library Totals

    ----------------------------------------------------------------------

==============================================================================


      Code (inc. data)   RO Data    RW Data    ZI Data      Debug   

     10932        476       1076          4       1648      23381   Grand Totals
     10932        476       1076          4       1648      23381   ELF Image Totals
     10932        476       1076          4          0          0   ROM Totals

==============================================================================

    Total RO  Size (Code + RO Data)                12008 (  11.73kB)
    Total RW  Size (RW Data + ZI Data)              1652 (   1.61kB)
    Total ROM Size (Code + RO Data + RW Data)      12012 (  11.73kB)

==============================================================================

