Component: Arm Compiler for Embedded 6.18 Tool: armlink [5e4cc100]

==============================================================================

Section Cross References

    main.o(.ARM.exidx.text.PLL_Config) refers to main.o(.text.PLL_Config) for [Anonymous Symbol]
    main.o(.text.main) refers to main.o(.text.PLL_Config) for PLL_Config
    main.o(.text.main) refers to system_stm32f4xx.o(.text.SystemCoreClockUpdate) for SystemCoreClockUpdate
    main.o(.text.main) refers to led.o(.text.LED_INIT) for LED_INIT
    main.o(.text.main) refers to adc.o(.text.Init_ADC) for Init_ADC
    main.o(.text.main) refers to dac.o(.text.DAC_INIT) for DAC_INIT
    main.o(.text.main) refers to lcd.o(.text.LCD_INIT) for LCD_INIT
    main.o(.text.main) refers to led.o(.text.BAR_INIT) for BAR_INIT
    main.o(.text.main) refers to tim.o(.text.Init_Timer2) for Init_Timer2
    main.o(.text.main) refers to usart.o(.text.Init_USART) for Init_USART
    main.o(.text.main) refers to buzz.o(.text.BUZZ_INIT) for BUZZ_INIT
    main.o(.text.main) refers to button.o(.text.interrupt_init) for interrupt_init
    main.o(.text.main) refers to button.o(.text.Buttons_init) for Buttons_init
    main.o(.text.main) refers to spi.o(.text.SPL06_Init) for SPL06_Init
    main.o(.text.main) refers to led.o(.text.SEG_INIT) for SEG_INIT
    main.o(.text.main) refers to i2c.o(.text.IMU_INIT) for IMU_INIT
    main.o(.text.main) refers to led.o(.text.OFFBOARD_LED_ON) for OFFBOARD_LED_ON
    main.o(.text.main) refers to dac.o(.text.DAC2_DC) for DAC2_DC
    main.o(.text.main) refers to adc.o(.text.ADC_HeartRate_Init) for ADC_HeartRate_Init
    main.o(.text.main) refers to usart.o(.text.hide_cursor) for hide_cursor
    main.o(.text.main) refers to usart.o(.text.display_menu) for display_menu
    main.o(.text.main) refers to adc.o(.text.ADC_HeartRate_Update) for ADC_HeartRate_Update
    main.o(.text.main) refers to tim.o(.bss.timer_tick) for timer_tick
    main.o(.text.main) refers to adc.o(.text.buffdate) for buffdate
    main.o(.text.main) refers to lcd.o(.text.update_LCD) for update_LCD
    main.o(.text.main) refers to usart.o(.text.update_menu) for update_menu
    main.o(.text.main) refers to usart.o(.text.process_input) for process_input
    main.o(.text.main) refers to adc.o(.text.getbpm) for getbpm
    main.o(.text.main) refers to led.o(.text.setDigit) for setDigit
    main.o(.text.main) refers to led.o(.text.ONBOARD_LED_ON) for ONBOARD_LED_ON
    main.o(.text.main) refers to tim.o(.text.Delay) for Delay
    main.o(.text.main) refers to led.o(.text.ONBOARD_LED_OFF) for ONBOARD_LED_OFF
    main.o(.ARM.exidx.text.main) refers to main.o(.text.main) for [Anonymous Symbol]
    led.o(.ARM.exidx.text.LED_INIT) refers to led.o(.text.LED_INIT) for [Anonymous Symbol]
    led.o(.ARM.exidx.text.ONBOARD_LED_ON) refers to led.o(.text.ONBOARD_LED_ON) for [Anonymous Symbol]
    led.o(.ARM.exidx.text.ONBOARD_LED_OFF) refers to led.o(.text.ONBOARD_LED_OFF) for [Anonymous Symbol]
    led.o(.ARM.exidx.text.OFFBOARD_LED_ON) refers to led.o(.text.OFFBOARD_LED_ON) for [Anonymous Symbol]
    led.o(.ARM.exidx.text.OFFBOARD_LED_OFF) refers to led.o(.text.OFFBOARD_LED_OFF) for [Anonymous Symbol]
    led.o(.ARM.exidx.text.BAR_INIT) refers to led.o(.text.BAR_INIT) for [Anonymous Symbol]
    led.o(.text.Write_RGB_LEDBus) refers to tim.o(.text.Delay) for Delay
    led.o(.ARM.exidx.text.Write_RGB_LEDBus) refers to led.o(.text.Write_RGB_LEDBus) for [Anonymous Symbol]
    led.o(.text.update_RGB_bar_from_HR) refers to adc.o(.bss.adcVal) for adcVal
    led.o(.text.update_RGB_bar_from_HR) refers to led.o(.text.Write_RGB_LEDBus) for Write_RGB_LEDBus
    led.o(.ARM.exidx.text.update_RGB_bar_from_HR) refers to led.o(.text.update_RGB_bar_from_HR) for [Anonymous Symbol]
    led.o(.ARM.exidx.text.SEG_INIT) refers to led.o(.text.SEG_INIT) for [Anonymous Symbol]
    led.o(.text.Write_LEDBus) refers to tim.o(.text.Delay) for Delay
    led.o(.ARM.exidx.text.Write_LEDBus) refers to led.o(.text.Write_LEDBus) for [Anonymous Symbol]
    led.o(.text.setDigit) refers to led.o(.rodata.LED_Values) for LED_Values
    led.o(.text.setDigit) refers to tim.o(.text.Delay) for Delay
    led.o(.ARM.exidx.text.setDigit) refers to led.o(.text.setDigit) for [Anonymous Symbol]
    dac.o(.ARM.exidx.text.DAC_INIT) refers to dac.o(.text.DAC_INIT) for [Anonymous Symbol]
    dac.o(.ARM.exidx.text.DAC2_DC) refers to dac.o(.text.DAC2_DC) for [Anonymous Symbol]
    lcd.o(.text.lcd_delayus) refers to system_stm32f4xx.o(.data.SystemCoreClock) for SystemCoreClock
    lcd.o(.ARM.exidx.text.lcd_delayus) refers to lcd.o(.text.lcd_delayus) for [Anonymous Symbol]
    lcd.o(.text.WaitLcdBusy) refers to lcd.o(.text.lcd_delayus) for lcd_delayus
    lcd.o(.ARM.exidx.text.WaitLcdBusy) refers to lcd.o(.text.WaitLcdBusy) for [Anonymous Symbol]
    lcd.o(.text.printLCD) refers to lcd.o(.text.putLCD) for putLCD
    lcd.o(.ARM.exidx.text.printLCD) refers to lcd.o(.text.printLCD) for [Anonymous Symbol]
[...]
    x$fpl$dnaninf                            0x08004534   Section      156  dnaninf.o(x$fpl$dnaninf)
    $v0                                      0x080045d0   Number         0  dretinf.o(x$fpl$dretinf)
    x$fpl$dretinf                            0x080045d0   Section       12  dretinf.o(x$fpl$dretinf)
    $v0                                      0x080045dc   Number         0  daddsub_clz.o(x$fpl$dsub)
    x$fpl$dsub                               0x080045dc   Section      476  daddsub_clz.o(x$fpl$dsub)
    _dsub1                                   0x080045ed   Thumb Code     0  daddsub_clz.o(x$fpl$dsub)
    $v0                                      0x080047b8   Number         0  f2d.o(x$fpl$f2d)
    x$fpl$f2d                                0x080047b8   Section       86  f2d.o(x$fpl$f2d)
    $v0                                      0x0800480e   Number         0  fnaninf.o(x$fpl$fnaninf)
    x$fpl$fnaninf                            0x0800480e   Section      140  fnaninf.o(x$fpl$fnaninf)
    $v0                                      0x0800489a   Number         0  fpinit.o(x$fpl$fpinit)
    x$fpl$fpinit                             0x0800489a   Section       26  fpinit.o(x$fpl$fpinit)
    $v0                                      0x080048b4   Number         0  printf1.o(x$fpl$printf1)
    x$fpl$printf1                            0x080048b4   Section        4  printf1.o(x$fpl$printf1)
    $v0                                      0x080048b8   Number         0  printf2.o(x$fpl$printf2)
    x$fpl$printf2                            0x080048b8   Section        4  printf2.o(x$fpl$printf2)
    initial_mbstate                          0x080048bc   Data           8  _printf_wctomb.o(.constdata)
    .constdata                               0x080048bc   Section        8  _printf_wctomb.o(.constdata)
    x$fpl$usenofp                            0x080048bc   Section        0  usenofp.o(x$fpl$usenofp)
    uc_hextab                                0x080048c4   Data          20  _printf_hex_int_ll_ptr.o(.constdata)
    .constdata                               0x080048c4   Section       40  _printf_hex_int_ll_ptr.o(.constdata)
    lc_hextab                                0x080048d8   Data          20  _printf_hex_int_ll_ptr.o(.constdata)
    maptable                                 0x080048ec   Data          17  __printf_flags_ss_wp.o(.constdata)
    .constdata                               0x080048ec   Section       17  __printf_flags_ss_wp.o(.constdata)
    lc_hextab                                0x080048fd   Data          19  _printf_fp_hex.o(.constdata)
    .constdata                               0x080048fd   Section       38  _printf_fp_hex.o(.constdata)
    uc_hextab                                0x08004910   Data          19  _printf_fp_hex.o(.constdata)
    tenpwrs_x                                0x08004924   Data          60  bigflt0.o(.constdata)
    .constdata                               0x08004924   Section      148  bigflt0.o(.constdata)
    tenpwrs_i                                0x08004960   Data          64  bigflt0.o(.constdata)
    .L.str                                   0x080049f0   Data          15  lcd.o(.rodata.str1.1)
    .L.str.2                                 0x080049f0   Data          17  lcd.o(.rodata.str1.1)
    [Anonymous Symbol]                       0x080049f0   Section        0  lcd.o(.rodata.str1.1)
    .L.str.6                                 0x08004a01   Data          10  lcd.o(.rodata.str1.1)
    .L.str.5                                 0x08004a0b   Data          12  lcd.o(.rodata.str1.1)
    .L.str.4                                 0x08004a17   Data          13  lcd.o(.rodata.str1.1)
    .L.str.23                                0x08004a1d   Data           7  lcd.o(.rodata.str1.1)
    .L.str.8                                 0x08004a24   Data          15  lcd.o(.rodata.str1.1)
    .L.str.28                                0x08004a33   Data           6  lcd.o(.rodata.str1.1)
    .L.str.7                                 0x08004a33   Data           6  lcd.o(.rodata.str1.1)
    .L.str.1                                 0x08004a39   Data           6  lcd.o(.rodata.str1.1)
    .L.str.3                                 0x08004a3f   Data           8  lcd.o(.rodata.str1.1)
    .L.str.9                                 0x08004a47   Data          13  lcd.o(.rodata.str1.1)
    .L.str.19                                0x08004a51   Data           3  lcd.o(.rodata.str1.1)
    .L.str.4                                 0x08004a54   Data          40  usart.o(.rodata.str1.1)
    [Anonymous Symbol]                       0x08004a54   Section        0  usart.o(.rodata.str1.1)
    .L.str.1                                 0x08004a5c   Data           9  usart.o(.rodata.str1.1)
    .L.str.2                                 0x08004a65   Data           5  usart.o(.rodata.str1.1)
    .L.str.3                                 0x08004a6a   Data           4  usart.o(.rodata.str1.1)
    .L.str.14                                0x08004a7c   Data          33  usart.o(.rodata.str1.1)
    .L.str.13                                0x08004a9d   Data          29  usart.o(.rodata.str1.1)
    .L.str.10                                0x08004aba   Data          34  usart.o(.rodata.str1.1)
    .L.str.8                                 0x08004adc   Data          35  usart.o(.rodata.str1.1)
    .L.str.5                                 0x08004aff   Data          37  usart.o(.rodata.str1.1)
    .L.str.9                                 0x08004b24   Data          35  usart.o(.rodata.str1.1)
    .L.str.7                                 0x08004b47   Data          37  usart.o(.rodata.str1.1)
    .L.str.6                                 0x08004b6c   Data          37  usart.o(.rodata.str1.1)
    .L.str.12                                0x08004b91   Data          24  usart.o(.rodata.str1.1)
    .L.str.11                                0x08004ba9   Data          26  usart.o(.rodata.str1.1)
    .L.str.27                                0x08004bc3   Data          19  usart.o(.rodata.str1.1)
    .L.str.21                                0x08004bd6   Data           4  usart.o(.rodata.str1.1)
    .L.str.33                                0x08004bda   Data           9  usart.o(.rodata.str1.1)
    .L.str.29                                0x08004be3   Data           8  usart.o(.rodata.str1.1)
    .L.str.24                                0x08004beb   Data           8  usart.o(.rodata.str1.1)
    .L.str.15                                0x08004bf3   Data           8  usart.o(.rodata.str1.1)
    .L.str.26                                0x08004bfb   Data           8  usart.o(.rodata.str1.1)
    .L.str.22                                0x08004c03   Data           8  usart.o(.rodata.str1.1)
    .L.str.31                                0x08004c0b   Data           8  usart.o(.rodata.str1.1)
    .L.str.32                                0x08004c13   Data           8  usart.o(.rodata.str1.1)
    .L.str.20                                0x08004c1b   Data           8  usart.o(.rodata.str1.1)
    .L.str                                   0x08004c23   Data           8  usart.o(.rodata.str1.1)
    .L.str.16                                0x08004c2b   Data           5  usart.o(.rodata.str1.1)
    .L.str.30                                0x08004c30   Data           7  usart.o(.rodata.str1.1)
    .L.str.25                                0x08004c37   Data           8  usart.o(.rodata.str1.1)
    .L.str.34                                0x08004c3f   Data           7  usart.o(.rodata.str1.1)
    .L.str.18                                0x08004c46   Data           6  usart.o(.rodata.str1.1)
    .L.str.17                                0x08004c4c   Data           5  usart.o(.rodata.str1.1)
    locale$$data                             0x08004c74   Section       28  lc_numeric_c.o(locale$$data)
    __lcnum_c_name                           0x08004c78   Data           2  lc_numeric_c.o(locale$$data)
    __lcnum_c_start                          0x08004c80   Data           0  lc_numeric_c.o(locale$$data)
    __lcnum_c_point                          0x08004c8c   Data           0  lc_numeric_c.o(locale$$data)
    __lcnum_c_thousands                      0x08004c8e   Data           0  lc_numeric_c.o(locale$$data)
    __lcnum_c_grouping                       0x08004c8f   Data           0  lc_numeric_c.o(locale$$data)
    __lcnum_c_end                            0x08004c90   Data           0  lc_numeric_c.o(locale$$data)
    locale$$data                             0x08004c90   Section      272  lc_ctype_c.o(locale$$data)
    __lcctype_c_name                         0x08004c94   Data           2  lc_ctype_c.o(locale$$data)
    __lcctype_c_start                        0x08004c9c   Data           0  lc_ctype_c.o(locale$$data)
    __lcctype_c_end                          0x08004da0   Data           0  lc_ctype_c.o(locale$$data)
    big_sampleBuffer                         0x20000004   Data         120  adc.o(.data.big_sampleBuffer)
    [Anonymous Symbol]                       0x20000004   Section        0  adc.o(.data.big_sampleBuffer)
    .bss                                     0x20000080   Section       96  libspace.o(.bss)
    MovementDetected.last_Ax                 0x20000104   Data           2  i2c.o(.bss.MovementDetected.last_Ax)
    [Anonymous Symbol]                       0x20000104   Section        0  i2c.o(.bss.MovementDetected.last_Ax)
    MovementDetected.last_Ay                 0x20000106   Data           2  i2c.o(.bss.MovementDetected.last_Ay)
    [Anonymous Symbol]                       0x20000106   Section        0  i2c.o(.bss.MovementDetected.last_Ay)
    MovementDetected.last_Az                 0x20000108   Data           2  i2c.o(.bss.MovementDetected.last_Az)
    [Anonymous Symbol]                       0x20000108   Section        0  i2c.o(.bss.MovementDetected.last_Az)
    buff_index                               0x20000130   Data           4  adc.o(.bss.buff_index)
    [Anonymous Symbol]                       0x20000130   Section        0  adc.o(.bss.buff_index)
    c0                                       0x20000134   Data           4  spi.o(.bss.c0)
    [Anonymous Symbol]                       0x20000134   Section        0  spi.o(.bss.c0)
    c00                                      0x20000138   Data           4  spi.o(.bss.c00)
    [Anonymous Symbol]                       0x20000138   Section        0  spi.o(.bss.c00)
    c01                                      0x2000013c   Data           4  spi.o(.bss.c01)
    [Anonymous Symbol]                       0x2000013c   Section        0  spi.o(.bss.c01)
    c1                                       0x20000140   Data           4  spi.o(.bss.c1)
    [Anonymous Symbol]                       0x20000140   Section        0  spi.o(.bss.c1)
    c10                                      0x20000144   Data           4  spi.o(.bss.c10)
    [Anonymous Symbol]                       0x20000144   Section        0  spi.o(.bss.c10)
    c11                                      0x20000148   Data           4  spi.o(.bss.c11)
    [Anonymous Symbol]                       0x20000148   Section        0  spi.o(.bss.c11)
    c20                                      0x2000014c   Data           4  spi.o(.bss.c20)
    [Anonymous Symbol]                       0x2000014c   Section        0  spi.o(.bss.c20)
    c21                                      0x20000150   Data           4  spi.o(.bss.c21)
    [Anonymous Symbol]                       0x20000150   Section        0  spi.o(.bss.c21)
    c30                                      0x20000154   Data           4  spi.o(.bss.c30)
    [Anonymous Symbol]                       0x20000154   Section        0  spi.o(.bss.c30)
    hr_beatTriggered                         0x2000015c   Data           1  adc.o(.bss.hr_beatTriggered)
    [Anonymous Symbol]                       0x2000015c   Section        0  adc.o(.bss.hr_beatTriggered)
    hr_currentBPM                            0x20000160   Data           4  adc.o(.bss.hr_currentBPM)
    [Anonymous Symbol]                       0x20000160   Section        0  adc.o(.bss.hr_currentBPM)
    hr_prevBeatTime                          0x20000164   Data           4  adc.o(.bss.hr_prevBeatTime)
    [Anonymous Symbol]                       0x20000164   Section        0  adc.o(.bss.hr_prevBeatTime)
    hr_sampleBuffer                          0x20000168   Data         200  adc.o(.bss.hr_sampleBuffer)
    [Anonymous Symbol]                       0x20000168   Section        0  adc.o(.bss.hr_sampleBuffer)
    hr_sampleIndex                           0x20000230   Data           1  adc.o(.bss.hr_sampleIndex)
    [Anonymous Symbol]                       0x20000230   Section        0  adc.o(.bss.hr_sampleIndex)
    spi_rx_buf                               0x2000024c   Data           7  spi.o(.bss.spi_rx_buf)
    [Anonymous Symbol]                       0x2000024c   Section        0  spi.o(.bss.spi_rx_buf)
    spi_rx_index                             0x20000253   Data           1  spi.o(.bss.spi_rx_index)
    [Anonymous Symbol]                       0x20000253   Section        0  spi.o(.bss.spi_rx_index)
    Heap_Mem                                 0x20000268   Data         512  startup_stm32f429xx.o(HEAP)
    HEAP                                     0x20000268   Section      512  startup_stm32f429xx.o(HEAP)
    Stack_Mem                                0x20000468   Data        1024  startup_stm32f429xx.o(STACK)
    STACK                                    0x20000468   Section     1024  startup_stm32f429xx.o(STACK)
    __initial_sp                             0x20000868   Data           0  startup_stm32f429xx.o(STACK)

    Global Symbols

    Symbol Name                              Value     Ov Type        Size  Object(Section)

    BuildAttributes$$THM_ISAv4$E$P$D$K$B$S$7EM$VFPi3$EXTD16$VFPS$VFMA$PE$A:L22UL41UL21$X:L11$S22US41US21$IEEE1$IW$~IW$USESV6$~STKCKD$USESV7$WCHAR32$ENUMINT$~SHL$OTIME$ROPI$IEEEJ$EBA8$UX$STANDARDLIB$REQ8$PRES8$EABIv2 0x00000000   Number         0  anon$$obj.o ABSOLUTE
    _printf_flags                            0x00000000   Number         0  printf_stubs.o ABSOLUTE
    _printf_return_value                     0x00000000   Number         0  printf_stubs.o ABSOLUTE
    _printf_sizespec                         0x00000000   Number         0  printf_stubs.o ABSOLUTE
    _printf_widthprec                        0x00000000   Number         0  printf_stubs.o ABSOLUTE
    __ARM_exceptions_init                     - Undefined Weak Reference
    __alloca_initialize                       - Undefined Weak Reference
    __arm_preinit_                            - Undefined Weak Reference
    __arm_relocate_pie_                       - Undefined Weak Reference
    __cpp_initialize__aeabi_                  - Undefined Weak Reference
    __cxa_finalize                            - Undefined Weak Reference
    __sigvec_lookup                           - Undefined Weak Reference
    _atexit_init                              - Undefined Weak Reference
    _call_atexit_fns                          - Undefined Weak Reference
    _clock_init                               - Undefined Weak Reference
    _fp_trap_init                             - Undefined Weak Reference
    _fp_trap_shutdown                         - Undefined Weak Reference
    _get_lc_collate                           - Undefined Weak Reference
    _get_lc_monetary                          - Undefined Weak Reference
    _get_lc_time                              - Undefined Weak Reference
    _getenv_init                              - Undefined Weak Reference
    _handle_redirection                       - Undefined Weak Reference
    _init_alloc                               - Undefined Weak Reference
    _init_user_alloc                          - Undefined Weak Reference
    _initio                                   - Undefined Weak Reference
    _printf_mbtowc                            - Undefined Weak Reference
    _printf_wc                                - Undefined Weak Reference
    _rand_init                                - Undefined Weak Reference
    _signal_finish                            - Undefined Weak Reference
    _signal_init                              - Undefined Weak Reference
    _terminate_alloc                          - Undefined Weak Reference
    _terminate_user_alloc                     - Undefined Weak Reference
    _terminateio                              - Undefined Weak Reference
    __Vectors_Size                           0x000001ac   Number         0  startup_stm32f429xx.o ABSOLUTE
    __Vectors                                0x08000000   Data           4  startup_stm32f429xx.o(RESET)
    __Vectors_End                            0x080001ac   Data           0  startup_stm32f429xx.o(RESET)
    __main                                   0x080001ad   Thumb Code     8  __main.o(!!!main)
    __scatterload                            0x080001b5   Thumb Code     0  __scatter.o(!!!scatter)
    __scatterload_rt2                        0x080001b5   Thumb Code    44  __scatter.o(!!!scatter)
    __scatterload_rt2_thumb_only             0x080001b5   Thumb Code     0  __scatter.o(!!!scatter)
    __scatterload_null                       0x080001c3   Thumb Code     0  __scatter.o(!!!scatter)
    __scatterload_copy                       0x080001e9   Thumb Code    26  __scatter_copy.o(!!handler_copy)
    __scatterload_zeroinit                   0x08000205   Thumb Code    28  __scatter_zi.o(!!handler_zi)
    _printf_n                                0x08000221   Thumb Code     0  _printf_n.o(.ARM.Collect$$_printf_percent$$00000001)
    _printf_percent                          0x08000221   Thumb Code     0  _printf_percent.o(.ARM.Collect$$_printf_percent$$00000000)
    _printf_p                                0x08000227   Thumb Code     0  _printf_p.o(.ARM.Collect$$_printf_percent$$00000002)
    _printf_f                                0x0800022d   Thumb Code     0  _printf_f.o(.ARM.Collect$$_printf_percent$$00000003)
    _printf_e                                0x08000233   Thumb Code     0  _printf_e.o(.ARM.Collect$$_printf_percent$$00000004)
    _printf_g                                0x08000239   Thumb Code     0  _printf_g.o(.ARM.Collect$$_printf_percent$$00000005)
    _printf_a                                0x0800023f   Thumb Code     0  _printf_a.o(.ARM.Collect$$_printf_percent$$00000006)
    _printf_ll                               0x08000245   Thumb Code     0  _printf_ll.o(.ARM.Collect$$_printf_percent$$00000007)
    _printf_i                                0x0800024f   Thumb Code     0  _printf_i.o(.ARM.Collect$$_printf_percent$$00000008)
    _printf_d                                0x08000255   Thumb Code     0  _printf_d.o(.ARM.Collect$$_printf_percent$$00000009)
    _printf_u                                0x0800025b   Thumb Code     0  _printf_u.o(.ARM.Collect$$_printf_percent$$0000000A)
    _printf_o                                0x08000261   Thumb Code     0  _printf_o.o(.ARM.Collect$$_printf_percent$$0000000B)
    _printf_x                                0x08000267   Thumb Code     0  _printf_x.o(.ARM.Collect$$_printf_percent$$0000000C)
    _printf_lli                              0x0800026d   Thumb Code     0  _printf_lli.o(.ARM.Collect$$_printf_percent$$0000000D)
    _printf_lld                              0x08000273   Thumb Code     0  _printf_lld.o(.ARM.Collect$$_printf_percent$$0000000E)
    _printf_llu                              0x08000279   Thumb Code     0  _printf_llu.o(.ARM.Collect$$_printf_percent$$0000000F)
    _printf_llo                              0x0800027f   Thumb Code     0  _printf_llo.o(.ARM.Collect$$_printf_percent$$00000010)
    _printf_llx                              0x08000285   Thumb Code     0  _printf_llx.o(.ARM.Collect$$_printf_percent$$00000011)
    _printf_l                                0x0800028b   Thumb Code     0  _printf_l.o(.ARM.Collect$$_printf_percent$$00000012)
    _printf_c                                0x08000295   Thumb Code     0  _printf_c.o(.ARM.Collect$$_printf_percent$$00000013)
    _printf_s                                0x0800029b   Thumb Code     0  _printf_s.o(.ARM.Collect$$_printf_percent$$00000014)
    _printf_lc                               0x080002a1   Thumb Code     0  _printf_lc.o(.ARM.Collect$$_printf_percent$$00000015)
    _printf_ls                               0x080002a7   Thumb Code     0  _printf_ls.o(.ARM.Collect$$_printf_percent$$00000016)
    _printf_percent_end                      0x080002ad   Thumb Code     0  _printf_percent_end.o(.ARM.Collect$$_printf_percent$$00000017)
    __rt_lib_init                            0x080002b1   Thumb Code     0  libinit.o(.ARM.Collect$$libinit$$00000000)
    __rt_lib_init_fp_1                       0x080002b3   Thumb Code     0  libinit2.o(.ARM.Collect$$libinit$$00000001)
    __rt_lib_init_heap_1                     0x080002b7   Thumb Code     0  libinit2.o(.ARM.Collect$$libinit$$0000000C)
    __rt_lib_init_lc_common                  0x080002b7   Thumb Code     0  libinit2.o(.ARM.Collect$$libinit$$00000011)
    __rt_lib_init_preinit_1                  0x080002b7   Thumb Code     0  libinit2.o(.ARM.Collect$$libinit$$00000006)
    __rt_lib_init_rand_1                     0x080002b7   Thumb Code     0  libinit2.o(.ARM.Collect$$libinit$$00000010)
    __rt_lib_init_relocate_pie_1             0x080002b7   Thumb Code     0  libinit2.o(.ARM.Collect$$libinit$$00000004)
    __rt_lib_init_user_alloc_1               0x080002b7   Thumb Code     0  libinit2.o(.ARM.Collect$$libinit$$0000000E)
    __rt_lib_init_lc_collate_1               0x080002bd   Thumb Code     0  libinit2.o(.ARM.Collect$$libinit$$00000013)
    __rt_lib_init_lc_ctype_2                 0x080002bd   Thumb Code     0  libinit2.o(.ARM.Collect$$libinit$$00000014)
    __rt_lib_init_lc_ctype_1                 0x080002c9   Thumb Code     0  libinit2.o(.ARM.Collect$$libinit$$00000015)
    __rt_lib_init_lc_monetary_1              0x080002c9   Thumb Code     0  libinit2.o(.ARM.Collect$$libinit$$00000017)
    __rt_lib_init_lc_numeric_2               0x080002c9   Thumb Code     0  libinit2.o(.ARM.Collect$$libinit$$00000018)
    __rt_lib_init_alloca_1                   0x080002d3   Thumb Code     0  libinit2.o(.ARM.Collect$$libinit$$00000030)
    __rt_lib_init_argv_1                     0x080002d3   Thumb Code     0  libinit2.o(.ARM.Collect$$libinit$$0000002E)
    __rt_lib_init_atexit_1                   0x080002d3   Thumb Code     0  libinit2.o(.ARM.Collect$$libinit$$0000001D)
    __rt_lib_init_clock_1                    0x080002d3   Thumb Code     0  libinit2.o(.ARM.Collect$$libinit$$00000023)
    __rt_lib_init_cpp_1                      0x080002d3   Thumb Code     0  libinit2.o(.ARM.Collect$$libinit$$00000034)
    __rt_lib_init_exceptions_1               0x080002d3   Thumb Code     0  libinit2.o(.ARM.Collect$$libinit$$00000032)
    __rt_lib_init_fp_trap_1                  0x080002d3   Thumb Code     0  libinit2.o(.ARM.Collect$$libinit$$00000021)
    __rt_lib_init_getenv_1                   0x080002d3   Thumb Code     0  libinit2.o(.ARM.Collect$$libinit$$00000025)
    __rt_lib_init_lc_numeric_1               0x080002d3   Thumb Code     0  libinit2.o(.ARM.Collect$$libinit$$00000019)
    __rt_lib_init_lc_time_1                  0x080002d3   Thumb Code     0  libinit2.o(.ARM.Collect$$libinit$$0000001B)
    __rt_lib_init_return                     0x080002d3   Thumb Code     0  libinit2.o(.ARM.Collect$$libinit$$00000035)
    __rt_lib_init_signal_1                   0x080002d3   Thumb Code     0  libinit2.o(.ARM.Collect$$libinit$$0000001F)
    __rt_lib_init_stdio_1                    0x080002d3   Thumb Code     0  libinit2.o(.ARM.Collect$$libinit$$00000027)
    __rt_lib_shutdown                        0x080002d5   Thumb Code     0  libshutdown.o(.ARM.Collect$$libshutdown$$00000000)
    __rt_lib_shutdown_cpp_1                  0x080002d7   Thumb Code     0  libshutdown2.o(.ARM.Collect$$libshutdown$$00000002)
    __rt_lib_shutdown_fp_trap_1              0x080002d7   Thumb Code     0  libshutdown2.o(.ARM.Collect$$libshutdown$$00000007)
    __rt_lib_shutdown_heap_1                 0x080002d7   Thumb Code     0  libshutdown2.o(.ARM.Collect$$libshutdown$$0000000F)
    __rt_lib_shutdown_return                 0x080002d7   Thumb Code     0  libshutdown2.o(.ARM.Collect$$libshutdown$$00000010)
    __rt_lib_shutdown_signal_1               0x080002d7   Thumb Code     0  libshutdown2.o(.ARM.Collect$$libshutdown$$0000000A)
    __rt_lib_shutdown_stdio_1                0x080002d7   Thumb Code     0  libshutdown2.o(.ARM.Collect$$libshutdown$$00000004)
    __rt_lib_shutdown_user_alloc_1           0x080002d7   Thumb Code     0  libshutdown2.o(.ARM.Collect$$libshutdown$$0000000C)
    __rt_entry                               0x080002d9   Thumb Code     0  __rtentry.o(.ARM.Collect$$rtentry$$00000000)
    __rt_entry_presh_1                       0x080002d9   Thumb Code     0  __rtentry2.o(.ARM.Collect$$rtentry$$00000002)
    __rt_entry_sh                            0x080002d9   Thumb Code     0  __rtentry4.o(.ARM.Collect$$rtentry$$00000004)
    __rt_entry_li                            0x080002df   Thumb Code     0  __rtentry2.o(.ARM.Collect$$rtentry$$0000000A)
    __rt_entry_postsh_1                      0x080002df   Thumb Code     0  __rtentry2.o(.ARM.Collect$$rtentry$$00000009)
    __rt_entry_main                          0x080002e3   Thumb Code     0  __rtentry2.o(.ARM.Collect$$rtentry$$0000000D)
    __rt_entry_postli_1                      0x080002e3   Thumb Code     0  __rtentry2.o(.ARM.Collect$$rtentry$$0000000C)
    __rt_exit                                0x080002eb   Thumb Code     0  rtexit.o(.ARM.Collect$$rtexit$$00000000)
    __rt_exit_ls                             0x080002ed   Thumb Code     0  rtexit2.o(.ARM.Collect$$rtexit$$00000003)
    __rt_exit_prels_1                        0x080002ed   Thumb Code     0  rtexit2.o(.ARM.Collect$$rtexit$$00000002)
    __rt_exit_exit                           0x080002f1   Thumb Code     0  rtexit2.o(.ARM.Collect$$rtexit$$00000004)
    Reset_Handler                            0x080002f9   Thumb Code     8  startup_stm32f429xx.o(.text)
    NMI_Handler                              0x08000301   Thumb Code     2  startup_stm32f429xx.o(.text)
    HardFault_Handler                        0x08000303   Thumb Code     2  startup_stm32f429xx.o(.text)
    MemManage_Handler                        0x08000305   Thumb Code     2  startup_stm32f429xx.o(.text)
    BusFault_Handler                         0x08000307   Thumb Code     2  startup_stm32f429xx.o(.text)
    UsageFault_Handler                       0x08000309   Thumb Code     2  startup_stm32f429xx.o(.text)
    SVC_Handler                              0x0800030b   Thumb Code     2  startup_stm32f429xx.o(.text)
    DebugMon_Handler                         0x0800030d   Thumb Code     2  startup_stm32f429xx.o(.text)
    PendSV_Handler                           0x0800030f   Thumb Code     2  startup_stm32f429xx.o(.text)
    SysTick_Handler                          0x08000311   Thumb Code     2  startup_stm32f429xx.o(.text)
    ADC_IRQHandler                           0x08000313   Thumb Code     0  startup_stm32f429xx.o(.text)
    CAN1_RX0_IRQHandler                      0x08000313   Thumb Code     0  startup_stm32f429xx.o(.text)
    CAN1_RX1_IRQHandler                      0x08000313   Thumb Code     0  startup_stm32f429xx.o(.text)
    CAN1_SCE_IRQHandler                      0x08000313   Thumb Code     0  startup_stm32f429xx.o(.text)
    CAN1_TX_IRQHandler                       0x08000313   Thumb Code     0  startup_stm32f429xx.o(.text)
    CAN2_RX0_IRQHandler                      0x08000313   Thumb Code     0  startup_stm32f429xx.o(.text)
    CAN2_RX1_IRQHandler                      0x08000313   Thumb Code     0  startup_stm32f429xx.o(.text)
    CAN2_SCE_IRQHandler                      0x08000313   Thumb Code     0  startup_stm32f429xx.o(.text)
    CAN2_TX_IRQHandler                       0x08000313   Thumb Code     0  startup_stm32f429xx.o(.text)
    DCMI_IRQHandler                          0x08000313   Thumb Code     0  startup_stm32f429xx.o(.text)
    DMA1_Stream0_IRQHandler                  0x08000313   Thumb Code     0  startup_stm32f429xx.o(.text)
    DMA1_Stream1_IRQHandler                  0x08000313   Thumb Code     0  startup_stm32f429xx.o(.text)
    DMA1_Stream2_IRQHandler                  0x08000313   Thumb Code     0  startup_stm32f429xx.o(.text)
    DMA1_Stream3_IRQHandler                  0x08000313   Thumb Code     0  startup_stm32f429xx.o(.text)
    DMA1_Stream4_IRQHandler                  0x08000313   Thumb Code     0  startup_stm32f429xx.o(.text)
    DMA1_Stream5_IRQHandler                  0x08000313   Thumb Code     0  startup_stm32f429xx.o(.text)
    DMA1_Stream6_IRQHandler                  0x08000313   Thumb Code     0  startup_stm32f429xx.o(.text)
    DMA1_Stream7_IRQHandler                  0x08000313   Thumb Code     0  startup_stm32f429xx.o(.text)
    DMA2D_IRQHandler                         0x08000313   Thumb Code     0  startup_stm32f429xx.o(.text)
    DMA2_Stream0_IRQHandler                  0x08000313   Thumb Code     0  startup_stm32f429xx.o(.text)
    DMA2_Stream1_IRQHandler                  0x08000313   Thumb Code     0  startup_stm32f429xx.o(.text)
    DMA2_Stream2_IRQHandler                  0x08000313   Thumb Code     0  startup_stm32f429xx.o(.text)
    DMA2_Stream3_IRQHandler                  0x08000313   Thumb Code     0  startup_stm32f429xx.o(.text)
    DMA2_Stream4_IRQHandler                  0x08000313   Thumb Code     0  startup_stm32f429xx.o(.text)
    DMA2_Stream5_IRQHandler                  0x08000313   Thumb Code     0  startup_stm32f429xx.o(.text)
    DMA2_Stream6_IRQHandler                  0x08000313   Thumb Code     0  startup_stm32f429xx.o(.text)
    DMA2_Stream7_IRQHandler                  0x08000313   Thumb Code     0  startup_stm32f429xx.o(.text)
    ETH_IRQHandler                           0x08000313   Thumb Code     0  startup_stm32f429xx.o(.text)
    ETH_WKUP_IRQHandler                      0x08000313   Thumb Code     0  startup_stm32f429xx.o(.text)
    EXTI4_IRQHandler                         0x08000313   Thumb Code     0  startup_stm32f429xx.o(.text)
    EXTI9_5_IRQHandler                       0x08000313   Thumb Code     0  startup_stm32f429xx.o(.text)
    FLASH_IRQHandler                         0x08000313   Thumb Code     0  startup_stm32f429xx.o(.text)
    FMC_IRQHandler                           0x08000313   Thumb Code     0  startup_stm32f429xx.o(.text)
    FPU_IRQHandler                           0x08000313   Thumb Code     0  startup_stm32f429xx.o(.text)
    HASH_RNG_IRQHandler                      0x08000313   Thumb Code     0  startup_stm32f429xx.o(.text)
    I2C1_ER_IRQHandler                       0x08000313   Thumb Code     0  startup_stm32f429xx.o(.text)
    I2C1_EV_IRQHandler                       0x08000313   Thumb Code     0  startup_stm32f429xx.o(.text)
    I2C2_ER_IRQHandler                       0x08000313   Thumb Code     0  startup_stm32f429xx.o(.text)
    I2C2_EV_IRQHandler                       0x08000313   Thumb Code     0  startup_stm32f429xx.o(.text)
    I2C3_ER_IRQHandler                       0x08000313   Thumb Code     0  startup_stm32f429xx.o(.text)
    I2C3_EV_IRQHandler                       0x08000313   Thumb Code     0  startup_stm32f429xx.o(.text)
    LTDC_ER_IRQHandler                       0x08000313   Thumb Code     0  startup_stm32f429xx.o(.text)
    LTDC_IRQHandler                          0x08000313   Thumb Code     0  startup_stm32f429xx.o(.text)
    OTG_FS_IRQHandler                        0x08000313   Thumb Code     0  startup_stm32f429xx.o(.text)
    OTG_FS_WKUP_IRQHandler                   0x08000313   Thumb Code     0  startup_stm32f429xx.o(.text)
    OTG_HS_EP1_IN_IRQHandler                 0x08000313   Thumb Code     0  startup_stm32f429xx.o(.text)
    OTG_HS_EP1_OUT_IRQHandler                0x08000313   Thumb Code     0  startup_stm32f429xx.o(.text)
    OTG_HS_IRQHandler                        0x08000313   Thumb Code     0  startup_stm32f429xx.o(.text)
    OTG_HS_WKUP_IRQHandler                   0x08000313   Thumb Code     0  startup_stm32f429xx.o(.text)
    PVD_IRQHandler                           0x08000313   Thumb Code     0  startup_stm32f429xx.o(.text)
    RCC_IRQHandler                           0x08000313   Thumb Code     0  startup_stm32f429xx.o(.text)
    RTC_Alarm_IRQHandler                     0x08000313   Thumb Code     0  startup_stm32f429xx.o(.text)
    RTC_WKUP_IRQHandler                      0x08000313   Thumb Code     0  startup_stm32f429xx.o(.text)
    SAI1_IRQHandler                          0x08000313   Thumb Code     0  startup_stm32f429xx.o(.text)
    SDIO_IRQHandler                          0x08000313   Thumb Code     0  startup_stm32f429xx.o(.text)
    SPI2_IRQHandler                          0x08000313   Thumb Code     0  startup_stm32f429xx.o(.text)
    SPI3_IRQHandler                          0x08000313   Thumb Code     0  startup_stm32f429xx.o(.text)
    SPI4_IRQHandler                          0x08000313   Thumb Code     0  startup_stm32f429xx.o(.text)
    SPI5_IRQHandler                          0x08000313   Thumb Code     0  startup_stm32f429xx.o(.text)
    SPI6_IRQHandler                          0x08000313   Thumb Code     0  startup_stm32f429xx.o(.text)
    TAMP_STAMP_IRQHandler                    0x08000313   Thumb Code     0  startup_stm32f429xx.o(.text)
    TIM1_BRK_TIM9_IRQHandler                 0x08000313   Thumb Code     0  startup_stm32f429xx.o(.text)
    TIM1_CC_IRQHandler                       0x08000313   Thumb Code     0  startup_stm32f429xx.o(.text)
    TIM1_TRG_COM_TIM11_IRQHandler            0x08000313   Thumb Code     0  startup_stm32f429xx.o(.text)
    TIM1_UP_TIM10_IRQHandler                 0x08000313   Thumb Code     0  startup_stm32f429xx.o(.text)
    TIM4_IRQHandler                          0x08000313   Thumb Code     0  startup_stm32f429xx.o(.text)
    TIM5_IRQHandler                          0x08000313   Thumb Code     0  startup_stm32f429xx.o(.text)
    TIM6_DAC_IRQHandler                      0x08000313   Thumb Code     0  startup_stm32f429xx.o(.text)
    TIM8_BRK_TIM12_IRQHandler                0x08000313   Thumb Code     0  startup_stm32f429xx.o(.text)
    TIM8_CC_IRQHandler                       0x08000313   Thumb Code     0  startup_stm32f429xx.o(.text)
    TIM8_TRG_COM_TIM14_IRQHandler            0x08000313   Thumb Code     0  startup_stm32f429xx.o(.text)
    TIM8_UP_TIM13_IRQHandler                 0x08000313   Thumb Code     0  startup_stm32f429xx.o(.text)
    UART4_IRQHandler                         0x08000313   Thumb Code     0  startup_stm32f429xx.o(.text)
    UART5_IRQHandler                         0x08000313   Thumb Code     0  startup_stm32f429xx.o(.text)
    UART7_IRQHandler                         0x08000313   Thumb Code     0  startup_stm32f429xx.o(.text)
    UART8_IRQHandler                         0x08000313   Thumb Code     0  startup_stm32f429xx.o(.text)
    USART1_IRQHandler                        0x08000313   Thumb Code     0  startup_stm32f429xx.o(.text)
    USART2_IRQHandler                        0x08000313   Thumb Code     0  startup_stm32f429xx.o(.text)
    USART3_IRQHandler                        0x08000313   Thumb Code     0  startup_stm32f429xx.o(.text)
    USART6_IRQHandler                        0x08000313   Thumb Code     0  startup_stm32f429xx.o(.text)
    WWDG_IRQHandler                          0x08000313   Thumb Code     0  startup_stm32f429xx.o(.text)
    __user_initial_stackheap                 0x08000315   Thumb Code     0  startup_stm32f429xx.o(.text)
    sprintf                                  0x08000339   Thumb Code    38  sprintf.o(.text)
    __use_two_region_memory                  0x08000365   Thumb Code     2  heapauxi.o(.text)
    __rt_heap_escrow$2region                 0x08000367   Thumb Code     2  heapauxi.o(.text)
    __rt_heap_expand$2region                 0x08000369   Thumb Code     2  heapauxi.o(.text)
    _printf_pre_padding                      0x0800036b   Thumb Code    44  _printf_pad.o(.text)
    _printf_post_padding                     0x08000397   Thumb Code    34  _printf_pad.o(.text)
    _printf_truncate_signed                  0x080003b9   Thumb Code    18  _printf_truncate.o(.text)
    _printf_truncate_unsigned                0x080003cb   Thumb Code    18  _printf_truncate.o(.text)
    _printf_str                              0x080003dd   Thumb Code    82  _printf_str.o(.text)
    _printf_int_dec                          0x08000431   Thumb Code   104  _printf_dec.o(.text)
    _printf_charcount                        0x080004a9   Thumb Code    40  _printf_charcount.o(.text)
    _printf_char_common                      0x080004db   Thumb Code    32  _printf_char_common.o(.text)
    _sputc                                   0x08000501   Thumb Code    10  _sputc.o(.text)
    _printf_wctomb                           0x0800050d   Thumb Code   182  _printf_wctomb.o(.text)
    _printf_longlong_dec                     0x080005c9   Thumb Code   108  _printf_longlong_dec.o(.text)
    _printf_longlong_oct                     0x08000645   Thumb Code    68  _printf_oct_int_ll.o(.text)
    _printf_int_oct                          0x08000689   Thumb Code    24  _printf_oct_int_ll.o(.text)
    _printf_ll_oct                           0x080006a1   Thumb Code    12  _printf_oct_int_ll.o(.text)
    _printf_longlong_hex                     0x080006b5   Thumb Code    86  _printf_hex_int_ll_ptr.o(.text)
    _printf_int_hex                          0x0800070b   Thumb Code    28  _printf_hex_int_ll_ptr.o(.text)
    _printf_ll_hex                           0x08000727   Thumb Code    12  _printf_hex_int_ll_ptr.o(.text)
    _printf_hex_ptr                          0x08000733   Thumb Code    18  _printf_hex_int_ll_ptr.o(.text)
    __printf                                 0x08000749   Thumb Code   388  __printf_flags_ss_wp.o(.text)
    _ll_udiv10                               0x080008d1   Thumb Code   138  lludiv10.o(.text)
    _printf_int_common                       0x0800095b   Thumb Code   178  _printf_intcommon.o(.text)
    _printf_fp_dec_real                      0x08000bbd   Thumb Code   620  _printf_fp_dec.o(.text)
    _printf_fp_hex_real                      0x08000e29   Thumb Code   756  _printf_fp_hex.o(.text)
    _printf_cs_common                        0x08001125   Thumb Code    20  _printf_char.o(.text)
    _printf_char                             0x08001139   Thumb Code    16  _printf_char.o(.text)
    _printf_string                           0x08001149   Thumb Code     8  _printf_char.o(.text)
    _printf_lcs_common                       0x08001151   Thumb Code    20  _printf_wchar.o(.text)
    _printf_wchar                            0x08001165   Thumb Code    16  _printf_wchar.o(.text)
    _printf_wstring                          0x08001175   Thumb Code     8  _printf_wchar.o(.text)
    _c32rtomb                                0x0800117d   Thumb Code    72  _c32rtomb.o(.text)
    _wcrtomb                                 0x0800117d   Thumb Code     0  _c32rtomb.o(.text)
    __user_setup_stackheap                   0x080011c5   Thumb Code    74  sys_stackheap_outer.o(.text)
    __rt_ctype_table                         0x08001211   Thumb Code    16  rt_ctype_table.o(.text)
    __rt_locale                              0x08001221   Thumb Code     8  rt_locale_intlibspace.o(.text)
    _printf_fp_infnan                        0x08001229   Thumb Code   112  _printf_fp_infnan.o(.text)
    _btod_etento                             0x080012a9   Thumb Code   224  bigflt0.o(.text)
    exit                                     0x0800138d   Thumb Code    18  exit.o(.text)
    __user_libspace                          0x080013a1   Thumb Code     8  libspace.o(.text)
    __user_perproc_libspace                  0x080013a1   Thumb Code     0  libspace.o(.text)
    __user_perthread_libspace                0x080013a1   Thumb Code     0  libspace.o(.text)
    strcmp                                   0x080013a9   Thumb Code   124  strcmpv7em.o(.text)
    _sys_exit                                0x08001425   Thumb Code     8  sys_exit.o(.text)
    __I$use$semihosting                      0x08001431   Thumb Code     0  use_no_semi.o(.text)
    __use_no_semihosting_swi                 0x08001431   Thumb Code     2  use_no_semi.o(.text)
    __semihosting_library_function           0x08001433   Thumb Code     0  indicate_semi.o(.text)
    ADC_Get_HeartRateBPM                     0x08001435   Thumb Code    12  adc.o(.text.ADC_Get_HeartRateBPM)
    ADC_Get_MinMax                           0x08001441   Thumb Code   158  adc.o(.text.ADC_Get_MinMax)
    ADC_HeartRate_Init                       0x080014e1   Thumb Code    44  adc.o(.text.ADC_HeartRate_Init)
    ADC_HeartRate_Update                     0x0800150d   Thumb Code   282  adc.o(.text.ADC_HeartRate_Update)
    Absolute                                 0x08001629   Thumb Code    34  i2c.o(.text.Absolute)
    BAR_INIT                                 0x0800164d   Thumb Code   162  led.o(.text.BAR_INIT)
    BUZZ_INIT                                0x080016f1   Thumb Code    12  buzz.o(.text.BUZZ_INIT)
    Buttons_init                             0x080016fd   Thumb Code   136  button.o(.text.Buttons_init)
    DAC2_DC                                  0x08001785   Thumb Code    30  dac.o(.text.DAC2_DC)
    DAC_INIT                                 0x080017a5   Thumb Code    64  dac.o(.text.DAC_INIT)
    Delay                                    0x080017e5   Thumb Code    46  tim.o(.text.Delay)
    EXTI0_IRQHandler                         0x08001815   Thumb Code    92  button.o(.text.EXTI0_IRQHandler)
    EXTI15_10_IRQHandler                     0x08001871   Thumb Code   162  button.o(.text.EXTI15_10_IRQHandler)
    EXTI1_IRQHandler                         0x08001915   Thumb Code    50  button.o(.text.EXTI1_IRQHandler)
    EXTI2_IRQHandler                         0x08001949   Thumb Code    96  button.o(.text.EXTI2_IRQHandler)
    EXTI3_IRQHandler                         0x080019a9   Thumb Code    50  button.o(.text.EXTI3_IRQHandler)
    Hold                                     0x080019dd   Thumb Code    16  button.o(.text.Hold)
    IMU_INIT                                 0x080019ed   Thumb Code   306  i2c.o(.text.IMU_INIT)
    Init_ADC                                 0x08001b21   Thumb Code   114  adc.o(.text.Init_ADC)
    Init_BuzzBuzz                            0x08001b95   Thumb Code    90  buzz.o(.text.Init_BuzzBuzz)
    Init_Timer2                              0x08001bf1   Thumb Code    92  tim.o(.text.Init_Timer2)
    Init_Timer7                              0x08001c4d   Thumb Code    96  buzz.o(.text.Init_Timer7)
    Init_USART                               0x08001cad   Thumb Code   216  usart.o(.text.Init_USART)
    LCD_INIT                                 0x08001d85   Thumb Code   142  lcd.o(.text.LCD_INIT)
    LCD_strobe                               0x08001e15   Thumb Code    46  lcd.o(.text.LCD_strobe)
    LED_INIT                                 0x08001e45   Thumb Code   234  led.o(.text.LED_INIT)
    MovementDetected                         0x08001f31   Thumb Code   190  i2c.o(.text.MovementDetected)
    OFFBOARD_LED_ON                          0x08001ff1   Thumb Code    28  led.o(.text.OFFBOARD_LED_ON)
    ONBOARD_LED_OFF                          0x0800200d   Thumb Code    30  led.o(.text.ONBOARD_LED_OFF)
    ONBOARD_LED_ON                           0x0800202d   Thumb Code    28  led.o(.text.ONBOARD_LED_ON)
    PLL_Config                               0x08002049   Thumb Code   180  main.o(.text.PLL_Config)
    SEG_INIT                                 0x080020fd   Thumb Code    84  led.o(.text.SEG_INIT)
    SPI1_IRQHandler                          0x08002151   Thumb Code   394  spi.o(.text.SPI1_IRQHandler)
    SPL06_GPIO_SPI_Init                      0x080022dd   Thumb Code    76  spi.o(.text.SPL06_GPIO_SPI_Init)
    SPL06_Init                               0x08002329   Thumb Code    58  spi.o(.text.SPL06_Init)
    SPL06_ProcessRaw                         0x08002365   Thumb Code   288  spi.o(.text.SPL06_ProcessRaw)
    SPL06_ReadCalibrationCoefficients        0x08002485   Thumb Code   400  spi.o(.text.SPL06_ReadCalibrationCoefficients)
    SPL06_ReadRegister                       0x08002615   Thumb Code   126  spi.o(.text.SPL06_ReadRegister)
    SPL06_SPI1_Init                          0x08002695   Thumb Code    56  spi.o(.text.SPL06_SPI1_Init)
    SPL06_TIM3_Init                          0x080026cd   Thumb Code    86  spi.o(.text.SPL06_TIM3_Init)
    SPL06_WriteRegister                      0x08002725   Thumb Code   124  spi.o(.text.SPL06_WriteRegister)
    SystemCoreClockUpdate                    0x080027a1   Thumb Code   302  system_stm32f4xx.o(.text.SystemCoreClockUpdate)
    SystemInit                               0x080028d1   Thumb Code   110  system_stm32f4xx.o(.text.SystemInit)
    TIM2_IRQHandler                          0x08002941   Thumb Code    30  tim.o(.text.TIM2_IRQHandler)
    TIM3_IRQHandler                          0x08002961   Thumb Code   102  spi.o(.text.TIM3_IRQHandler)
    TIM7_IRQHandler                          0x080029c9   Thumb Code   174  buzz.o(.text.TIM7_IRQHandler)
    WaitLcdBusy                              0x08002a79   Thumb Code   146  lcd.o(.text.WaitLcdBusy)
    Write_RGB_LEDBus                         0x08002b0d   Thumb Code   162  led.o(.text.Write_RGB_LEDBus)
    buffdate                                 0x08002c35   Thumb Code    70  adc.o(.text.buffdate)
    cmdLCD                                   0x08002c7d   Thumb Code    48  lcd.o(.text.cmdLCD)
    createHeartCharacter                     0x08002cad   Thumb Code    64  lcd.o(.text.createHeartCharacter)
    createInverseHeartCharacter              0x08002ced   Thumb Code    64  lcd.o(.text.createInverseHeartCharacter)
    display_menu                             0x08002d2d   Thumb Code   148  usart.o(.text.display_menu)
    get_ADC_voltage                          0x08002dc1   Thumb Code    48  adc.o(.text.get_ADC_voltage)
    getbpm                                   0x08002df1   Thumb Code    78  adc.o(.text.getbpm)
    hide_cursor                              0x08002e41   Thumb Code    16  usart.o(.text.hide_cursor)
    hr_ComputeAverage                        0x08002e51   Thumb Code    78  adc.o(.text.hr_ComputeAverage)
    interrupt_init                           0x08002ea1   Thumb Code   144  button.o(.text.interrupt_init)
    lcd_delayus                              0x08002f31   Thumb Code    80  lcd.o(.text.lcd_delayus)
    main                                     0x08002f81   Thumb Code   246  main.o(.text.main)
    printLCD                                 0x08003079   Thumb Code    36  lcd.o(.text.printLCD)
    process_input                            0x0800309d   Thumb Code   296  usart.o(.text.process_input)
    putLCD                                   0x080031c5   Thumb Code    48  lcd.o(.text.putLCD)
    read_adc                                 0x080031f5   Thumb Code    52  adc.o(.text.read_adc)
    receive_usart                            0x080033a1   Thumb Code    52  usart.o(.text.receive_usart)
    send_string                              0x080033d5   Thumb Code    42  usart.o(.text.send_string)
    send_usart                               0x08003401   Thumb Code    68  usart.o(.text.send_usart)
    setDigit                                 0x08003445   Thumb Code    98  led.o(.text.setDigit)
    set_LCD_data                             0x080034a9   Thumb Code    26  lcd.o(.text.set_LCD_data)
    update_LCD                               0x080034c9   Thumb Code   784  lcd.o(.text.update_LCD)
    update_RGB_bar_from_HR                   0x080037d9   Thumb Code   248  led.o(.text.update_RGB_bar_from_HR)
    update_menu                              0x080038d1   Thumb Code   748  usart.o(.text.update_menu)
    _btod_d2e                                0x08003bbd   Thumb Code    62  btod.o(CL$$btod_d2e)
    _d2e_denorm_low                          0x08003bfb   Thumb Code    70  btod.o(CL$$btod_d2e_denorm_low)
    _d2e_norm_op1                            0x08003c41   Thumb Code    96  btod.o(CL$$btod_d2e_norm_op1)
    __btod_div_common                        0x08003ca1   Thumb Code   696  btod.o(CL$$btod_div_common)
    _e2e                                     0x08003fd9   Thumb Code   220  btod.o(CL$$btod_e2e)
    _btod_ediv                               0x080040b5   Thumb Code    42  btod.o(CL$$btod_ediv)
    _btod_emul                               0x080040df   Thumb Code    42  btod.o(CL$$btod_emul)
    __btod_mult_common                       0x08004109   Thumb Code   580  btod.o(CL$$btod_mult_common)
    __ARM_fpclassify                         0x0800434d   Thumb Code    48  fpclassify.o(i.__ARM_fpclassify)
    _is_digit                                0x0800437d   Thumb Code    14  __printf_wp.o(i._is_digit)
    _get_lc_numeric                          0x0800438d   Thumb Code    44  lc_numeric_c.o(locale$$code)
    _get_lc_ctype                            0x080043b9   Thumb Code    44  lc_ctype_c.o(locale$$code)
    __aeabi_dadd                             0x080043e5   Thumb Code     0  daddsub_clz.o(x$fpl$dadd)
    _dadd                                    0x080043e5   Thumb Code   332  daddsub_clz.o(x$fpl$dadd)
    __fpl_dnaninf                            0x08004535   Thumb Code   156  dnaninf.o(x$fpl$dnaninf)
    __fpl_dretinf                            0x080045d1   Thumb Code    12  dretinf.o(x$fpl$dretinf)
    __aeabi_dsub                             0x080045dd   Thumb Code     0  daddsub_clz.o(x$fpl$dsub)
    _dsub                                    0x080045dd   Thumb Code   472  daddsub_clz.o(x$fpl$dsub)
    __aeabi_f2d                              0x080047b9   Thumb Code     0  f2d.o(x$fpl$f2d)
    _f2d                                     0x080047b9   Thumb Code    86  f2d.o(x$fpl$f2d)
    __fpl_fnaninf                            0x0800480f   Thumb Code   140  fnaninf.o(x$fpl$fnaninf)
    _fp_init                                 0x0800489b   Thumb Code    26  fpinit.o(x$fpl$fpinit)
    __fplib_config_fpu_vfp                   0x080048b3   Thumb Code     0  fpinit.o(x$fpl$fpinit)
    __fplib_config_pureend_doubles           0x080048b3   Thumb Code     0  fpinit.o(x$fpl$fpinit)
    _printf_fp_dec                           0x080048b5   Thumb Code     4  printf1.o(x$fpl$printf1)
    _printf_fp_hex                           0x080048b9   Thumb Code     4  printf2.o(x$fpl$printf2)
    __I$use$fp                               0x080048bc   Number         0  usenofp.o(x$fpl$usenofp)
    AHBPrescTable                            0x080049b8   Data          16  system_stm32f4xx.o(.rodata.AHBPrescTable)
    LED_Values                               0x080049c8   Data          40  led.o(.rodata.LED_Values)
    Region$$Table$$Base                      0x08004c54   Number         0  anon$$obj.o(Region$$Table)
    Region$$Table$$Limit                     0x08004c74   Number         0  anon$$obj.o(Region$$Table)
    __ctype                                  0x08004c9d   Data           0  lc_ctype_c.o(locale$$data)
    SystemCoreClock                          0x20000000   Data           4  system_stm32f4xx.o(.data.SystemCoreClock)
    selected_menu                            0x2000007c   Data           1  usart.o(.data.selected_menu)
    __libspace_start                         0x20000080   Data          96  libspace.o(.bss)
    HR                                       0x200000e0   Data          30  usart.o(.bss.HR)
    __temporary_stack_top$libspace           0x200000e0   Data           0  libspace.o(.bss)
    Menu                                     0x20000100   Data           4  button.o(.bss.Menu)
    TEMP                                     0x2000010a   Data          30  lcd.o(.bss.TEMP)
    adcVal                                   0x20000128   Data           4  adc.o(.bss.adcVal)
    beep                                     0x2000012c   Data           4  buzz.o(.bss.beep)
    counter                                  0x20000158   Data           4  buzz.o(.bss.counter)
    latest_pressure                          0x20000234   Data           4  spi.o(.bss.latest_pressure)
    latest_temperature                       0x20000238   Data           4  spi.o(.bss.latest_temperature)
    maxVal                                   0x2000023c   Data           4  lcd.o(.bss.maxVal)
    minVal                                   0x20000240   Data           4  lcd.o(.bss.minVal)
    onoff                                    0x20000244   Data           4  buzz.o(.bss.onoff)
    pressed                                  0x20000248   Data           4  button.o(.bss.pressed)
    spi_state                                0x20000254   Data           4  spi.o(.bss.spi_state)
    start                                    0x20000258   Data           4  button.o(.bss.start)
    timer_tick                               0x2000025c   Data           4  tim.o(.bss.timer_tick)
    toggle                                   0x20000260   Data           4  lcd.o(.bss.toggle)



==============================================================================

Memory Map of the image

  Image Entry point : 0x080002f9

  Load Region LR_1 (Base: 0x08000000, Size: 0x00004e20, Max: 0xffffffff, ABSOLUTE)

    Execution Region ER_RO (Exec base: 0x08000000, Load base: 0x08000000, Size: 0x00004da0, Max: 0xffffffff, ABSOLUTE)

    Exec Addr    Load Addr    Size         Type   Attr      Idx    E Section Name        Object

    0x08000000   0x08000000   0x000001ac   Data   RO          282    RESET               startup_stm32f429xx.o
    0x080001ac   0x080001ac   0x00000008   Code   RO          309  * !!!main             c_wu.l(__main.o)
    0x080001b4   0x080001b4   0x00000034   Code   RO          676    !!!scatter          c_wu.l(__scatter.o)
    0x080001e8   0x080001e8   0x0000001a   Code   RO          678    !!handler_copy      c_wu.l(__scatter_copy.o)
    0x08000202   0x08000202   0x00000002   PAD
    0x08000204   0x08000204   0x0000001c   Code   RO          680    !!handler_zi        c_wu.l(__scatter_zi.o)
    0x08000220   0x08000220   0x00000000   Code   RO          415    .ARM.Collect$$_printf_percent$$00000000  c_wu.l(_printf_percent.o)
    0x08000220   0x08000220   0x00000006   Code   RO          404    .ARM.Collect$$_printf_percent$$00000001  c_wu.l(_printf_n.o)
    0x08000226   0x08000226   0x00000006   Code   RO          406    .ARM.Collect$$_printf_percent$$00000002  c_wu.l(_printf_p.o)
    0x0800022c   0x0800022c   0x00000006   Code   RO          411    .ARM.Collect$$_printf_percent$$00000003  c_wu.l(_printf_f.o)
    0x08000232   0x08000232   0x00000006   Code   RO          412    .ARM.Collect$$_printf_percent$$00000004  c_wu.l(_printf_e.o)
    0x08000238   0x08000238   0x00000006   Code   RO          413    .ARM.Collect$$_printf_percent$$00000005  c_wu.l(_printf_g.o)
    0x0800023e   0x0800023e   0x00000006   Code   RO          414    .ARM.Collect$$_printf_percent$$00000006  c_wu.l(_printf_a.o)
    0x08000244   0x08000244   0x0000000a   Code   RO          419    .ARM.Collect$$_printf_percent$$00000007  c_wu.l(_printf_ll.o)
    0x0800024e   0x0800024e   0x00000006   Code   RO          408    .ARM.Collect$$_printf_percent$$00000008  c_wu.l(_printf_i.o)
    0x08000254   0x08000254   0x00000006   Code   RO          409    .ARM.Collect$$_printf_percent$$00000009  c_wu.l(_printf_d.o)
    0x0800025a   0x0800025a   0x00000006   Code   RO          410    .ARM.Collect$$_printf_percent$$0000000A  c_wu.l(_printf_u.o)
    0x08000260   0x08000260   0x00000006   Code   RO          407    .ARM.Collect$$_printf_percent$$0000000B  c_wu.l(_printf_o.o)
    0x08000266   0x08000266   0x00000006   Code   RO          405    .ARM.Collect$$_printf_percent$$0000000C  c_wu.l(_printf_x.o)
    0x0800026c   0x0800026c   0x00000006   Code   RO          416    .ARM.Collect$$_printf_percent$$0000000D  c_wu.l(_printf_lli.o)
    0x08000272   0x08000272   0x00000006   Code   RO          417    .ARM.Collect$$_printf_percent$$0000000E  c_wu.l(_printf_lld.o)
    0x08000278   0x08000278   0x00000006   Code   RO          418    .ARM.Collect$$_printf_percent$$0000000F  c_wu.l(_printf_llu.o)
    0x0800027e   0x0800027e   0x00000006   Code   RO          423    .ARM.Collect$$_printf_percent$$00000010  c_wu.l(_printf_llo.o)
    0x08000284   0x08000284   0x00000006   Code   RO          424    .ARM.Collect$$_printf_percent$$00000011  c_wu.l(_printf_llx.o)
    0x0800028a   0x0800028a   0x0000000a   Code   RO          420    .ARM.Collect$$_printf_percent$$00000012  c_wu.l(_printf_l.o)
    0x08000294   0x08000294   0x00000006   Code   RO          402    .ARM.Collect$$_printf_percent$$00000013  c_wu.l(_printf_c.o)
    0x0800029a   0x0800029a   0x00000006   Code   RO          403    .ARM.Collect$$_printf_percent$$00000014  c_wu.l(_printf_s.o)
    0x080002a0   0x080002a0   0x00000006   Code   RO          421    .ARM.Collect$$_printf_percent$$00000015  c_wu.l(_printf_lc.o)
    0x080002a6   0x080002a6   0x00000006   Code   RO          422    .ARM.Collect$$_printf_percent$$00000016  c_wu.l(_printf_ls.o)
    0x080002ac   0x080002ac   0x00000004   Code   RO          474    .ARM.Collect$$_printf_percent$$00000017  c_wu.l(_printf_percent_end.o)
    0x080002b0   0x080002b0   0x00000002   Code   RO          525    .ARM.Collect$$libinit$$00000000  c_wu.l(libinit.o)
    0x080002b2   0x080002b2   0x00000004   Code   RO          542    .ARM.Collect$$libinit$$00000001  c_wu.l(libinit2.o)
    0x080002b6   0x080002b6   0x00000000   Code   RO          545    .ARM.Collect$$libinit$$00000004  c_wu.l(libinit2.o)
    0x080002b6   0x080002b6   0x00000000   Code   RO          547    .ARM.Collect$$libinit$$00000006  c_wu.l(libinit2.o)
    0x080002b6   0x080002b6   0x00000000   Code   RO          550    .ARM.Collect$$libinit$$0000000C  c_wu.l(libinit2.o)
    0x080002b6   0x080002b6   0x00000000   Code   RO          552    .ARM.Collect$$libinit$$0000000E  c_wu.l(libinit2.o)
    0x080002b6   0x080002b6   0x00000000   Code   RO          554    .ARM.Collect$$libinit$$00000010  c_wu.l(libinit2.o)
    0x080002b6   0x080002b6   0x00000006   Code   RO          555    .ARM.Collect$$libinit$$00000011  c_wu.l(libinit2.o)
    0x080002bc   0x080002bc   0x00000000   Code   RO          557    .ARM.Collect$$libinit$$00000013  c_wu.l(libinit2.o)
    0x080002bc   0x080002bc   0x0000000c   Code   RO          558    .ARM.Collect$$libinit$$00000014  c_wu.l(libinit2.o)
    0x080002c8   0x080002c8   0x00000000   Code   RO          559    .ARM.Collect$$libinit$$00000015  c_wu.l(libinit2.o)
    0x080002c8   0x080002c8   0x00000000   Code   RO          561    .ARM.Collect$$libinit$$00000017  c_wu.l(libinit2.o)
    0x080002c8   0x080002c8   0x0000000a   Code   RO          562    .ARM.Collect$$libinit$$00000018  c_wu.l(libinit2.o)
    0x080002d2   0x080002d2   0x00000000   Code   RO          563    .ARM.Collect$$libinit$$00000019  c_wu.l(libinit2.o)
    0x080002d2   0x080002d2   0x00000000   Code   RO          565    .ARM.Collect$$libinit$$0000001B  c_wu.l(libinit2.o)
    0x080002d2   0x080002d2   0x00000000   Code   RO          567    .ARM.Collect$$libinit$$0000001D  c_wu.l(libinit2.o)
    0x080002d2   0x080002d2   0x00000000   Code   RO          569    .ARM.Collect$$libinit$$0000001F  c_wu.l(libinit2.o)
    0x080002d2   0x080002d2   0x00000000   Code   RO          571    .ARM.Collect$$libinit$$00000021  c_wu.l(libinit2.o)
    0x080002d2   0x080002d2   0x00000000   Code   RO          573    .ARM.Collect$$libinit$$00000023  c_wu.l(libinit2.o)
    0x080002d2   0x080002d2   0x00000000   Code   RO          575    .ARM.Collect$$libinit$$00000025  c_wu.l(libinit2.o)
    0x080002d2   0x080002d2   0x00000000   Code   RO          577    .ARM.Collect$$libinit$$00000027  c_wu.l(libinit2.o)
    0x080002d2   0x080002d2   0x00000000   Code   RO          581    .ARM.Collect$$libinit$$0000002E  c_wu.l(libinit2.o)
    0x080002d2   0x080002d2   0x00000000   Code   RO          583    .ARM.Collect$$libinit$$00000030  c_wu.l(libinit2.o)
    0x080002d2   0x080002d2   0x00000000   Code   RO          585    .ARM.Collect$$libinit$$00000032  c_wu.l(libinit2.o)
    0x080002d2   0x080002d2   0x00000000   Code   RO          587    .ARM.Collect$$libinit$$00000034  c_wu.l(libinit2.o)
    0x080002d2   0x080002d2   0x00000002   Code   RO          588    .ARM.Collect$$libinit$$00000035  c_wu.l(libinit2.o)
    0x080002d4   0x080002d4   0x00000002   Code   RO          612    .ARM.Collect$$libshutdown$$00000000  c_wu.l(libshutdown.o)
    0x080002d6   0x080002d6   0x00000000   Code   RO          627    .ARM.Collect$$libshutdown$$00000002  c_wu.l(libshutdown2.o)
    0x080002d6   0x080002d6   0x00000000   Code   RO          629    .ARM.Collect$$libshutdown$$00000004  c_wu.l(libshutdown2.o)
    0x080002d6   0x080002d6   0x00000000   Code   RO          632    .ARM.Collect$$libshutdown$$00000007  c_wu.l(libshutdown2.o)
    0x080002d6   0x080002d6   0x00000000   Code   RO          635    .ARM.Collect$$libshutdown$$0000000A  c_wu.l(libshutdown2.o)
    0x080002d6   0x080002d6   0x00000000   Code   RO          637    .ARM.Collect$$libshutdown$$0000000C  c_wu.l(libshutdown2.o)
    0x080002d6   0x080002d6   0x00000000   Code   RO          640    .ARM.Collect$$libshutdown$$0000000F  c_wu.l(libshutdown2.o)
    0x080002d6   0x080002d6   0x00000002   Code   RO          641    .ARM.Collect$$libshutdown$$00000010  c_wu.l(libshutdown2.o)
    0x080002d8   0x080002d8   0x00000000   Code   RO          333    .ARM.Collect$$rtentry$$00000000  c_wu.l(__rtentry.o)
    0x080002d8   0x080002d8   0x00000000   Code   RO          443    .ARM.Collect$$rtentry$$00000002  c_wu.l(__rtentry2.o)
    0x080002d8   0x080002d8   0x00000006   Code   RO          455    .ARM.Collect$$rtentry$$00000004  c_wu.l(__rtentry4.o)
    0x080002de   0x080002de   0x00000000   Code   RO          445    .ARM.Collect$$rtentry$$00000009  c_wu.l(__rtentry2.o)
    0x080002de   0x080002de   0x00000004   Code   RO          446    .ARM.Collect$$rtentry$$0000000A  c_wu.l(__rtentry2.o)
    0x080002e2   0x080002e2   0x00000000   Code   RO          448    .ARM.Collect$$rtentry$$0000000C  c_wu.l(__rtentry2.o)
    0x080002e2   0x080002e2   0x00000008   Code   RO          449    .ARM.Collect$$rtentry$$0000000D  c_wu.l(__rtentry2.o)
    0x080002ea   0x080002ea   0x00000002   Code   RO          533    .ARM.Collect$$rtexit$$00000000  c_wu.l(rtexit.o)
    0x080002ec   0x080002ec   0x00000000   Code   RO          590    .ARM.Collect$$rtexit$$00000002  c_wu.l(rtexit2.o)
    0x080002ec   0x080002ec   0x00000004   Code   RO          591    .ARM.Collect$$rtexit$$00000003  c_wu.l(rtexit2.o)
    0x080002f0   0x080002f0   0x00000006   Code   RO          592    .ARM.Collect$$rtexit$$00000004  c_wu.l(rtexit2.o)
    0x080002f6   0x080002f6   0x00000002   PAD
    0x080002f8   0x080002f8   0x00000040   Code   RO          283  * .text               startup_stm32f429xx.o
    0x08000338   0x08000338   0x0000002c   Code   RO          305    .text               c_wu.l(sprintf.o)
    0x08000364   0x08000364   0x00000006   Code   RO          307    .text               c_wu.l(heapauxi.o)
    0x0800036a   0x0800036a   0x0000004e   Code   RO          336    .text               c_wu.l(_printf_pad.o)
    0x080003b8   0x080003b8   0x00000024   Code   RO          338    .text               c_wu.l(_printf_truncate.o)
    0x080003dc   0x080003dc   0x00000052   Code   RO          340    .text               c_wu.l(_printf_str.o)
    0x0800042e   0x0800042e   0x00000002   PAD
    0x08000430   0x08000430   0x00000078   Code   RO          342    .text               c_wu.l(_printf_dec.o)
    0x080004a8   0x080004a8   0x00000028   Code   RO          344    .text               c_wu.l(_printf_charcount.o)
    0x080004d0   0x080004d0   0x00000030   Code   RO          346    .text               c_wu.l(_printf_char_common.o)
    0x08000500   0x08000500   0x0000000a   Code   RO          348    .text               c_wu.l(_sputc.o)
    0x0800050a   0x0800050a   0x00000002   PAD
    0x0800050c   0x0800050c   0x000000bc   Code   RO          350    .text               c_wu.l(_printf_wctomb.o)
    0x080005c8   0x080005c8   0x0000007c   Code   RO          353    .text               c_wu.l(_printf_longlong_dec.o)
    0x08000644   0x08000644   0x00000070   Code   RO          359    .text               c_wu.l(_printf_oct_int_ll.o)
    0x080006b4   0x080006b4   0x00000094   Code   RO          379    .text               c_wu.l(_printf_hex_int_ll_ptr.o)
    0x08000748   0x08000748   0x00000188   Code   RO          399    .text               c_wu.l(__printf_flags_ss_wp.o)
    0x080008d0   0x080008d0   0x0000008a   Code   RO          457    .text               c_wu.l(lludiv10.o)
    0x0800095a   0x0800095a   0x000000b2   Code   RO          459    .text               c_wu.l(_printf_intcommon.o)
    0x08000a0c   0x08000a0c   0x0000041c   Code   RO          461    .text               c_wu.l(_printf_fp_dec.o)
    0x08000e28   0x08000e28   0x000002fc   Code   RO          465    .text               c_wu.l(_printf_fp_hex.o)
    0x08001124   0x08001124   0x0000002c   Code   RO          470    .text               c_wu.l(_printf_char.o)
    0x08001150   0x08001150   0x0000002c   Code   RO          472    .text               c_wu.l(_printf_wchar.o)
    0x0800117c   0x0800117c   0x00000048   Code   RO          475    .text               c_wu.l(_c32rtomb.o)
    0x080011c4   0x080011c4   0x0000004a   Code   RO          477    .text               c_wu.l(sys_stackheap_outer.o)
    0x0800120e   0x0800120e   0x00000002   PAD
    0x08001210   0x08001210   0x00000010   Code   RO          479    .text               c_wu.l(rt_ctype_table.o)
    0x08001220   0x08001220   0x00000008   Code   RO          484    .text               c_wu.l(rt_locale_intlibspace.o)
    0x08001228   0x08001228   0x00000080   Code   RO          486    .text               c_wu.l(_printf_fp_infnan.o)
    0x080012a8   0x080012a8   0x000000e4   Code   RO          488    .text               c_wu.l(bigflt0.o)
    0x0800138c   0x0800138c   0x00000012   Code   RO          518    .text               c_wu.l(exit.o)
    0x0800139e   0x0800139e   0x00000002   PAD
    0x080013a0   0x080013a0   0x00000008   Code   RO          530    .text               c_wu.l(libspace.o)
    0x080013a8   0x080013a8   0x0000007c   Code   RO          540    .text               c_wu.l(strcmpv7em.o)
    0x08001424   0x08001424   0x0000000c   Code   RO          602    .text               c_wu.l(sys_exit.o)
    0x08001430   0x08001430   0x00000002   Code   RO          617    .text               c_wu.l(use_no_semi.o)
    0x08001432   0x08001432   0x00000000   Code   RO          619    .text               c_wu.l(indicate_semi.o)
    0x08001432   0x08001432   0x00000002   PAD
    0x08001434   0x08001434   0x0000000c   Code   RO          102    .text.ADC_Get_HeartRateBPM  adc.o
    0x08001440   0x08001440   0x0000009e   Code   RO          110    .text.ADC_Get_MinMax  adc.o
    0x080014de   0x080014de   0x00000002   PAD
    0x080014e0   0x080014e0   0x0000002c   Code   RO           98    .text.ADC_HeartRate_Init  adc.o
    0x0800150c   0x0800150c   0x0000011a   Code   RO          100    .text.ADC_HeartRate_Update  adc.o
    0x08001626   0x08001626   0x00000002   PAD
    0x08001628   0x08001628   0x00000022   Code   RO          265    .text.Absolute      i2c.o
    0x0800164a   0x0800164a   0x00000002   PAD
    0x0800164c   0x0800164c   0x000000a2   Code   RO           24    .text.BAR_INIT      led.o
    0x080016ee   0x080016ee   0x00000002   PAD
    0x080016f0   0x080016f0   0x0000000c   Code   RO          178    .text.BUZZ_INIT     buzz.o
    0x080016fc   0x080016fc   0x00000088   Code   RO          196    .text.Buttons_init  button.o
    0x08001784   0x08001784   0x0000001e   Code   RO           46    .text.DAC2_DC       dac.o
    0x080017a2   0x080017a2   0x00000002   PAD
    0x080017a4   0x080017a4   0x00000040   Code   RO           44    .text.DAC_INIT      dac.o
    0x080017e4   0x080017e4   0x0000002e   Code   RO          129    .text.Delay         tim.o
    0x08001812   0x08001812   0x00000002   PAD
    0x08001814   0x08001814   0x0000005c   Code   RO          200    .text.EXTI0_IRQHandler  button.o
    0x08001870   0x08001870   0x000000a2   Code   RO          208    .text.EXTI15_10_IRQHandler  button.o
    0x08001912   0x08001912   0x00000002   PAD
    0x08001914   0x08001914   0x00000032   Code   RO          202    .text.EXTI1_IRQHandler  button.o
    0x08001946   0x08001946   0x00000002   PAD
    0x08001948   0x08001948   0x00000060   Code   RO          204    .text.EXTI2_IRQHandler  button.o
    0x080019a8   0x080019a8   0x00000032   Code   RO          206    .text.EXTI3_IRQHandler  button.o
    0x080019da   0x080019da   0x00000002   PAD
    0x080019dc   0x080019dc   0x00000010   Code   RO          198    .text.Hold          button.o
    0x080019ec   0x080019ec   0x00000132   Code   RO          263    .text.IMU_INIT      i2c.o
    0x08001b1e   0x08001b1e   0x00000002   PAD
    0x08001b20   0x08001b20   0x00000072   Code   RO           92    .text.Init_ADC      adc.o
    0x08001b92   0x08001b92   0x00000002   PAD
    0x08001b94   0x08001b94   0x0000005a   Code   RO          172    .text.Init_BuzzBuzz  buzz.o
    0x08001bee   0x08001bee   0x00000002   PAD
    0x08001bf0   0x08001bf0   0x0000005c   Code   RO          127    .text.Init_Timer2   tim.o
    0x08001c4c   0x08001c4c   0x00000060   Code   RO          174    .text.Init_Timer7   buzz.o
    0x08001cac   0x08001cac   0x000000d8   Code   RO          143    .text.Init_USART    usart.o
    0x08001d84   0x08001d84   0x0000008e   Code   RO           71    .text.LCD_INIT      lcd.o
    0x08001e12   0x08001e12   0x00000002   PAD
    0x08001e14   0x08001e14   0x0000002e   Code   RO           69    .text.LCD_strobe    lcd.o
    0x08001e42   0x08001e42   0x00000002   PAD
    0x08001e44   0x08001e44   0x000000ea   Code   RO           14    .text.LED_INIT      led.o
    0x08001f2e   0x08001f2e   0x00000002   PAD
    0x08001f30   0x08001f30   0x000000be   Code   RO          267    .text.MovementDetected  i2c.o
    0x08001fee   0x08001fee   0x00000002   PAD
    0x08001ff0   0x08001ff0   0x0000001c   Code   RO           20    .text.OFFBOARD_LED_ON  led.o
    0x0800200c   0x0800200c   0x0000001e   Code   RO           18    .text.ONBOARD_LED_OFF  led.o
    0x0800202a   0x0800202a   0x00000002   PAD
    0x0800202c   0x0800202c   0x0000001c   Code   RO           16    .text.ONBOARD_LED_ON  led.o
    0x08002048   0x08002048   0x000000b4   Code   RO            2    .text.PLL_Config    main.o
    0x080020fc   0x080020fc   0x00000054   Code   RO           30    .text.SEG_INIT      led.o
    0x08002150   0x08002150   0x0000018a   Code   RO          240    .text.SPI1_IRQHandler  spi.o
    0x080022da   0x080022da   0x00000002   PAD
    0x080022dc   0x080022dc   0x0000004c   Code   RO          222    .text.SPL06_GPIO_SPI_Init  spi.o
    0x08002328   0x08002328   0x0000003a   Code   RO          220    .text.SPL06_Init    spi.o
    0x08002362   0x08002362   0x00000002   PAD
    0x08002364   0x08002364   0x00000120   Code   RO          236    .text.SPL06_ProcessRaw  spi.o
    0x08002484   0x08002484   0x00000190   Code   RO          230    .text.SPL06_ReadCalibrationCoefficients  spi.o
    0x08002614   0x08002614   0x0000007e   Code   RO          234    .text.SPL06_ReadRegister  spi.o
    0x08002692   0x08002692   0x00000002   PAD
    0x08002694   0x08002694   0x00000038   Code   RO          224    .text.SPL06_SPI1_Init  spi.o
    0x080026cc   0x080026cc   0x00000056   Code   RO          226    .text.SPL06_TIM3_Init  spi.o
    0x08002722   0x08002722   0x00000002   PAD
    0x08002724   0x08002724   0x0000007c   Code   RO          228    .text.SPL06_WriteRegister  spi.o
    0x080027a0   0x080027a0   0x0000012e   Code   RO          292    .text.SystemCoreClockUpdate  system_stm32f4xx.o
    0x080028ce   0x080028ce   0x00000002   PAD
    0x080028d0   0x080028d0   0x0000006e   Code   RO          290    .text.SystemInit    system_stm32f4xx.o
    0x0800293e   0x0800293e   0x00000002   PAD
    0x08002940   0x08002940   0x0000001e   Code   RO          131    .text.TIM2_IRQHandler  tim.o
    0x0800295e   0x0800295e   0x00000002   PAD
    0x08002960   0x08002960   0x00000066   Code   RO          238    .text.TIM3_IRQHandler  spi.o
    0x080029c6   0x080029c6   0x00000002   PAD
    0x080029c8   0x080029c8   0x000000ae   Code   RO          180    .text.TIM7_IRQHandler  buzz.o
    0x08002a76   0x08002a76   0x00000002   PAD
    0x08002a78   0x08002a78   0x00000092   Code   RO           57    .text.WaitLcdBusy   lcd.o
    0x08002b0a   0x08002b0a   0x00000002   PAD
    0x08002b0c   0x08002b0c   0x000000a2   Code   RO           26    .text.Write_RGB_LEDBus  led.o
    0x08002bae   0x08002bae   0x00000002   PAD
    0x08002bb0   0x08002bb0   0x0000002a   Code   RO          176    .text.__NVIC_EnableIRQ  buzz.o
    0x08002bda   0x08002bda   0x00000002   PAD
    0x08002bdc   0x08002bdc   0x0000002a   Code   RO          194    .text.__NVIC_EnableIRQ  button.o
    0x08002c06   0x08002c06   0x00000002   PAD
    0x08002c08   0x08002c08   0x0000002a   Code   RO          232    .text.__NVIC_EnableIRQ  spi.o
    0x08002c32   0x08002c32   0x00000002   PAD
    0x08002c34   0x08002c34   0x00000046   Code   RO          104    .text.buffdate      adc.o
    0x08002c7a   0x08002c7a   0x00000002   PAD
    0x08002c7c   0x08002c7c   0x00000030   Code   RO           65    .text.cmdLCD        lcd.o
    0x08002cac   0x08002cac   0x00000040   Code   RO           73    .text.createHeartCharacter  lcd.o
    0x08002cec   0x08002cec   0x00000040   Code   RO           75    .text.createInverseHeartCharacter  lcd.o
    0x08002d2c   0x08002d2c   0x00000094   Code   RO          151    .text.display_menu  usart.o
    0x08002dc0   0x08002dc0   0x00000030   Code   RO          108    .text.get_ADC_voltage  adc.o
    0x08002df0   0x08002df0   0x0000004e   Code   RO          106    .text.getbpm        adc.o
    0x08002e3e   0x08002e3e   0x00000002   PAD
    0x08002e40   0x08002e40   0x00000010   Code   RO          159    .text.hide_cursor   usart.o
    0x08002e50   0x08002e50   0x0000004e   Code   RO           96    .text.hr_ComputeAverage  adc.o
    0x08002e9e   0x08002e9e   0x00000002   PAD
    0x08002ea0   0x08002ea0   0x00000090   Code   RO          192    .text.interrupt_init  button.o
    0x08002f30   0x08002f30   0x00000050   Code   RO           55    .text.lcd_delayus   lcd.o
    0x08002f80   0x08002f80   0x000000f6   Code   RO            4    .text.main          main.o
    0x08003076   0x08003076   0x00000002   PAD
    0x08003078   0x08003078   0x00000024   Code   RO           59    .text.printLCD      lcd.o
    0x0800309c   0x0800309c   0x00000128   Code   RO          157    .text.process_input  usart.o
    0x080031c4   0x080031c4   0x00000030   Code   RO           61    .text.putLCD        lcd.o
    0x080031f4   0x080031f4   0x00000034   Code   RO           94    .text.read_adc      adc.o
    0x08003228   0x08003228   0x00000178   Code   RO          269    .text.read_sensor   i2c.o
    0x080033a0   0x080033a0   0x00000034   Code   RO          155    .text.receive_usart  usart.o
    0x080033d4   0x080033d4   0x0000002a   Code   RO          147    .text.send_string   usart.o
    0x080033fe   0x080033fe   0x00000002   PAD
    0x08003400   0x08003400   0x00000044   Code   RO          145    .text.send_usart    usart.o
    0x08003444   0x08003444   0x00000062   Code   RO           34    .text.setDigit      led.o
    0x080034a6   0x080034a6   0x00000002   PAD
    0x080034a8   0x080034a8   0x0000001a   Code   RO           67    .text.set_LCD_data  lcd.o
    0x080034c2   0x080034c2   0x00000006   PAD
    0x080034c8   0x080034c8   0x00000310   Code   RO           77    .text.update_LCD    lcd.o
    0x080037d8   0x080037d8   0x000000f8   Code   RO           28    .text.update_RGB_bar_from_HR  led.o
    0x080038d0   0x080038d0   0x000002ec   Code   RO          153    .text.update_menu   usart.o
    0x08003bbc   0x08003bbc   0x0000003e   Code   RO          491    CL$$btod_d2e        c_wu.l(btod.o)
    0x08003bfa   0x08003bfa   0x00000046   Code   RO          493    CL$$btod_d2e_denorm_low  c_wu.l(btod.o)
    0x08003c40   0x08003c40   0x00000060   Code   RO          492    CL$$btod_d2e_norm_op1  c_wu.l(btod.o)
    0x08003ca0   0x08003ca0   0x00000338   Code   RO          501    CL$$btod_div_common  c_wu.l(btod.o)
    0x08003fd8   0x08003fd8   0x000000dc   Code   RO          498    CL$$btod_e2e        c_wu.l(btod.o)
    0x080040b4   0x080040b4   0x0000002a   Code   RO          495    CL$$btod_ediv       c_wu.l(btod.o)
    0x080040de   0x080040de   0x0000002a   Code   RO          494    CL$$btod_emul       c_wu.l(btod.o)
    0x08004108   0x08004108   0x00000244   Code   RO          500    CL$$btod_mult_common  c_wu.l(btod.o)
    0x0800434c   0x0800434c   0x00000030   Code   RO          528    i.__ARM_fpclassify  m_wm.l(fpclassify.o)
    0x0800437c   0x0800437c   0x0000000e   Code   RO          392    i._is_digit         c_wu.l(__printf_wp.o)
    0x0800438a   0x0800438a   0x00000002   PAD
    0x0800438c   0x0800438c   0x0000002c   Code   RO          516    locale$$code        c_wu.l(lc_numeric_c.o)
    0x080043b8   0x080043b8   0x0000002c   Code   RO          538    locale$$code        c_wu.l(lc_ctype_c.o)
    0x080043e4   0x080043e4   0x00000150   Code   RO          313    x$fpl$dadd          fz_wm.l(daddsub_clz.o)
    0x08004534   0x08004534   0x0000009c   Code   RO          425    x$fpl$dnaninf       fz_wm.l(dnaninf.o)
    0x080045d0   0x080045d0   0x0000000c   Code   RO          427    x$fpl$dretinf       fz_wm.l(dretinf.o)
    0x080045dc   0x080045dc   0x000001dc   Code   RO          315    x$fpl$dsub          fz_wm.l(daddsub_clz.o)
    0x080047b8   0x080047b8   0x00000056   Code   RO          331    x$fpl$f2d           fz_wm.l(f2d.o)
    0x0800480e   0x0800480e   0x0000008c   Code   RO          429    x$fpl$fnaninf       fz_wm.l(fnaninf.o)
    0x0800489a   0x0800489a   0x0000001a   Code   RO          600    x$fpl$fpinit        fz_wm.l(fpinit.o)
    0x080048b4   0x080048b4   0x00000004   Code   RO          433    x$fpl$printf1       fz_wm.l(printf1.o)
    0x080048b8   0x080048b8   0x00000004   Code   RO          435    x$fpl$printf2       fz_wm.l(printf2.o)
    0x080048bc   0x080048bc   0x00000000   Code   RO          441    x$fpl$usenofp       fz_wm.l(usenofp.o)
    0x080048bc   0x080048bc   0x00000008   Data   RO          351    .constdata          c_wu.l(_printf_wctomb.o)
    0x080048c4   0x080048c4   0x00000028   Data   RO          380    .constdata          c_wu.l(_printf_hex_int_ll_ptr.o)
    0x080048ec   0x080048ec   0x00000011   Data   RO          400    .constdata          c_wu.l(__printf_flags_ss_wp.o)
    0x080048fd   0x080048fd   0x00000026   Data   RO          466    .constdata          c_wu.l(_printf_fp_hex.o)
    0x08004923   0x08004923   0x00000001   PAD
    0x08004924   0x08004924   0x00000094   Data   RO          489    .constdata          c_wu.l(bigflt0.o)
    0x080049b8   0x080049b8   0x00000010   Data   RO          295    .rodata.AHBPrescTable  system_stm32f4xx.o
    0x080049c8   0x080049c8   0x00000028   Data   RO           36    .rodata.LED_Values  led.o
    0x080049f0   0x080049f0   0x00000064   Data   RO           80    .rodata.str1.1      lcd.o
    0x08004a54   0x08004a54   0x000001fd   Data   RO          161    .rodata.str1.1      usart.o
    0x08004c51   0x08004c51   0x00000003   PAD
    0x08004c54   0x08004c54   0x00000020   Data   RO          675    Region$$Table       anon$$obj.o
    0x08004c74   0x08004c74   0x0000001c   Data   RO          515    locale$$data        c_wu.l(lc_numeric_c.o)
    0x08004c90   0x08004c90   0x00000110   Data   RO          537    locale$$data        c_wu.l(lc_ctype_c.o)


    Execution Region ER_RW (Exec base: 0x20000000, Load base: 0x08004da0, Size: 0x00000080, Max: 0xffffffff, ABSOLUTE)

    Exec Addr    Load Addr    Size         Type   Attr      Idx    E Section Name        Object

    0x20000000   0x08004da0   0x00000004   Data   RW          294    .data.SystemCoreClock  system_stm32f4xx.o
    0x20000004   0x08004da4   0x00000078   Data   RW          118    .data.big_sampleBuffer  adc.o
    0x2000007c   0x08004e1c   0x00000001   Data   RW          163    .data.selected_menu  usart.o


    Execution Region ER_ZI (Exec base: 0x20000080, Load base: 0x08004e20, Size: 0x000007e8, Max: 0xffffffff, ABSOLUTE)

    Exec Addr    Load Addr    Size         Type   Attr      Idx    E Section Name        Object

    0x20000080        -       0x00000060   Zero   RW          531    .bss                c_wu.l(libspace.o)
    0x200000e0        -       0x0000001e   Zero   RW          164    .bss.HR             usart.o
    0x200000fe   0x08004e20   0x00000002   PAD
    0x20000100        -       0x00000004   Zero   RW          210    .bss.Menu           button.o
    0x20000104        -       0x00000002   Zero   RW          271    .bss.MovementDetected.last_Ax  i2c.o
    0x20000106        -       0x00000002   Zero   RW          272    .bss.MovementDetected.last_Ay  i2c.o
    0x20000108        -       0x00000002   Zero   RW          273    .bss.MovementDetected.last_Az  i2c.o
    0x2000010a        -       0x0000001e   Zero   RW           81    .bss.TEMP           lcd.o
    0x20000128        -       0x00000004   Zero   RW          112    .bss.adcVal         adc.o
    0x2000012c        -       0x00000004   Zero   RW          184    .bss.beep           buzz.o
    0x20000130        -       0x00000004   Zero   RW          119    .bss.buff_index     adc.o
    0x20000134        -       0x00000004   Zero   RW          245    .bss.c0             spi.o
    0x20000138        -       0x00000004   Zero   RW          247    .bss.c00            spi.o
    0x2000013c        -       0x00000004   Zero   RW          249    .bss.c01            spi.o
    0x20000140        -       0x00000004   Zero   RW          246    .bss.c1             spi.o
    0x20000144        -       0x00000004   Zero   RW          248    .bss.c10            spi.o
    0x20000148        -       0x00000004   Zero   RW          250    .bss.c11            spi.o
    0x2000014c        -       0x00000004   Zero   RW          251    .bss.c20            spi.o
    0x20000150        -       0x00000004   Zero   RW          252    .bss.c21            spi.o
    0x20000154        -       0x00000004   Zero   RW          253    .bss.c30            spi.o
    0x20000158        -       0x00000004   Zero   RW          183    .bss.counter        buzz.o
    0x2000015c        -       0x00000001   Zero   RW          117    .bss.hr_beatTriggered  adc.o
    0x2000015d   0x08004e20   0x00000003   PAD
    0x20000160        -       0x00000004   Zero   RW          116    .bss.hr_currentBPM  adc.o
    0x20000164        -       0x00000004   Zero   RW          115    .bss.hr_prevBeatTime  adc.o
    0x20000168        -       0x000000c8   Zero   RW          113    .bss.hr_sampleBuffer  adc.o
    0x20000230        -       0x00000001   Zero   RW          114    .bss.hr_sampleIndex  adc.o
    0x20000231   0x08004e20   0x00000003   PAD
    0x20000234        -       0x00000004   Zero   RW          243    .bss.latest_pressure  spi.o
    0x20000238        -       0x00000004   Zero   RW          244    .bss.latest_temperature  spi.o
    0x2000023c        -       0x00000004   Zero   RW           83    .bss.maxVal         lcd.o
    0x20000240        -       0x00000004   Zero   RW           82    .bss.minVal         lcd.o
    0x20000244        -       0x00000004   Zero   RW          182    .bss.onoff          buzz.o
    0x20000248        -       0x00000004   Zero   RW          211    .bss.pressed        button.o
    0x2000024c        -       0x00000007   Zero   RW          255    .bss.spi_rx_buf     spi.o
    0x20000253        -       0x00000001   Zero   RW          254    .bss.spi_rx_index   spi.o
    0x20000254        -       0x00000004   Zero   RW          242    .bss.spi_state      spi.o
    0x20000258        -       0x00000004   Zero   RW          212    .bss.start          button.o
    0x2000025c        -       0x00000004   Zero   RW          135    .bss.timer_tick     tim.o
    0x20000260        -       0x00000004   Zero   RW           79    .bss.toggle         lcd.o
    0x20000264   0x08004e20   0x00000004   PAD
    0x20000268        -       0x00000200   Zero   RW          281    HEAP                startup_stm32f429xx.o
    0x20000468        -       0x00000400   Zero   RW          280    STACK               startup_stm32f429xx.o


==============================================================================

Image component sizes


      Code (inc. data)   RO Data    RW Data    ZI Data      Debug   Object Name

       936          8          0        120        218       3933   adc.o
       788          0          0          0         12       5920   button.o
       414          0          0          0         12       5130   buzz.o
        94          0          0          0          0       2096   dac.o
       906          0          0          0          6       3058   i2c.o
      1484          8        100          0         42       3837   lcd.o
      1074          8         40          0          0       3530   led.o
       426          0          0          0          0       2048   main.o
      1752          4          0          0         56       7384   spi.o
        64         26        428          0       1536        888   startup_stm32f429xx.o
       412          0         16          4          0       2763   system_stm32f4xx.o
       168          0          0          0          4       2756   tim.o
      1586         66        509          1         30       4027   usart.o

    ----------------------------------------------------------------------
     10184        120       1128        128       1928      47370   Object Totals
         0          0         32          0          0          0   (incl. Generated)
        80          0          3          3         12          0   (incl. Padding)

    ----------------------------------------------------------------------

      Code (inc. data)   RO Data    RW Data    ZI Data      Debug   Library Member Name

         8          0          0          0          0         68   __main.o
       392          4         17          0          0         92   __printf_flags_ss_wp.o
        14          0          0          0          0         68   __printf_wp.o
         0          0          0          0          0          0   __rtentry.o
        12          0          0          0          0          0   __rtentry2.o
         6          0          0          0          0          0   __rtentry4.o
        52          8          0          0          0          0   __scatter.o
        26          0          0          0          0          0   __scatter_copy.o
        28          0          0          0          0          0   __scatter_zi.o
        72          0          0          0          0         96   _c32rtomb.o
         6          0          0          0          0          0   _printf_a.o
         6          0          0          0          0          0   _printf_c.o
        44          0          0          0          0        108   _printf_char.o
        48          6          0          0          0         96   _printf_char_common.o
        40          0          0          0          0         68   _printf_charcount.o
         6          0          0          0          0          0   _printf_d.o
       120         16          0          0          0         92   _printf_dec.o
         6          0          0          0          0          0   _printf_e.o
         6          0          0          0          0          0   _printf_f.o
      1052          0          0          0          0        148   _printf_fp_dec.o
       764          8         38          0          0        100   _printf_fp_hex.o
       128         16          0          0          0         84   _printf_fp_infnan.o
         6          0          0          0          0          0   _printf_g.o
       148          4         40          0          0        160   _printf_hex_int_ll_ptr.o
         6          0          0          0          0          0   _printf_i.o
       178          0          0          0          0         88   _printf_intcommon.o
        10          0          0          0          0          0   _printf_l.o
         6          0          0          0          0          0   _printf_lc.o
        10          0          0          0          0          0   _printf_ll.o
         6          0          0          0          0          0   _printf_lld.o
         6          0          0          0          0          0   _printf_lli.o
         6          0          0          0          0          0   _printf_llo.o
         6          0          0          0          0          0   _printf_llu.o
         6          0          0          0          0          0   _printf_llx.o
       124         16          0          0          0         92   _printf_longlong_dec.o
         6          0          0          0          0          0   _printf_ls.o
         6          0          0          0          0          0   _printf_n.o
         6          0          0          0          0          0   _printf_o.o
       112          8          0          0          0        124   _printf_oct_int_ll.o
         6          0          0          0          0          0   _printf_p.o
        78          0          0          0          0        108   _printf_pad.o
         0          0          0          0          0          0   _printf_percent.o
         4          0          0          0          0          0   _printf_percent_end.o
         6          0          0          0          0          0   _printf_s.o
        82          0          0          0          0         80   _printf_str.o
        36          0          0          0          0         84   _printf_truncate.o
         6          0          0          0          0          0   _printf_u.o
        44          0          0          0          0        108   _printf_wchar.o
       188          6          8          0          0         92   _printf_wctomb.o
         6          0          0          0          0          0   _printf_x.o
        10          0          0          0          0         68   _sputc.o
       228          4        148          0          0         96   bigflt0.o
      1936        128          0          0          0        668   btod.o
        18          0          0          0          0         80   exit.o
         6          0          0          0          0        152   heapauxi.o
         0          0          0          0          0          0   indicate_semi.o
        44         10        272          0          0         76   lc_ctype_c.o
        44         10         28          0          0         76   lc_numeric_c.o
         2          0          0          0          0          0   libinit.o
        34          0          0          0          0          0   libinit2.o
         2          0          0          0          0          0   libshutdown.o
         2          0          0          0          0          0   libshutdown2.o
         8          4          0          0         96         68   libspace.o
       138          0          0          0          0         80   lludiv10.o
        16          4          0          0          0         76   rt_ctype_table.o
         8          4          0          0          0         68   rt_locale_intlibspace.o
         2          0          0          0          0          0   rtexit.o
        10          0          0          0          0          0   rtexit2.o
        44          6          0          0          0         84   sprintf.o
       124          0          0          0          0         88   strcmpv7em.o
        12          4          0          0          0         68   sys_exit.o
        74          0          0          0          0         80   sys_stackheap_outer.o
         2          0          0          0          0         68   use_no_semi.o
       812         16          0          0          0        392   daddsub_clz.o
       156          4          0          0          0        140   dnaninf.o
        12          0          0          0          0        116   dretinf.o
        86          4          0          0          0        132   f2d.o
       140          4          0          0          0        132   fnaninf.o
        26          0          0          0          0        116   fpinit.o
         4          0          0          0          0        116   printf1.o
         4          0          0          0          0        116   printf2.o
         0          0          0          0          0          0   usenofp.o
        48          0          0          0          0        124   fpclassify.o

    ----------------------------------------------------------------------
      8008        294        552          0         96       5236   Library Totals
        16          0          1          0          0          0   (incl. Padding)

    ----------------------------------------------------------------------

      Code (inc. data)   RO Data    RW Data    ZI Data      Debug   Library Name

      6704        266        551          0         96       3852   c_wu.l
      1240         28          0          0          0       1260   fz_wm.l
        48          0          0          0          0        124   m_wm.l

    ----------------------------------------------------------------------
      8008        294        552          0         96       5236   Library Totals

    ----------------------------------------------------------------------

==============================================================================


      Code (inc. data)   RO Data    RW Data    ZI Data      Debug   

     18192        414       1680        128       2024      49558   Grand Totals
     18192        414       1680        128       2024      49558   ELF Image Totals
     18192        414       1680        128          0          0   ROM Totals

==============================================================================

    Total RO  Size (Code + RO Data)                19872 (  19.41kB)
    Total RW  Size (RW Data + ZI Data)              2152 (   2.10kB)
    Total ROM Size (Code + RO Data + RW Data)      20000 (  19.53kB)

==============================================================================

